Component: ARM Compiler 5.06 update 7 (build 960) Tool: armlink [4d3601]

==============================================================================

Section Cross References

    main.o(.text) refers to system_swm181.o(.text) for SystemInit
    main.o(.text) refers to uidiv.o(.text) for __aeabi_uidivmod
    main.o(.text) refers to swm181_timr.o(.text) for TIMR_Init
    main.o(.text) refers to swm181_irqmux.o(.text) for IRQ_Connect
    main.o(.text) refers to uart1.o(.text) for uart1_init
    main.o(.text) refers to uart2.o(.text) for uart2_init
    main.o(.text) refers to io.o(.text) for IO_Init
    main.o(.text) refers to driver.o(.text) for DRIVER_Init
    main.o(.text) refers to adc.o(.text) for adc_Init
    main.o(.text) refers to pid.o(.text) for PID_Init
    main.o(.text) refers to timer.o(.text) for task
    main.o(.text) refers to judge.o(.text) for judge1
    main.o(.text) refers to swm181_gpio.o(.text) for GPIO_SetBit
    main.o(.text) refers to up.o(.text) for up
    main.o(.text) refers to send.o(.text) for send_0
    main.o(.text) refers to system_swm181.o(.data) for SystemCoreClock
    main.o(.text) refers to uart1.o(.data) for flag1
    main.o(.text) refers to uart2.o(.data) for CapacitiveScreen
    main.o(.text) refers to up.o(.data) for upintnubflag
    main.o(.text) refers to pid.o(.data) for stage1
    main.o(.text) refers to timer.o(.data) for taskflag
    delay.o(.text) refers to swm181_timr.o(.text) for TIMR_INTClr
    delay.o(.text) refers to send.o(.text) for MCU_t_screen
    delay.o(.text) refers to delay.o(.data) for Flag_Systick
    io.o(.text) refers to swm181_gpio.o(.text) for GPIO_Init
    judge.o(.text) refers to uart2.o(.bss) for UART2_RX_BUF
    judge.o(.text) refers to judge.o(.data) for Res4_2
    judge.o(.text) refers to uart1.o(.bss) for UART1_RX_BUF
    pid.o(.text) refers to d2f.o(.text) for __aeabi_d2f
    pid.o(.text) refers to ddiv.o(.text) for __aeabi_ddiv
    pid.o(.text) refers to dfltui.o(.text) for __aeabi_ui2d
    pid.o(.text) refers to dadd.o(.text) for __aeabi_dsub
    pid.o(.text) refers to dmul.o(.text) for __aeabi_dmul
    pid.o(.text) refers to dflti.o(.text) for __aeabi_i2d
    pid.o(.text) refers to cdrcmple.o(.text) for __aeabi_cdrcmple
    pid.o(.text) refers to dfixi.o(.text) for __aeabi_d2iz
    pid.o(.text) refers to fflti.o(.text) for __aeabi_i2f
    pid.o(.text) refers to fadd.o(.text) for __aeabi_fsub
    pid.o(.text) refers to fmul.o(.text) for __aeabi_fmul
    pid.o(.text) refers to ffixi.o(.text) for __aeabi_f2iz
    pid.o(.text) refers to uart2.o(.data) for CapacitiveScreen
    pid.o(.text) refers to pid.o(.bss) for pid
    pid.o(.text) refers to measure.o(.data) for TEMP
    pid.o(.text) refers to pid.o(.data) for flag_T
    pid.o(.text) refers to up.o(.data) for SETTIME
    send.o(.text) refers to swm181_uart.o(.text) for UART_WriteByte
    send.o(.text) refers to pid.o(.text) for PID_realize
    send.o(.text) refers to adc.o(.text) for Get_Adc_Average
    send.o(.text) refers to dflti.o(.text) for __aeabi_i2d
    send.o(.text) refers to dfixi.o(.text) for __aeabi_d2iz
    send.o(.text) refers to idiv.o(.text) for __aeabi_idivmod
    send.o(.text) refers to send.o(.data) for dacval
    send.o(.text) refers to measure.o(.data) for TEMP
    send.o(.text) refers to adc.o(.data) for Temp_2
    send.o(.text) refers to uart2.o(.data) for CapacitiveScreen
    timer.o(.text) refers to swm181_timr.o(.text) for TIMR_INTClr
    timer.o(.text) refers to swm181_gpio.o(.text) for GPIO_SetBit
    timer.o(.text) refers to dfixui.o(.text) for __aeabi_d2uiz
    timer.o(.text) refers to cdrcmple.o(.text) for __aeabi_cdrcmple
    timer.o(.text) refers to idiv.o(.text) for __aeabi_idivmod
    timer.o(.text) refers to swm181_pwm.o(.text) for PWM_SetCycle
    timer.o(.text) refers to timer.o(.data) for taskflag
    timer.o(.text) refers to up.o(.data) for upinitflag
    timer.o(.text) refers to uart2.o(.data) for CapacitiveScreen
    timer.o(.text) refers to measure.o(.data) for TEMP_2
    uart1.o(.text) refers to swm181_uart.o(.text) for UART_WriteByte
    uart1.o(.text) refers to swm181_port.o(.text) for PORT_Init
    uart1.o(.text) refers to swm181_irqmux.o(.text) for IRQ_Connect
    uart1.o(.text) refers to memcpya.o(.text) for __aeabi_memcpy
    uart1.o(.text) refers to uart1.o(.data) for UART1_RX_STA
    uart1.o(.text) refers to uart1.o(.bss) for UART1_RX_BUF
    uart2.o(.text) refers to swm181_port.o(.text) for PORT_Init
    uart2.o(.text) refers to swm181_uart.o(.text) for UART_Init
    uart2.o(.text) refers to swm181_irqmux.o(.text) for IRQ_Connect
    uart2.o(.text) refers to memcpya.o(.text) for __aeabi_memcpy
    uart2.o(.text) refers to uart2.o(.data) for UART2_RX_STA
    uart2.o(.text) refers to uart2.o(.bss) for UART2_RX_BUF
    uart2.o(.text) refers to up.o(.data) for SETTIME
    up.o(.text) refers to send.o(.text) for send_100
    up.o(.text) refers to up.o(.data) for upinitflag
    up.o(.text) refers to pid.o(.bss) for pid
    up.o(.text) refers to uart2.o(.data) for CapacitiveScreen
    up.o(.text) refers to timer.o(.data) for flag_up_s
    adc.o(.text) refers to swm181_port.o(.text) for PORT_Init
    adc.o(.text) refers to swm181_sdadc.o(.text) for SDADC_Init
    adc.o(.text) refers to swm181_irqmux.o(.text) for IRQ_Connect
    adc.o(.text) refers to uidiv.o(.text) for __aeabi_uidivmod
    adc.o(.text) refers to swm181_timr.o(.text) for TIMR_Init
    adc.o(.text) refers to dflti.o(.text) for __aeabi_i2d
    adc.o(.text) refers to fflti.o(.text) for __aeabi_i2f
    adc.o(.text) refers to f2d.o(.text) for __aeabi_f2d
    adc.o(.text) refers to dmul.o(.text) for __aeabi_dmul
    adc.o(.text) refers to ddiv.o(.text) for __aeabi_ddiv
    adc.o(.text) refers to dadd.o(.text) for __aeabi_dsub
    adc.o(.text) refers to d2f.o(.text) for __aeabi_d2f
    adc.o(.text) refers to dfixi.o(.text) for __aeabi_d2iz
    adc.o(.text) refers to idiv.o(.text) for __aeabi_idivmod
    adc.o(.text) refers to system_swm181.o(.data) for SystemCoreClock
    adc.o(.text) refers to adc.o(.bss) for SDADC_Result
    adc.o(.text) refers to adc.o(.data) for Temp
    measure.o(.text) refers to idiv.o(.text) for __aeabi_idivmod
    measure.o(.text) refers to adc.o(.text) for Get_Adc_Average
    measure.o(.text) refers to dflti.o(.text) for __aeabi_i2d
    measure.o(.text) refers to fflti.o(.text) for __aeabi_i2f
    measure.o(.text) refers to f2d.o(.text) for __aeabi_f2d
    measure.o(.text) refers to dmul.o(.text) for __aeabi_dmul
    measure.o(.text) refers to ddiv.o(.text) for __aeabi_ddiv
    measure.o(.text) refers to dadd.o(.text) for __aeabi_dsub
    measure.o(.text) refers to dfixi.o(.text) for __aeabi_d2iz
    measure.o(.text) refers to measure.o(.data) for Point_Adc
    measure.o(.text) refers to measure.o(.bss) for Buf_ADC_1
    driver.o(.text) refers to swm181_pwm.o(.text) for PWM_Init
    driver.o(.text) refers to swm181_port.o(.text) for PORT_Init
    driver.o(.text) refers to swm181_gpio.o(.text) for GPIO_Init
    system_swm181.o(.text) refers to uidiv.o(.text) for __aeabi_uidivmod
    system_swm181.o(.text) refers to swm181_port.o(.text) for PORT_Init
    system_swm181.o(.text) refers to system_swm181.o(i.__ARM_common_switch8) for __ARM_common_switch8
    system_swm181.o(.text) refers to system_swm181.o(.data) for SystemCoreClock
    startup_swm181.o(RESET) refers to startup_swm181.o(STACK) for Stack_Mem
    startup_swm181.o(RESET) refers to startup_swm181.o(.text) for Reset_Handler
    startup_swm181.o(RESET) refers to uart1.o(.text) for IRQ1_Handler
    startup_swm181.o(RESET) refers to adc.o(.text) for IRQ3_Handler
    startup_swm181.o(RESET) refers to timer.o(.text) for IRQ4_Handler
    startup_swm181.o(RESET) refers to delay.o(.text) for IRQ5_Handler
    startup_swm181.o(RESET) refers to uart2.o(.text) for IRQ10_Handler
    startup_swm181.o(.text) refers to entry.o(.ARM.Collect$$$$00000000) for __main
    swm181_can.o(.text) refers to uidiv.o(.text) for __aeabi_uidivmod
    swm181_can.o(.text) refers to system_swm181.o(.data) for SystemCoreClock
    swm181_cordic.o(.text) refers to swm181_div.o(.text) for DIV_Init
    swm181_dma.o(.text) refers to system_swm181.o(i.__ARM_common_switch8) for __ARM_common_switch8
    swm181_flash.o(.text) refers to swm181_cache.o(.text) for CACHE_Invalid
    swm181_flash.o(.text) refers to swm181_flash.o(.data) for IAPfunc
    swm181_gpio.o(.text) refers to swm181_port.o(.text) for PORT_Init
    swm181_i2c.o(.text) refers to uidiv.o(.text) for __aeabi_uidivmod
    swm181_i2c.o(.text) refers to system_swm181.o(.data) for SystemCoreClock
    swm181_sdadc.o(.text) refers to swm181_port.o(.text) for PORT_Init
    swm181_slcd.o(.text) refers to uidiv.o(.text) for __aeabi_uidivmod
    swm181_slcd.o(.text) refers to system_swm181.o(.data) for SystemCoreClock
    swm181_sleep.o(.emb_text) refers to swm181_sleep.o(.data) for Code_EnterSleepMode
    swm181_uart.o(.text) refers to uidiv.o(.text) for __aeabi_uidivmod
    swm181_uart.o(.text) refers to system_swm181.o(.data) for SystemCoreClock
    entry.o(.ARM.Collect$$$$00000000) refers (Special) to entry10a.o(.ARM.Collect$$$$0000000F) for __rt_final_cpp
    entry.o(.ARM.Collect$$$$00000000) refers (Special) to entry11a.o(.ARM.Collect$$$$00000011) for __rt_final_exit
    entry.o(.ARM.Collect$$$$00000000) refers (Special) to entry12b.o(.ARM.Collect$$$$0000000E) for __rt_lib_shutdown_fini
    entry.o(.ARM.Collect$$$$00000000) refers (Special) to entry7b.o(.ARM.Collect$$$$00000008) for _main_clock
    entry.o(.ARM.Collect$$$$00000000) refers (Special) to entry8b.o(.ARM.Collect$$$$0000000A) for _main_cpp_init
    entry.o(.ARM.Collect$$$$00000000) refers (Special) to entry9a.o(.ARM.Collect$$$$0000000B) for _main_init
    entry.o(.ARM.Collect$$$$00000000) refers (Special) to entry5.o(.ARM.Collect$$$$00000004) for _main_scatterload
    entry.o(.ARM.Collect$$$$00000000) refers (Special) to entry2.o(.ARM.Collect$$$$00000001) for _main_stk
    idiv.o(.text) refers to uidiv.o(.text) for __aeabi_uidivmod
    fadd.o(.text) refers (Special) to iusefp.o(.text) for __I$use$fp
    fadd.o(.text) refers to fepilogue.o(.text) for _float_epilogue
    fmul.o(.text) refers (Special) to iusefp.o(.text) for __I$use$fp
    dadd.o(.text) refers (Special) to iusefp.o(.text) for __I$use$fp
    dadd.o(.text) refers to llshl.o(.text) for __aeabi_llsl
    dadd.o(.text) refers to llsshr.o(.text) for __aeabi_lasr
    dadd.o(.text) refers to depilogue.o(.text) for _double_epilogue
    dmul.o(.text) refers (Special) to iusefp.o(.text) for __I$use$fp
    dmul.o(.text) refers to depilogue.o(.text) for _double_epilogue
    ddiv.o(.text) refers (Special) to iusefp.o(.text) for __I$use$fp
    ddiv.o(.text) refers to depilogue.o(.text) for _double_round
    fflti.o(.text) refers (Special) to iusefp.o(.text) for __I$use$fp
    fflti.o(.text) refers to fepilogue.o(.text) for _float_epilogue
    dflti.o(.text) refers (Special) to iusefp.o(.text) for __I$use$fp
    dflti.o(.text) refers to depilogue.o(.text) for _double_epilogue
    dfltui.o(.text) refers (Special) to iusefp.o(.text) for __I$use$fp
    dfltui.o(.text) refers to depilogue.o(.text) for _double_epilogue
    ffixi.o(.text) refers (Special) to iusefp.o(.text) for __I$use$fp
    dfixi.o(.text) refers (Special) to iusefp.o(.text) for __I$use$fp
    dfixi.o(.text) refers to llushr.o(.text) for __aeabi_llsr
    dfixui.o(.text) refers (Special) to iusefp.o(.text) for __I$use$fp
    dfixui.o(.text) refers to llushr.o(.text) for __aeabi_llsr
    f2d.o(.text) refers (Special) to iusefp.o(.text) for __I$use$fp
    cdrcmple.o(.text) refers (Special) to iusefp.o(.text) for __I$use$fp
    d2f.o(.text) refers (Special) to iusefp.o(.text) for __I$use$fp
    d2f.o(.text) refers to fepilogue.o(.text) for _float_round
    entry2.o(.ARM.Collect$$$$00000001) refers to entry2.o(.ARM.Collect$$$$00002712) for __lit__00000000
    entry2.o(.ARM.Collect$$$$00002712) refers to startup_swm181.o(STACK) for __initial_sp
    entry2.o(__vectab_stack_and_reset_area) refers to startup_swm181.o(STACK) for __initial_sp
    entry2.o(__vectab_stack_and_reset_area) refers to entry.o(.ARM.Collect$$$$00000000) for __main
    entry5.o(.ARM.Collect$$$$00000004) refers to init.o(.text) for __scatterload
    entry9a.o(.ARM.Collect$$$$0000000B) refers to main.o(.text) for main
    entry9b.o(.ARM.Collect$$$$0000000C) refers to main.o(.text) for main
    depilogue.o(.text) refers to depilogue.o(i.__ARM_clz) for __ARM_clz
    depilogue.o(.text) refers to llshl.o(.text) for __aeabi_llsl
    depilogue.o(.text) refers to llushr.o(.text) for __aeabi_llsr
    init.o(.text) refers to entry5.o(.ARM.Collect$$$$00000004) for __main_after_scatterload


==============================================================================

Removing Unused input sections from the image.

    Removing main.o(.rev16_text), (4 bytes).
    Removing main.o(.revsh_text), (4 bytes).
    Removing delay.o(.rev16_text), (4 bytes).
    Removing delay.o(.revsh_text), (4 bytes).
    Removing io.o(.rev16_text), (4 bytes).
    Removing io.o(.revsh_text), (4 bytes).
    Removing judge.o(.rev16_text), (4 bytes).
    Removing judge.o(.revsh_text), (4 bytes).
    Removing pid.o(.rev16_text), (4 bytes).
    Removing pid.o(.revsh_text), (4 bytes).
    Removing send.o(.rev16_text), (4 bytes).
    Removing send.o(.revsh_text), (4 bytes).
    Removing timer.o(.rev16_text), (4 bytes).
    Removing timer.o(.revsh_text), (4 bytes).
    Removing uart1.o(.rev16_text), (4 bytes).
    Removing uart1.o(.revsh_text), (4 bytes).
    Removing uart2.o(.rev16_text), (4 bytes).
    Removing uart2.o(.revsh_text), (4 bytes).
    Removing up.o(.rev16_text), (4 bytes).
    Removing up.o(.revsh_text), (4 bytes).
    Removing adc.o(.rev16_text), (4 bytes).
    Removing adc.o(.revsh_text), (4 bytes).
    Removing measure.o(.rev16_text), (4 bytes).
    Removing measure.o(.revsh_text), (4 bytes).
    Removing measure.o(.text), (628 bytes).
    Removing measure.o(.bss), (512 bytes).
    Removing driver.o(.rev16_text), (4 bytes).
    Removing driver.o(.revsh_text), (4 bytes).
    Removing system_swm181.o(.rev16_text), (4 bytes).
    Removing system_swm181.o(.revsh_text), (4 bytes).
    Removing startup_swm181.o(HEAP), (0 bytes).
    Removing swm181_adc.o(.rev16_text), (4 bytes).
    Removing swm181_adc.o(.revsh_text), (4 bytes).
    Removing swm181_adc.o(.text), (780 bytes).
    Removing swm181_cache.o(.rev16_text), (4 bytes).
    Removing swm181_cache.o(.revsh_text), (4 bytes).
    Removing swm181_cache.o(.text), (240 bytes).
    Removing swm181_can.o(.rev16_text), (4 bytes).
    Removing swm181_can.o(.revsh_text), (4 bytes).
    Removing swm181_can.o(.text), (932 bytes).
    Removing swm181_cmp.o(.rev16_text), (4 bytes).
    Removing swm181_cmp.o(.revsh_text), (4 bytes).
    Removing swm181_cmp.o(.text), (660 bytes).
    Removing swm181_cordic.o(.rev16_text), (4 bytes).
    Removing swm181_cordic.o(.revsh_text), (4 bytes).
    Removing swm181_cordic.o(.text), (42 bytes).
    Removing swm181_div.o(.rev16_text), (4 bytes).
    Removing swm181_div.o(.revsh_text), (4 bytes).
    Removing swm181_div.o(.text), (32 bytes).
    Removing swm181_dma.o(.rev16_text), (4 bytes).
    Removing swm181_dma.o(.revsh_text), (4 bytes).
    Removing swm181_dma.o(.text), (872 bytes).
    Removing swm181_exti.o(.rev16_text), (4 bytes).
    Removing swm181_exti.o(.revsh_text), (4 bytes).
    Removing swm181_exti.o(.text), (194 bytes).
    Removing swm181_flash.o(.rev16_text), (4 bytes).
    Removing swm181_flash.o(.revsh_text), (4 bytes).
    Removing swm181_flash.o(.text), (248 bytes).
    Removing swm181_flash.o(PlaceInRAM), (160 bytes).
    Removing swm181_flash.o(.data), (4 bytes).
    Removing swm181_gpio.o(.rev16_text), (4 bytes).
    Removing swm181_gpio.o(.revsh_text), (4 bytes).
    Removing swm181_i2c.o(.rev16_text), (4 bytes).
    Removing swm181_i2c.o(.revsh_text), (4 bytes).
    Removing swm181_i2c.o(.text), (500 bytes).
    Removing swm181_irqmux.o(.rev16_text), (4 bytes).
    Removing swm181_irqmux.o(.revsh_text), (4 bytes).
    Removing swm181_port.o(.rev16_text), (4 bytes).
    Removing swm181_port.o(.revsh_text), (4 bytes).
    Removing swm181_pwm.o(.rev16_text), (4 bytes).
    Removing swm181_pwm.o(.revsh_text), (4 bytes).
    Removing swm181_sdadc.o(.rev16_text), (4 bytes).
    Removing swm181_sdadc.o(.revsh_text), (4 bytes).
    Removing swm181_slcd.o(.rev16_text), (4 bytes).
    Removing swm181_slcd.o(.revsh_text), (4 bytes).
    Removing swm181_slcd.o(.text), (168 bytes).
    Removing swm181_sleep.o(.rev16_text), (4 bytes).
    Removing swm181_sleep.o(.revsh_text), (4 bytes).
    Removing swm181_sleep.o(.emb_text), (40 bytes).
    Removing swm181_sleep.o(.data), (64 bytes).
    Removing swm181_spi.o(.rev16_text), (4 bytes).
    Removing swm181_spi.o(.revsh_text), (4 bytes).
    Removing swm181_spi.o(.text), (568 bytes).
    Removing swm181_timr.o(.rev16_text), (4 bytes).
    Removing swm181_timr.o(.revsh_text), (4 bytes).
    Removing swm181_uart.o(.rev16_text), (4 bytes).
    Removing swm181_uart.o(.revsh_text), (4 bytes).
    Removing swm181_wdt.o(.rev16_text), (4 bytes).
    Removing swm181_wdt.o(.revsh_text), (4 bytes).
    Removing swm181_wdt.o(.text), (106 bytes).

90 unused section(s) (total 7030 bytes) removed from the image.

==============================================================================

Image Symbol Table

    Local Symbols

    Symbol Name                              Value     Ov Type        Size  Object(Section)

    RESET                                    0x00000000   Section      192  startup_swm181.o(RESET)
    ../clib/microlib/division.c              0x00000000   Number         0  idiv.o ABSOLUTE
    ../clib/microlib/division.c              0x00000000   Number         0  uidiv.o ABSOLUTE
    ../clib/microlib/init/entry.s            0x00000000   Number         0  entry12b.o ABSOLUTE
    ../clib/microlib/init/entry.s            0x00000000   Number         0  entry12a.o ABSOLUTE
    ../clib/microlib/init/entry.s            0x00000000   Number         0  entry2.o ABSOLUTE
    ../clib/microlib/init/entry.s            0x00000000   Number         0  entry11b.o ABSOLUTE
    ../clib/microlib/init/entry.s            0x00000000   Number         0  entry11a.o ABSOLUTE
    ../clib/microlib/init/entry.s            0x00000000   Number         0  entry10a.o ABSOLUTE
    ../clib/microlib/init/entry.s            0x00000000   Number         0  entry.o ABSOLUTE
    ../clib/microlib/init/entry.s            0x00000000   Number         0  entry9b.o ABSOLUTE
    ../clib/microlib/init/entry.s            0x00000000   Number         0  entry9a.o ABSOLUTE
    ../clib/microlib/init/entry.s            0x00000000   Number         0  entry8b.o ABSOLUTE
    ../clib/microlib/init/entry.s            0x00000000   Number         0  entry8a.o ABSOLUTE
    ../clib/microlib/init/entry.s            0x00000000   Number         0  entry7b.o ABSOLUTE
    ../clib/microlib/init/entry.s            0x00000000   Number         0  entry7a.o ABSOLUTE
    ../clib/microlib/init/entry.s            0x00000000   Number         0  entry5.o ABSOLUTE
    ../clib/microlib/init/entry.s            0x00000000   Number         0  entry10b.o ABSOLUTE
    ../clib/microlib/longlong.c              0x00000000   Number         0  llshl.o ABSOLUTE
    ../clib/microlib/longlong.c              0x00000000   Number         0  llushr.o ABSOLUTE
    ../clib/microlib/longlong.c              0x00000000   Number         0  llsshr.o ABSOLUTE
    ../clib/microlib/string/memcpy.c         0x00000000   Number         0  memcpya.o ABSOLUTE
    ../clib/microlib/string/memcpy.c         0x00000000   Number         0  memcpyb.o ABSOLUTE
    ../clib/microlib/stubs.s                 0x00000000   Number         0  iusefp.o ABSOLUTE
    ../fplib/microlib/d2f.c                  0x00000000   Number         0  d2f.o ABSOLUTE
    ../fplib/microlib/f2d.c                  0x00000000   Number         0  f2d.o ABSOLUTE
    ../fplib/microlib/fpadd.c                0x00000000   Number         0  dadd.o ABSOLUTE
    ../fplib/microlib/fpadd.c                0x00000000   Number         0  fadd.o ABSOLUTE
    ../fplib/microlib/fpdiv.c                0x00000000   Number         0  ddiv.o ABSOLUTE
    ../fplib/microlib/fpepilogue.c           0x00000000   Number         0  fepilogue.o ABSOLUTE
    ../fplib/microlib/fpepilogue.c           0x00000000   Number         0  depilogue.o ABSOLUTE
    ../fplib/microlib/fpfix.c                0x00000000   Number         0  dfixi.o ABSOLUTE
    ../fplib/microlib/fpfix.c                0x00000000   Number         0  ffixi.o ABSOLUTE
    ../fplib/microlib/fpfix.c                0x00000000   Number         0  dfixui.o ABSOLUTE
    ../fplib/microlib/fpflt.c                0x00000000   Number         0  dfltui.o ABSOLUTE
    ../fplib/microlib/fpflt.c                0x00000000   Number         0  dflti.o ABSOLUTE
    ../fplib/microlib/fpflt.c                0x00000000   Number         0  fflti.o ABSOLUTE
    ../fplib/microlib/fpmul.c                0x00000000   Number         0  dmul.o ABSOLUTE
    ../fplib/microlib/fpmul.c                0x00000000   Number         0  fmul.o ABSOLUTE
    APP\IO.c                                 0x00000000   Number         0  io.o ABSOLUTE
    APP\\IO.c                                0x00000000   Number         0  io.o ABSOLUTE
    APP\\adc.c                               0x00000000   Number         0  adc.o ABSOLUTE
    APP\\delay.c                             0x00000000   Number         0  delay.o ABSOLUTE
    APP\\driver.c                            0x00000000   Number         0  driver.o ABSOLUTE
    APP\\judge.c                             0x00000000   Number         0  judge.o ABSOLUTE
    APP\\measure.c                           0x00000000   Number         0  measure.o ABSOLUTE
    APP\\pid.c                               0x00000000   Number         0  pid.o ABSOLUTE
    APP\\send.c                              0x00000000   Number         0  send.o ABSOLUTE
    APP\\timer.c                             0x00000000   Number         0  timer.o ABSOLUTE
    APP\\uart1.c                             0x00000000   Number         0  uart1.o ABSOLUTE
    APP\\uart2.c                             0x00000000   Number         0  uart2.o ABSOLUTE
    APP\\up.c                                0x00000000   Number         0  up.o ABSOLUTE
    APP\adc.c                                0x00000000   Number         0  adc.o ABSOLUTE
    APP\delay.c                              0x00000000   Number         0  delay.o ABSOLUTE
    APP\driver.c                             0x00000000   Number         0  driver.o ABSOLUTE
    APP\judge.c                              0x00000000   Number         0  judge.o ABSOLUTE
    APP\measure.c                            0x00000000   Number         0  measure.o ABSOLUTE
    APP\pid.c                                0x00000000   Number         0  pid.o ABSOLUTE
    APP\send.c                               0x00000000   Number         0  send.o ABSOLUTE
    APP\timer.c                              0x00000000   Number         0  timer.o ABSOLUTE
    APP\uart1.c                              0x00000000   Number         0  uart1.o ABSOLUTE
    APP\uart2.c                              0x00000000   Number         0  uart2.o ABSOLUTE
    APP\up.c                                 0x00000000   Number         0  up.o ABSOLUTE
    CSL\CMSIS\DeviceSupport\startup\arm\startup_SWM181.s 0x00000000   Number         0  startup_swm181.o ABSOLUTE
    CSL\CMSIS\DeviceSupport\system_SWM181.c  0x00000000   Number         0  system_swm181.o ABSOLUTE
    CSL\SWM181_StdPeriph_Driver\SWM181_adc.c 0x00000000   Number         0  swm181_adc.o ABSOLUTE
    CSL\SWM181_StdPeriph_Driver\SWM181_cache.c 0x00000000   Number         0  swm181_cache.o ABSOLUTE
    CSL\SWM181_StdPeriph_Driver\SWM181_can.c 0x00000000   Number         0  swm181_can.o ABSOLUTE
    CSL\SWM181_StdPeriph_Driver\SWM181_cmp.c 0x00000000   Number         0  swm181_cmp.o ABSOLUTE
    CSL\SWM181_StdPeriph_Driver\SWM181_cordic.c 0x00000000   Number         0  swm181_cordic.o ABSOLUTE
    CSL\SWM181_StdPeriph_Driver\SWM181_div.c 0x00000000   Number         0  swm181_div.o ABSOLUTE
    CSL\SWM181_StdPeriph_Driver\SWM181_dma.c 0x00000000   Number         0  swm181_dma.o ABSOLUTE
    CSL\SWM181_StdPeriph_Driver\SWM181_exti.c 0x00000000   Number         0  swm181_exti.o ABSOLUTE
    CSL\SWM181_StdPeriph_Driver\SWM181_flash.c 0x00000000   Number         0  swm181_flash.o ABSOLUTE
    CSL\SWM181_StdPeriph_Driver\SWM181_gpio.c 0x00000000   Number         0  swm181_gpio.o ABSOLUTE
    CSL\SWM181_StdPeriph_Driver\SWM181_i2c.c 0x00000000   Number         0  swm181_i2c.o ABSOLUTE
    CSL\SWM181_StdPeriph_Driver\SWM181_irqmux.c 0x00000000   Number         0  swm181_irqmux.o ABSOLUTE
    CSL\SWM181_StdPeriph_Driver\SWM181_port.c 0x00000000   Number         0  swm181_port.o ABSOLUTE
    CSL\SWM181_StdPeriph_Driver\SWM181_pwm.c 0x00000000   Number         0  swm181_pwm.o ABSOLUTE
    CSL\SWM181_StdPeriph_Driver\SWM181_sdadc.c 0x00000000   Number         0  swm181_sdadc.o ABSOLUTE
    CSL\SWM181_StdPeriph_Driver\SWM181_slcd.c 0x00000000   Number         0  swm181_slcd.o ABSOLUTE
    CSL\SWM181_StdPeriph_Driver\SWM181_sleep.c 0x00000000   Number         0  swm181_sleep.o ABSOLUTE
    CSL\SWM181_StdPeriph_Driver\SWM181_spi.c 0x00000000   Number         0  swm181_spi.o ABSOLUTE
    CSL\SWM181_StdPeriph_Driver\SWM181_timr.c 0x00000000   Number         0  swm181_timr.o ABSOLUTE
    CSL\SWM181_StdPeriph_Driver\SWM181_uart.c 0x00000000   Number         0  swm181_uart.o ABSOLUTE
    CSL\SWM181_StdPeriph_Driver\SWM181_wdt.c 0x00000000   Number         0  swm181_wdt.o ABSOLUTE
    CSL\\CMSIS\\DeviceSupport\\system_SWM181.c 0x00000000   Number         0  system_swm181.o ABSOLUTE
    CSL\\SWM181_StdPeriph_Driver\\SWM181_adc.c 0x00000000   Number         0  swm181_adc.o ABSOLUTE
    CSL\\SWM181_StdPeriph_Driver\\SWM181_cache.c 0x00000000   Number         0  swm181_cache.o ABSOLUTE
    CSL\\SWM181_StdPeriph_Driver\\SWM181_can.c 0x00000000   Number         0  swm181_can.o ABSOLUTE
    CSL\\SWM181_StdPeriph_Driver\\SWM181_cmp.c 0x00000000   Number         0  swm181_cmp.o ABSOLUTE
    CSL\\SWM181_StdPeriph_Driver\\SWM181_cordic.c 0x00000000   Number         0  swm181_cordic.o ABSOLUTE
    CSL\\SWM181_StdPeriph_Driver\\SWM181_div.c 0x00000000   Number         0  swm181_div.o ABSOLUTE
    CSL\\SWM181_StdPeriph_Driver\\SWM181_dma.c 0x00000000   Number         0  swm181_dma.o ABSOLUTE
    CSL\\SWM181_StdPeriph_Driver\\SWM181_exti.c 0x00000000   Number         0  swm181_exti.o ABSOLUTE
    CSL\\SWM181_StdPeriph_Driver\\SWM181_flash.c 0x00000000   Number         0  swm181_flash.o ABSOLUTE
    CSL\\SWM181_StdPeriph_Driver\\SWM181_gpio.c 0x00000000   Number         0  swm181_gpio.o ABSOLUTE
    CSL\\SWM181_StdPeriph_Driver\\SWM181_i2c.c 0x00000000   Number         0  swm181_i2c.o ABSOLUTE
    CSL\\SWM181_StdPeriph_Driver\\SWM181_irqmux.c 0x00000000   Number         0  swm181_irqmux.o ABSOLUTE
    CSL\\SWM181_StdPeriph_Driver\\SWM181_port.c 0x00000000   Number         0  swm181_port.o ABSOLUTE
    CSL\\SWM181_StdPeriph_Driver\\SWM181_pwm.c 0x00000000   Number         0  swm181_pwm.o ABSOLUTE
    CSL\\SWM181_StdPeriph_Driver\\SWM181_sdadc.c 0x00000000   Number         0  swm181_sdadc.o ABSOLUTE
    CSL\\SWM181_StdPeriph_Driver\\SWM181_slcd.c 0x00000000   Number         0  swm181_slcd.o ABSOLUTE
    CSL\\SWM181_StdPeriph_Driver\\SWM181_sleep.c 0x00000000   Number         0  swm181_sleep.o ABSOLUTE
    CSL\\SWM181_StdPeriph_Driver\\SWM181_spi.c 0x00000000   Number         0  swm181_spi.o ABSOLUTE
    CSL\\SWM181_StdPeriph_Driver\\SWM181_timr.c 0x00000000   Number         0  swm181_timr.o ABSOLUTE
    CSL\\SWM181_StdPeriph_Driver\\SWM181_uart.c 0x00000000   Number         0  swm181_uart.o ABSOLUTE
    CSL\\SWM181_StdPeriph_Driver\\SWM181_wdt.c 0x00000000   Number         0  swm181_wdt.o ABSOLUTE
    app\\main.c                              0x00000000   Number         0  main.o ABSOLUTE
    app\main.c                               0x00000000   Number         0  main.o ABSOLUTE
    cdrcmple.s                               0x00000000   Number         0  cdrcmple.o ABSOLUTE
    dc.s                                     0x00000000   Number         0  dc.o ABSOLUTE
    handlers.s                               0x00000000   Number         0  handlers.o ABSOLUTE
    init.s                                   0x00000000   Number         0  init.o ABSOLUTE
    .ARM.Collect$$$$00000000                 0x000000c0   Section        0  entry.o(.ARM.Collect$$$$00000000)
    .ARM.Collect$$$$00000001                 0x000000c0   Section        4  entry2.o(.ARM.Collect$$$$00000001)
    .ARM.Collect$$$$00000004                 0x000000c4   Section        4  entry5.o(.ARM.Collect$$$$00000004)
    .ARM.Collect$$$$00000008                 0x000000c8   Section        0  entry7b.o(.ARM.Collect$$$$00000008)
    .ARM.Collect$$$$0000000A                 0x000000c8   Section        0  entry8b.o(.ARM.Collect$$$$0000000A)
    .ARM.Collect$$$$0000000B                 0x000000c8   Section        8  entry9a.o(.ARM.Collect$$$$0000000B)
    .ARM.Collect$$$$0000000E                 0x000000d0   Section        4  entry12b.o(.ARM.Collect$$$$0000000E)
    .ARM.Collect$$$$0000000F                 0x000000d4   Section        0  entry10a.o(.ARM.Collect$$$$0000000F)
    .ARM.Collect$$$$00000011                 0x000000d4   Section        0  entry11a.o(.ARM.Collect$$$$00000011)
    .ARM.Collect$$$$00002712                 0x000000d4   Section        4  entry2.o(.ARM.Collect$$$$00002712)
    __lit__00000000                          0x000000d4   Data           4  entry2.o(.ARM.Collect$$$$00002712)
    .text                                    0x000000d8   Section        0  main.o(.text)
    .text                                    0x000001ec   Section        0  delay.o(.text)
    .text                                    0x00000234   Section        0  io.o(.text)
    .text                                    0x000002e0   Section        0  judge.o(.text)
    .text                                    0x0000033c   Section        0  pid.o(.text)
    .text                                    0x0000067c   Section        0  send.o(.text)
    .text                                    0x00000894   Section        0  timer.o(.text)
    .text                                    0x00000988   Section        0  uart1.o(.text)
    .text                                    0x00000b3c   Section        0  uart2.o(.text)
    .text                                    0x00000da4   Section        0  up.o(.text)
    .text                                    0x00000e38   Section        0  adc.o(.text)
    .text                                    0x000010f0   Section        0  driver.o(.text)
    .text                                    0x0000119c   Section        0  system_swm181.o(.text)
    switchToXTAL                             0x0000121d   Thumb Code    72  system_swm181.o(.text)
    switchToRC24MHz                          0x00001265   Thumb Code    32  system_swm181.o(.text)
    switchToRC32KHz                          0x00001285   Thumb Code    34  system_swm181.o(.text)
    switchToRC12MHz                          0x000012a7   Thumb Code    34  system_swm181.o(.text)
    switchToRC48MHz                          0x000012c9   Thumb Code    34  system_swm181.o(.text)
    switchToRC6MHz                           0x000012eb   Thumb Code    32  system_swm181.o(.text)
    .text                                    0x000013fc   Section       88  startup_swm181.o(.text)
    .text                                    0x00001454   Section        0  swm181_gpio.o(.text)
    .text                                    0x000016c4   Section        0  swm181_irqmux.o(.text)
    NVIC_SetPriority                         0x0000178d   Thumb Code   110  swm181_irqmux.o(.text)
    .text                                    0x00001808   Section        0  swm181_port.o(.text)
    .text                                    0x00001ab8   Section        0  swm181_pwm.o(.text)
    .text                                    0x000021a0   Section        0  swm181_sdadc.o(.text)
    .text                                    0x000023c0   Section        0  swm181_timr.o(.text)
    .text                                    0x00002684   Section        0  swm181_uart.o(.text)
    .text                                    0x000029c0   Section        0  uidiv.o(.text)
    .text                                    0x000029ec   Section        0  idiv.o(.text)
    .text                                    0x00002a14   Section        0  memcpya.o(.text)
    .text                                    0x00002a38   Section        0  fadd.o(.text)
    .text                                    0x00002aea   Section        0  fmul.o(.text)
    .text                                    0x00002b64   Section        0  dadd.o(.text)
    .text                                    0x00002ccc   Section        0  dmul.o(.text)
    .text                                    0x00002d9c   Section        0  ddiv.o(.text)
    .text                                    0x00002e8c   Section        0  fflti.o(.text)
    .text                                    0x00002ea4   Section        0  dflti.o(.text)
    .text                                    0x00002ecc   Section        0  dfltui.o(.text)
    .text                                    0x00002ee8   Section        0  ffixi.o(.text)
    .text                                    0x00002f1c   Section        0  dfixi.o(.text)
    .text                                    0x00002f64   Section        0  dfixui.o(.text)
    .text                                    0x00002fa0   Section        0  f2d.o(.text)
    .text                                    0x00002fc8   Section       40  cdrcmple.o(.text)
    .text                                    0x00002ff0   Section        0  d2f.o(.text)
    .text                                    0x00003028   Section        0  llshl.o(.text)
    .text                                    0x00003048   Section        0  llushr.o(.text)
    .text                                    0x0000306a   Section        0  llsshr.o(.text)
    .text                                    0x00003090   Section        0  iusefp.o(.text)
    .text                                    0x00003090   Section        0  fepilogue.o(.text)
    .text                                    0x00003112   Section        0  depilogue.o(.text)
    .text                                    0x000031d0   Section       36  init.o(.text)
    i.__ARM_clz                              0x000031f4   Section        0  depilogue.o(i.__ARM_clz)
    i.__ARM_common_switch8                   0x00003222   Section        0  system_swm181.o(i.__ARM_common_switch8)
    i.__scatterload_copy                     0x0000323e   Section       14  handlers.o(i.__scatterload_copy)
    i.__scatterload_null                     0x0000324c   Section        2  handlers.o(i.__scatterload_null)
    i.__scatterload_zeroinit                 0x0000324e   Section       14  handlers.o(i.__scatterload_zeroinit)
    .data                                    0x20000000   Section        1  delay.o(.data)
    .data                                    0x20000001   Section        7  judge.o(.data)
    .data                                    0x20000008   Section       32  pid.o(.data)
    flag_T                                   0x20000014   Data           4  pid.o(.data)
    TEMP1                                    0x20000018   Data           8  pid.o(.data)
    TEMP2                                    0x20000020   Data           8  pid.o(.data)
    .data                                    0x20000028   Section       64  send.o(.data)
    .data                                    0x20000068   Section       24  timer.o(.data)
    .data                                    0x20000080   Section        3  uart1.o(.data)
    .data                                    0x20000084   Section       19  uart2.o(.data)
    .data                                    0x20000098   Section       12  up.o(.data)
    .data                                    0x200000a8   Section       16  adc.o(.data)
    .data                                    0x200000b8   Section       64  measure.o(.data)
    .data                                    0x200000f8   Section        8  system_swm181.o(.data)
    .bss                                     0x20000100   Section       48  pid.o(.bss)
    .bss                                     0x20000130   Section      256  uart1.o(.bss)
    .bss                                     0x20000230   Section      256  uart2.o(.bss)
    .bss                                     0x20000330   Section       16  adc.o(.bss)
    STACK                                    0x20000340   Section     1024  startup_swm181.o(STACK)
    Stack_Mem                                0x20000340   Data        1024  startup_swm181.o(STACK)

    Global Symbols

    Symbol Name                              Value     Ov Type        Size  Object(Section)

    BuildAttributes$$THM_ISAv3M$S$PE$A:L22$X:L11$S22$IEEE1$IW$USESV6$~STKCKD$USESV7$~SHL$OTIME$ROPI$EBA8$MICROLIB$REQ8$EABIv2 0x00000000   Number         0  anon$$obj.o ABSOLUTE
    __ARM_use_no_argv                        0x00000000   Number         0  main.o ABSOLUTE
    __Vectors                                0x00000000   Data           4  startup_swm181.o(RESET)
    __arm_fini_                               - Undefined Weak Reference
    __cpp_initialize__aeabi_                  - Undefined Weak Reference
    __cxa_finalize                            - Undefined Weak Reference
    __decompress                              - Undefined Weak Reference
    _clock_init                               - Undefined Weak Reference
    _microlib_exit                            - Undefined Weak Reference
    __Vectors_End                            0x000000c0   Data           0  startup_swm181.o(RESET)
    __Vectors_Size                           0x000000c0   Number         0  startup_swm181.o ABSOLUTE
    __main                                   0x000000c1   Thumb Code     0  entry.o(.ARM.Collect$$$$00000000)
    _main_stk                                0x000000c1   Thumb Code     0  entry2.o(.ARM.Collect$$$$00000001)
    _main_scatterload                        0x000000c5   Thumb Code     0  entry5.o(.ARM.Collect$$$$00000004)
    __main_after_scatterload                 0x000000c9   Thumb Code     0  entry5.o(.ARM.Collect$$$$00000004)
    _main_clock                              0x000000c9   Thumb Code     0  entry7b.o(.ARM.Collect$$$$00000008)
    _main_cpp_init                           0x000000c9   Thumb Code     0  entry8b.o(.ARM.Collect$$$$0000000A)
    _main_init                               0x000000c9   Thumb Code     0  entry9a.o(.ARM.Collect$$$$0000000B)
    __rt_lib_shutdown_fini                   0x000000d1   Thumb Code     0  entry12b.o(.ARM.Collect$$$$0000000E)
    __rt_final_cpp                           0x000000d5   Thumb Code     0  entry10a.o(.ARM.Collect$$$$0000000F)
    __rt_final_exit                          0x000000d5   Thumb Code     0  entry11a.o(.ARM.Collect$$$$00000011)
    main                                     0x000000d9   Thumb Code   236  main.o(.text)
    IRQ5_Handler                             0x000001ed   Thumb Code    20  delay.o(.text)
    delay_ms                                 0x00000201   Thumb Code    44  delay.o(.text)
    IO_Init                                  0x00000235   Thumb Code   160  io.o(.text)
    extract                                  0x000002e1   Thumb Code    18  judge.o(.text)
    judge1                                   0x000002f3   Thumb Code    14  judge.o(.text)
    judge2                                   0x00000301   Thumb Code    36  judge.o(.text)
    PID_Init                                 0x0000033d   Thumb Code    44  pid.o(.text)
    PID_realize                              0x00000369   Thumb Code   704  pid.o(.text)
    Data_Send                                0x0000067d   Thumb Code    42  send.o(.text)
    USART_SendData                           0x000006a7   Thumb Code    44  send.o(.text)
    select                                   0x000006d3   Thumb Code    30  send.o(.text)
    send_0                                   0x000006f1   Thumb Code    14  send.o(.text)
    send_100                                 0x000006ff   Thumb Code    14  send.o(.text)
    send_200                                 0x0000070d   Thumb Code    14  send.o(.text)
    MCU_t_screen                             0x0000071b   Thumb Code   244  send.o(.text)
    uart_1                                   0x0000080f   Thumb Code    54  send.o(.text)
    IRQ4_Handler                             0x00000895   Thumb Code    40  timer.o(.text)
    task                                     0x000008bd   Thumb Code   146  timer.o(.text)
    fputc                                    0x00000989   Thumb Code    30  uart1.o(.text)
    uart1_init                               0x000009a7   Thumb Code    92  uart1.o(.text)
    UART1_GetChars                           0x00000a03   Thumb Code    70  uart1.o(.text)
    IRQ1_Handler                             0x00000a49   Thumb Code   212  uart1.o(.text)
    uart2_init                               0x00000b3d   Thumb Code    92  uart2.o(.text)
    UART2_GetChars                           0x00000b99   Thumb Code    70  uart2.o(.text)
    Data_Deal                                0x00000bdf   Thumb Code   274  uart2.o(.text)
    IRQ10_Handler                            0x00000cf1   Thumb Code   140  uart2.o(.text)
    up_init                                  0x00000da5   Thumb Code    60  up.o(.text)
    up                                       0x00000de1   Thumb Code    62  up.o(.text)
    adc_Init                                 0x00000e39   Thumb Code   174  adc.o(.text)
    IRQ3_Handler                             0x00000ee7   Thumb Code   280  adc.o(.text)
    Get_Adc_Average                          0x00000fff   Thumb Code   172  adc.o(.text)
    DRIVER_Init                              0x000010f1   Thumb Code   126  driver.o(.text)
    DRIVER_Start                             0x0000116f   Thumb Code    14  driver.o(.text)
    DRIVER_Stop                              0x0000117d   Thumb Code    14  driver.o(.text)
    SystemCoreClockUpdate                    0x0000119d   Thumb Code   128  system_swm181.o(.text)
    SystemInit                               0x0000130b   Thumb Code   198  system_swm181.o(.text)
    Reset_Handler                            0x000013fd   Thumb Code     4  startup_swm181.o(.text)
    NMI_Handler                              0x00001401   Thumb Code     2  startup_swm181.o(.text)
    HardFault_Handler                        0x00001403   Thumb Code     2  startup_swm181.o(.text)
    SVC_Handler                              0x00001405   Thumb Code     2  startup_swm181.o(.text)
    PendSV_Handler                           0x00001407   Thumb Code     2  startup_swm181.o(.text)
    SysTick_Handler                          0x00001409   Thumb Code     2  startup_swm181.o(.text)
    IRQ0_Handler                             0x0000140b   Thumb Code     2  startup_swm181.o(.text)
    IRQ2_Handler                             0x0000140f   Thumb Code     2  startup_swm181.o(.text)
    IRQ6_Handler                             0x00001417   Thumb Code     2  startup_swm181.o(.text)
    IRQ7_Handler                             0x00001419   Thumb Code     2  startup_swm181.o(.text)
    IRQ8_Handler                             0x0000141b   Thumb Code     2  startup_swm181.o(.text)
    IRQ9_Handler                             0x0000141d   Thumb Code     2  startup_swm181.o(.text)
    IRQ11_Handler                            0x00001421   Thumb Code     2  startup_swm181.o(.text)
    IRQ12_Handler                            0x00001423   Thumb Code     2  startup_swm181.o(.text)
    IRQ13_Handler                            0x00001425   Thumb Code     2  startup_swm181.o(.text)
    IRQ14_Handler                            0x00001427   Thumb Code     2  startup_swm181.o(.text)
    IRQ15_Handler                            0x00001429   Thumb Code     2  startup_swm181.o(.text)
    IRQ16_Handler                            0x0000142b   Thumb Code     2  startup_swm181.o(.text)
    IRQ17_Handler                            0x0000142d   Thumb Code     2  startup_swm181.o(.text)
    IRQ18_Handler                            0x0000142f   Thumb Code     2  startup_swm181.o(.text)
    IRQ19_Handler                            0x00001431   Thumb Code     2  startup_swm181.o(.text)
    IRQ20_Handler                            0x00001433   Thumb Code     2  startup_swm181.o(.text)
    IRQ21_Handler                            0x00001435   Thumb Code     2  startup_swm181.o(.text)
    IRQ22_Handler                            0x00001437   Thumb Code     2  startup_swm181.o(.text)
    IRQ23_Handler                            0x00001439   Thumb Code     2  startup_swm181.o(.text)
    IRQ24_Handler                            0x0000143b   Thumb Code     2  startup_swm181.o(.text)
    IRQ25_Handler                            0x0000143d   Thumb Code     2  startup_swm181.o(.text)
    IRQ26_Handler                            0x0000143f   Thumb Code     2  startup_swm181.o(.text)
    IRQ27_Handler                            0x00001441   Thumb Code     2  startup_swm181.o(.text)
    IRQ28_Handler                            0x00001445   Thumb Code     2  startup_swm181.o(.text)
    IRQ29_Handler                            0x00001449   Thumb Code     2  startup_swm181.o(.text)
    IRQ30_Handler                            0x0000144b   Thumb Code     2  startup_swm181.o(.text)
    IRQ31_Handler                            0x0000144d   Thumb Code     2  startup_swm181.o(.text)
    GPIO_Init                                0x00001455   Thumb Code   332  swm181_gpio.o(.text)
    GPIO_SetBit                              0x000015a1   Thumb Code    12  swm181_gpio.o(.text)
    GPIO_ClrBit                              0x000015ad   Thumb Code    12  swm181_gpio.o(.text)
    GPIO_InvBit                              0x000015b9   Thumb Code    12  swm181_gpio.o(.text)
    GPIO_GetBit                              0x000015c5   Thumb Code    12  swm181_gpio.o(.text)
    GPIO_SetBits                             0x000015d1   Thumb Code    24  swm181_gpio.o(.text)
    GPIO_ClrBits                             0x000015e9   Thumb Code    24  swm181_gpio.o(.text)
    GPIO_InvBits                             0x00001601   Thumb Code    24  swm181_gpio.o(.text)
    GPIO_GetBits                             0x00001619   Thumb Code    22  swm181_gpio.o(.text)
    GPIO_AtomicSetBit                        0x0000162f   Thumb Code    16  swm181_gpio.o(.text)
    GPIO_AtomicClrBit                        0x0000163f   Thumb Code    16  swm181_gpio.o(.text)
    GPIO_AtomicInvBit                        0x0000164f   Thumb Code    16  swm181_gpio.o(.text)
    GPIO_AtomicSetBits                       0x0000165f   Thumb Code    28  swm181_gpio.o(.text)
    GPIO_AtomicClrBits                       0x0000167b   Thumb Code    28  swm181_gpio.o(.text)
    GPIO_AtomicInvBits                       0x00001697   Thumb Code    28  swm181_gpio.o(.text)
    IRQ_Connect                              0x000016c5   Thumb Code   130  swm181_irqmux.o(.text)
    IRQ_Which                                0x00001747   Thumb Code    70  swm181_irqmux.o(.text)
    PORT_Init                                0x00001809   Thumb Code   678  swm181_port.o(.text)
    PWM_Stop                                 0x00001ab9   Thumb Code    98  swm181_pwm.o(.text)
    PWM_Init                                 0x00001b1b   Thumb Code   256  swm181_pwm.o(.text)
    PWM_Start                                0x00001c1b   Thumb Code    98  swm181_pwm.o(.text)
    PWM_SetCycle                             0x00001c7d   Thumb Code    16  swm181_pwm.o(.text)
    PWM_GetCycle                             0x00001c8d   Thumb Code    24  swm181_pwm.o(.text)
    PWM_SetHDuty                             0x00001ca5   Thumb Code    16  swm181_pwm.o(.text)
    PWM_GetHDuty                             0x00001cb5   Thumb Code    24  swm181_pwm.o(.text)
    PWM_SetDeadzone                          0x00001ccd   Thumb Code    16  swm181_pwm.o(.text)
    PWM_GetDeadzone                          0x00001cdd   Thumb Code    24  swm181_pwm.o(.text)
    PWM_IntNCycleEn                          0x00001cf5   Thumb Code   154  swm181_pwm.o(.text)
    PWM_IntNCycleDis                         0x00001d8f   Thumb Code   154  swm181_pwm.o(.text)
    PWM_IntNCycleClr                         0x00001e29   Thumb Code   106  swm181_pwm.o(.text)
    PWM_IntNCycleStat                        0x00001e93   Thumb Code   152  swm181_pwm.o(.text)
    PWM_IntHEndEn                            0x00001f2b   Thumb Code   170  swm181_pwm.o(.text)
    PWM_IntHEndDis                           0x00001fd5   Thumb Code   170  swm181_pwm.o(.text)
    PWM_IntHEndClr                           0x0000207f   Thumb Code   122  swm181_pwm.o(.text)
    PWM_IntHEndStat                          0x000020f9   Thumb Code   160  swm181_pwm.o(.text)
    SDADC_Init                               0x000021a1   Thumb Code   174  swm181_sdadc.o(.text)
    SDADC_Config_Set                         0x0000224f   Thumb Code    64  swm181_sdadc.o(.text)
    SDADC_Start                              0x0000228f   Thumb Code     6  swm181_sdadc.o(.text)
    SDADC_Config_Cali                        0x00002295   Thumb Code    80  swm181_sdadc.o(.text)
    SDADC_Config_Sel                         0x000022e5   Thumb Code    50  swm181_sdadc.o(.text)
    SDADC_Open                               0x00002317   Thumb Code    12  swm181_sdadc.o(.text)
    SDADC_Close                              0x00002323   Thumb Code    12  swm181_sdadc.o(.text)
    SDADC_Stop                               0x0000232f   Thumb Code    10  swm181_sdadc.o(.text)
    SDADC_Read                               0x00002339   Thumb Code    18  swm181_sdadc.o(.text)
    SDADC_IsEOC                              0x0000234b   Thumb Code    10  swm181_sdadc.o(.text)
    SDADC_ChnOpen                            0x00002355   Thumb Code     8  swm181_sdadc.o(.text)
    SDADC_ChnClose                           0x0000235d   Thumb Code     8  swm181_sdadc.o(.text)
    SDADC_IntEOCEn                           0x00002365   Thumb Code    10  swm181_sdadc.o(.text)
    SDADC_IntEOCDis                          0x0000236f   Thumb Code    10  swm181_sdadc.o(.text)
    SDADC_IntEOCClr                          0x00002379   Thumb Code     6  swm181_sdadc.o(.text)
    SDADC_IntEOCStat                         0x0000237f   Thumb Code    10  swm181_sdadc.o(.text)
    SDADC_IntOVFEn                           0x00002389   Thumb Code    10  swm181_sdadc.o(.text)
    SDADC_IntOVFDis                          0x00002393   Thumb Code    10  swm181_sdadc.o(.text)
    SDADC_IntOVFClr                          0x0000239d   Thumb Code     6  swm181_sdadc.o(.text)
    SDADC_IntOVFStat                         0x000023a3   Thumb Code    12  swm181_sdadc.o(.text)
    TIMR_INTClr                              0x000023c1   Thumb Code    58  swm181_timr.o(.text)
    TIMR_Stop                                0x000023fb   Thumb Code    10  swm181_timr.o(.text)
    TIMR_Init                                0x00002405   Thumb Code   204  swm181_timr.o(.text)
    TIMR_Start                               0x000024d1   Thumb Code    10  swm181_timr.o(.text)
    TIMR_Halt                                0x000024db   Thumb Code    82  swm181_timr.o(.text)
    TIMR_Resume                              0x0000252d   Thumb Code    82  swm181_timr.o(.text)
    TIMR_SetPeriod                           0x0000257f   Thumb Code     4  swm181_timr.o(.text)
    TIMR_GetPeriod                           0x00002583   Thumb Code     6  swm181_timr.o(.text)
    TIMR_GetCurValue                         0x00002589   Thumb Code     6  swm181_timr.o(.text)
    TIMR_INTEn                               0x0000258f   Thumb Code    82  swm181_timr.o(.text)
    TIMR_INTDis                              0x000025e1   Thumb Code    82  swm181_timr.o(.text)
    TIMR_INTStat                             0x00002633   Thumb Code    74  swm181_timr.o(.text)
    UART_Close                               0x00002685   Thumb Code    12  swm181_uart.o(.text)
    UART_Init                                0x00002691   Thumb Code   254  swm181_uart.o(.text)
    UART_Open                                0x0000278f   Thumb Code    12  swm181_uart.o(.text)
    UART_WriteByte                           0x0000279b   Thumb Code     4  swm181_uart.o(.text)
    UART_ReadByte                            0x0000279f   Thumb Code    28  swm181_uart.o(.text)
    UART_IsTXBusy                            0x000027bb   Thumb Code    14  swm181_uart.o(.text)
    UART_IsRXFIFOEmpty                       0x000027c9   Thumb Code    12  swm181_uart.o(.text)
    UART_IsTXFIFOFull                        0x000027d5   Thumb Code    12  swm181_uart.o(.text)
    UART_SetBaudrate                         0x000027e1   Thumb Code    36  swm181_uart.o(.text)
    UART_GetBaudrate                         0x00002805   Thumb Code    24  swm181_uart.o(.text)
    UART_CTSConfig                           0x0000281d   Thumb Code    22  swm181_uart.o(.text)
    UART_CTSLineState                        0x00002833   Thumb Code    12  swm181_uart.o(.text)
    UART_RTSConfig                           0x0000283f   Thumb Code    28  swm181_uart.o(.text)
    UART_RTSLineState                        0x0000285b   Thumb Code    14  swm181_uart.o(.text)
    UART_LINConfig                           0x00002869   Thumb Code    22  swm181_uart.o(.text)
    UART_LINGenerate                         0x0000287f   Thumb Code    10  swm181_uart.o(.text)
    UART_LINIsDetected                       0x00002889   Thumb Code    12  swm181_uart.o(.text)
    UART_LINIsGenerated                      0x00002895   Thumb Code    12  swm181_uart.o(.text)
    UART_ABRStart                            0x000028a1   Thumb Code    94  swm181_uart.o(.text)
    UART_ABRIsDone                           0x000028ff   Thumb Code    38  swm181_uart.o(.text)
    UART_INTRXThresholdEn                    0x00002925   Thumb Code    10  swm181_uart.o(.text)
    UART_INTRXThresholdDis                   0x0000292f   Thumb Code    10  swm181_uart.o(.text)
    UART_INTRXThresholdStat                  0x00002939   Thumb Code    14  swm181_uart.o(.text)
    UART_INTTXThresholdEn                    0x00002947   Thumb Code    10  swm181_uart.o(.text)
    UART_INTTXThresholdDis                   0x00002951   Thumb Code    10  swm181_uart.o(.text)
    UART_INTTXThresholdStat                  0x0000295b   Thumb Code    14  swm181_uart.o(.text)
    UART_INTTimeoutEn                        0x00002969   Thumb Code    12  swm181_uart.o(.text)
    UART_INTTimeoutDis                       0x00002975   Thumb Code    12  swm181_uart.o(.text)
    UART_INTTimeoutStat                      0x00002981   Thumb Code    14  swm181_uart.o(.text)
    UART_INTTXDoneEn                         0x0000298f   Thumb Code    10  swm181_uart.o(.text)
    UART_INTTXDoneDis                        0x00002999   Thumb Code    10  swm181_uart.o(.text)
    UART_INTTXDoneStat                       0x000029a3   Thumb Code    14  swm181_uart.o(.text)
    __aeabi_uidiv                            0x000029c1   Thumb Code     0  uidiv.o(.text)
    __aeabi_uidivmod                         0x000029c1   Thumb Code    44  uidiv.o(.text)
    __aeabi_idiv                             0x000029ed   Thumb Code     0  idiv.o(.text)
    __aeabi_idivmod                          0x000029ed   Thumb Code    40  idiv.o(.text)
    __aeabi_memcpy                           0x00002a15   Thumb Code    36  memcpya.o(.text)
    __aeabi_memcpy4                          0x00002a15   Thumb Code     0  memcpya.o(.text)
    __aeabi_memcpy8                          0x00002a15   Thumb Code     0  memcpya.o(.text)
    __aeabi_fadd                             0x00002a39   Thumb Code   162  fadd.o(.text)
    __aeabi_fsub                             0x00002adb   Thumb Code     8  fadd.o(.text)
    __aeabi_frsub                            0x00002ae3   Thumb Code     8  fadd.o(.text)
    __aeabi_fmul                             0x00002aeb   Thumb Code   122  fmul.o(.text)
    __aeabi_dadd                             0x00002b65   Thumb Code   330  dadd.o(.text)
    __aeabi_dsub                             0x00002caf   Thumb Code    12  dadd.o(.text)
    __aeabi_drsub                            0x00002cbb   Thumb Code    12  dadd.o(.text)
    __aeabi_dmul                             0x00002ccd   Thumb Code   202  dmul.o(.text)
    __aeabi_ddiv                             0x00002d9d   Thumb Code   234  ddiv.o(.text)
    __aeabi_i2f                              0x00002e8d   Thumb Code    22  fflti.o(.text)
    __aeabi_i2d                              0x00002ea5   Thumb Code    34  dflti.o(.text)
    __aeabi_ui2d                             0x00002ecd   Thumb Code    24  dfltui.o(.text)
    __aeabi_f2iz                             0x00002ee9   Thumb Code    50  ffixi.o(.text)
    __aeabi_d2iz                             0x00002f1d   Thumb Code    62  dfixi.o(.text)
    __aeabi_d2uiz                            0x00002f65   Thumb Code    50  dfixui.o(.text)
    __aeabi_f2d                              0x00002fa1   Thumb Code    40  f2d.o(.text)
    __aeabi_cdrcmple                         0x00002fc9   Thumb Code    38  cdrcmple.o(.text)
    __aeabi_d2f                              0x00002ff1   Thumb Code    56  d2f.o(.text)
    __aeabi_llsl                             0x00003029   Thumb Code    32  llshl.o(.text)
    _ll_shift_l                              0x00003029   Thumb Code     0  llshl.o(.text)
    __aeabi_llsr                             0x00003049   Thumb Code    34  llushr.o(.text)
    _ll_ushift_r                             0x00003049   Thumb Code     0  llushr.o(.text)
    __aeabi_lasr                             0x0000306b   Thumb Code    38  llsshr.o(.text)
    _ll_sshift_r                             0x0000306b   Thumb Code     0  llsshr.o(.text)
    __I$use$fp                               0x00003091   Thumb Code     0  iusefp.o(.text)
    _float_round                             0x00003091   Thumb Code    16  fepilogue.o(.text)
    _float_epilogue                          0x000030a1   Thumb Code   114  fepilogue.o(.text)
    _double_round                            0x00003113   Thumb Code    26  depilogue.o(.text)
    _double_epilogue                         0x0000312d   Thumb Code   164  depilogue.o(.text)
    __scatterload                            0x000031d1   Thumb Code    28  init.o(.text)
    __scatterload_rt2                        0x000031d1   Thumb Code     0  init.o(.text)
    __ARM_clz                                0x000031f5   Thumb Code    46  depilogue.o(i.__ARM_clz)
    __ARM_common_switch8                     0x00003223   Thumb Code    28  system_swm181.o(i.__ARM_common_switch8)
    __scatterload_copy                       0x0000323f   Thumb Code    14  handlers.o(i.__scatterload_copy)
    __scatterload_null                       0x0000324d   Thumb Code     2  handlers.o(i.__scatterload_null)
    __scatterload_zeroinit                   0x0000324f   Thumb Code    14  handlers.o(i.__scatterload_zeroinit)
    Region$$Table$$Base                      0x0000325c   Number         0  anon$$obj.o(Region$$Table)
    Region$$Table$$Limit                     0x0000327c   Number         0  anon$$obj.o(Region$$Table)
    Flag_Systick                             0x20000000   Data           1  delay.o(.data)
    Res3_1                                   0x20000001   Data           1  judge.o(.data)
    Res4_1                                   0x20000002   Data           1  judge.o(.data)
    Res5_1                                   0x20000003   Data           1  judge.o(.data)
    Res2_2                                   0x20000004   Data           1  judge.o(.data)
    Res3_2                                   0x20000005   Data           1  judge.o(.data)
    Res4_2                                   0x20000006   Data           1  judge.o(.data)
    Res5_2                                   0x20000007   Data           1  judge.o(.data)
    stage1                                   0x20000008   Data           4  pid.o(.data)
    stage2                                   0x2000000c   Data           4  pid.o(.data)
    stage3                                   0x20000010   Data           4  pid.o(.data)
    SENDH_BUF                                0x20000028   Data           3  send.o(.data)
    SENDE_BUF                                0x2000002b   Data           2  send.o(.data)
    SEND_TTSH_BUF                            0x2000002d   Data           4  send.o(.data)
    SEND_Sidet_address                       0x20000031   Data           2  send.o(.data)
    SEND_Rod_address                         0x20000033   Data           2  send.o(.data)
    SEND_min_address                         0x20000035   Data           3  send.o(.data)
    SEND_s_address                           0x20000038   Data           3  send.o(.data)
    SEND_microwave_address                   0x2000003b   Data           2  send.o(.data)
    SEND_TSE_BUF                             0x2000003d   Data           2  send.o(.data)
    SENDE_0                                  0x2000003f   Data           8  send.o(.data)
    SENDE_100                                0x20000047   Data           8  send.o(.data)
    SENDE_200                                0x2000004f   Data           8  send.o(.data)
    SEND_set                                 0x20000057   Data           1  send.o(.data)
    SEND_stp                                 0x20000058   Data           1  send.o(.data)
    SEND_BUF                                 0x20000059   Data           8  send.o(.data)
    t                                        0x20000061   Data           1  send.o(.data)
    m                                        0x20000062   Data           1  send.o(.data)
    len                                      0x20000063   Data           1  send.o(.data)
    low_p                                    0x20000064   Data           1  send.o(.data)
    hjght_p                                  0x20000065   Data           1  send.o(.data)
    dacval                                   0x20000066   Data           2  send.o(.data)
    flag_0w                                  0x20000068   Data           4  timer.o(.data)
    flag_up_s                                0x2000006c   Data           4  timer.o(.data)
    taskflag                                 0x20000070   Data           4  timer.o(.data)
    upflag                                   0x20000074   Data           4  timer.o(.data)
    SEND_Microwave_OFF                       0x20000078   Data           8  timer.o(.data)
    UART1_RX_STA                             0x20000080   Data           2  uart1.o(.data)
    flag1                                    0x20000082   Data           1  uart1.o(.data)
    CapacitiveScreen                         0x20000084   Data           8  uart2.o(.data)
    Rxd_End                                  0x2000008c   Data           1  uart2.o(.data)
    UART_RXIndex                             0x20000090   Data           4  uart2.o(.data)
    UART2_RX_STA                             0x20000094   Data           2  uart2.o(.data)
    flag2                                    0x20000096   Data           1  uart2.o(.data)
    SETTIME                                  0x20000098   Data           4  up.o(.data)
    upinitflag                               0x2000009c   Data           4  up.o(.data)
    upintnubflag                             0x200000a0   Data           4  up.o(.data)
    Temp                                     0x200000a8   Data           8  adc.o(.data)
    Temp_2                                   0x200000b0   Data           8  adc.o(.data)
    View_temp                                0x200000b8   Data           8  measure.o(.data)
    View_adc                                 0x200000c0   Data           8  measure.o(.data)
    View_adc4                                0x200000c8   Data           8  measure.o(.data)
    View_temp4                               0x200000d0   Data           8  measure.o(.data)
    View_T                                   0x200000d8   Data           8  measure.o(.data)
    Point_Adc                                0x200000e0   Data           4  measure.o(.data)
    Range_Set                                0x200000e4   Data           4  measure.o(.data)
    TEMP                                     0x200000e8   Data           8  measure.o(.data)
    TEMP_2                                   0x200000f0   Data           8  measure.o(.data)
    SystemCoreClock                          0x200000f8   Data           4  system_swm181.o(.data)
    CyclesPerUs                              0x200000fc   Data           4  system_swm181.o(.data)
    pid                                      0x20000100   Data          48  pid.o(.bss)
    UART1_RX_BUF                             0x20000130   Data         128  uart1.o(.bss)
    buffer                                   0x200001b0   Data         128  uart1.o(.bss)
    UART_RXBuffer                            0x20000230   Data         128  uart2.o(.bss)
    UART2_RX_BUF                             0x200002b0   Data         128  uart2.o(.bss)
    SDADC_Result                             0x20000330   Data          16  adc.o(.bss)
    __initial_sp                             0x20000740   Data           0  startup_swm181.o(STACK)



==============================================================================

Memory Map of the image

  Image Entry point : 0x000000c1

  Load Region LR_IROM1 (Base: 0x00000000, Size: 0x0000337c, Max: 0x0001e000, ABSOLUTE)

    Execution Region ER_IROM1 (Exec base: 0x00000000, Load base: 0x00000000, Size: 0x0000327c, Max: 0x0001e000, ABSOLUTE)

    Exec Addr    Load Addr    Size         Type   Attr      Idx    E Section Name        Object

    0x00000000   0x00000000   0x000000c0   Data   RO          567    RESET               startup_swm181.o
    0x000000c0   0x000000c0   0x00000000   Code   RO         1005  * .ARM.Collect$$$$00000000  mc_p.l(entry.o)
    0x000000c0   0x000000c0   0x00000004   Code   RO         1044    .ARM.Collect$$$$00000001  mc_p.l(entry2.o)
    0x000000c4   0x000000c4   0x00000004   Code   RO         1047    .ARM.Collect$$$$00000004  mc_p.l(entry5.o)
    0x000000c8   0x000000c8   0x00000000   Code   RO         1049    .ARM.Collect$$$$00000008  mc_p.l(entry7b.o)
    0x000000c8   0x000000c8   0x00000000   Code   RO         1051    .ARM.Collect$$$$0000000A  mc_p.l(entry8b.o)
    0x000000c8   0x000000c8   0x00000008   Code   RO         1052    .ARM.Collect$$$$0000000B  mc_p.l(entry9a.o)
    0x000000d0   0x000000d0   0x00000004   Code   RO         1059    .ARM.Collect$$$$0000000E  mc_p.l(entry12b.o)
    0x000000d4   0x000000d4   0x00000000   Code   RO         1054    .ARM.Collect$$$$0000000F  mc_p.l(entry10a.o)
    0x000000d4   0x000000d4   0x00000000   Code   RO         1056    .ARM.Collect$$$$00000011  mc_p.l(entry11a.o)
    0x000000d4   0x000000d4   0x00000004   Code   RO         1045    .ARM.Collect$$$$00002712  mc_p.l(entry2.o)
    0x000000d8   0x000000d8   0x00000114   Code   RO            3    .text               main.o
    0x000001ec   0x000001ec   0x00000048   Code   RO          155    .text               delay.o
    0x00000234   0x00000234   0x000000ac   Code   RO          218    .text               io.o
    0x000002e0   0x000002e0   0x0000005c   Code   RO          241    .text               judge.o
    0x0000033c   0x0000033c   0x00000340   Code   RO          267    .text               pid.o
    0x0000067c   0x0000067c   0x00000218   Code   RO          295    .text               send.o
    0x00000894   0x00000894   0x000000f4   Code   RO          321    .text               timer.o
    0x00000988   0x00000988   0x000001b4   Code   RO          356    .text               uart1.o
    0x00000b3c   0x00000b3c   0x00000268   Code   RO          387    .text               uart2.o
    0x00000da4   0x00000da4   0x00000094   Code   RO          415    .text               up.o
    0x00000e38   0x00000e38   0x000002b8   Code   RO          446    .text               adc.o
    0x000010f0   0x000010f0   0x000000ac   Code   RO          513    .text               driver.o
    0x0000119c   0x0000119c   0x00000260   Code   RO          533    .text               system_swm181.o
    0x000013fc   0x000013fc   0x00000058   Code   RO          568    .text               startup_swm181.o
    0x00001454   0x00001454   0x00000270   Code   RO          763    .text               swm181_gpio.o
    0x000016c4   0x000016c4   0x00000144   Code   RO          803    .text               swm181_irqmux.o
    0x00001808   0x00001808   0x000002b0   Code   RO          826    .text               swm181_port.o
    0x00001ab8   0x00001ab8   0x000006e8   Code   RO          846    .text               swm181_pwm.o
    0x000021a0   0x000021a0   0x00000220   Code   RO          866    .text               swm181_sdadc.o
    0x000023c0   0x000023c0   0x000002c4   Code   RO          947    .text               swm181_timr.o
    0x00002684   0x00002684   0x0000033c   Code   RO          967    .text               swm181_uart.o
    0x000029c0   0x000029c0   0x0000002c   Code   RO         1008    .text               mc_p.l(uidiv.o)
    0x000029ec   0x000029ec   0x00000028   Code   RO         1010    .text               mc_p.l(idiv.o)
    0x00002a14   0x00002a14   0x00000024   Code   RO         1012    .text               mc_p.l(memcpya.o)
    0x00002a38   0x00002a38   0x000000b2   Code   RO         1016    .text               mf_p.l(fadd.o)
    0x00002aea   0x00002aea   0x0000007a   Code   RO         1018    .text               mf_p.l(fmul.o)
    0x00002b64   0x00002b64   0x00000168   Code   RO         1020    .text               mf_p.l(dadd.o)
    0x00002ccc   0x00002ccc   0x000000d0   Code   RO         1022    .text               mf_p.l(dmul.o)
    0x00002d9c   0x00002d9c   0x000000f0   Code   RO         1024    .text               mf_p.l(ddiv.o)
    0x00002e8c   0x00002e8c   0x00000016   Code   RO         1026    .text               mf_p.l(fflti.o)
    0x00002ea2   0x00002ea2   0x00000002   PAD
    0x00002ea4   0x00002ea4   0x00000028   Code   RO         1028    .text               mf_p.l(dflti.o)
    0x00002ecc   0x00002ecc   0x0000001c   Code   RO         1030    .text               mf_p.l(dfltui.o)
    0x00002ee8   0x00002ee8   0x00000032   Code   RO         1032    .text               mf_p.l(ffixi.o)
    0x00002f1a   0x00002f1a   0x00000002   PAD
    0x00002f1c   0x00002f1c   0x00000048   Code   RO         1034    .text               mf_p.l(dfixi.o)
    0x00002f64   0x00002f64   0x0000003c   Code   RO         1036    .text               mf_p.l(dfixui.o)
    0x00002fa0   0x00002fa0   0x00000028   Code   RO         1038    .text               mf_p.l(f2d.o)
    0x00002fc8   0x00002fc8   0x00000028   Code   RO         1040    .text               mf_p.l(cdrcmple.o)
    0x00002ff0   0x00002ff0   0x00000038   Code   RO         1042    .text               mf_p.l(d2f.o)
    0x00003028   0x00003028   0x00000020   Code   RO         1060    .text               mc_p.l(llshl.o)
    0x00003048   0x00003048   0x00000022   Code   RO         1062    .text               mc_p.l(llushr.o)
    0x0000306a   0x0000306a   0x00000026   Code   RO         1064    .text               mc_p.l(llsshr.o)
    0x00003090   0x00003090   0x00000000   Code   RO         1066    .text               mc_p.l(iusefp.o)
    0x00003090   0x00003090   0x00000082   Code   RO         1067    .text               mf_p.l(fepilogue.o)
    0x00003112   0x00003112   0x000000be   Code   RO         1069    .text               mf_p.l(depilogue.o)
    0x000031d0   0x000031d0   0x00000024   Code   RO         1073    .text               mc_p.l(init.o)
    0x000031f4   0x000031f4   0x0000002e   Code   RO         1071    i.__ARM_clz         mf_p.l(depilogue.o)
    0x00003222   0x00003222   0x0000001c   Code   RO          551    i.__ARM_common_switch8  system_swm181.o
    0x0000323e   0x0000323e   0x0000000e   Code   RO         1077    i.__scatterload_copy  mc_p.l(handlers.o)
    0x0000324c   0x0000324c   0x00000002   Code   RO         1078    i.__scatterload_null  mc_p.l(handlers.o)
    0x0000324e   0x0000324e   0x0000000e   Code   RO         1079    i.__scatterload_zeroinit  mc_p.l(handlers.o)
    0x0000325c   0x0000325c   0x00000020   Data   RO         1075    Region$$Table       anon$$obj.o


    Execution Region RW_IRAM1 (Exec base: 0x20000000, Load base: 0x0000327c, Size: 0x00000740, Max: 0x00004000, ABSOLUTE)

    Exec Addr    Load Addr    Size         Type   Attr      Idx    E Section Name        Object

    0x20000000   0x0000327c   0x00000001   Data   RW          156    .data               delay.o
    0x20000001   0x0000327d   0x00000007   Data   RW          242    .data               judge.o
    0x20000008   0x00003284   0x00000020   Data   RW          269    .data               pid.o
    0x20000028   0x000032a4   0x00000040   Data   RW          296    .data               send.o
    0x20000068   0x000032e4   0x00000018   Data   RW          322    .data               timer.o
    0x20000080   0x000032fc   0x00000003   Data   RW          358    .data               uart1.o
    0x20000083   0x000032ff   0x00000001   PAD
    0x20000084   0x00003300   0x00000013   Data   RW          389    .data               uart2.o
    0x20000097   0x00003313   0x00000001   PAD
    0x20000098   0x00003314   0x0000000c   Data   RW          416    .data               up.o
    0x200000a4   0x00003320   0x00000004   PAD
    0x200000a8   0x00003324   0x00000010   Data   RW          448    .data               adc.o
    0x200000b8   0x00003334   0x00000040   Data   RW          480    .data               measure.o
    0x200000f8   0x00003374   0x00000008   Data   RW          534    .data               system_swm181.o
    0x20000100        -       0x00000030   Zero   RW          268    .bss                pid.o
    0x20000130        -       0x00000100   Zero   RW          357    .bss                uart1.o
    0x20000230        -       0x00000100   Zero   RW          388    .bss                uart2.o
    0x20000330        -       0x00000010   Zero   RW          447    .bss                adc.o
    0x20000340        -       0x00000400   Zero   RW          565    STACK               startup_swm181.o


==============================================================================

Image component sizes


      Code (inc. data)   RO Data    RW Data    ZI Data      Debug   Object Name

       696         70          0         16         16       1859   adc.o
        72          8          0          1          0        799   delay.o
       172         18          0          0          0        735   driver.o
       172         12          0          0          0        422   io.o
        92         24          0          7          0        959   judge.o
       276         40          0          0          0      87443   main.o
         0          0          0         64          0        791   measure.o
       832         84          0         32         48       1629   pid.o
       536         80          0         64          0       3295   send.o
        88         10        192          0       1024       1892   startup_swm181.o
       624         18          0          0          0       4279   swm181_gpio.o
       324         14          0          0          0       7296   swm181_irqmux.o
       688         10          0          0          0       1264   swm181_port.o
      1768         18          0          0          0       5134   swm181_pwm.o
       544         18          0          0          0       4515   swm181_sdadc.o
       708          8          0          0          0       2934   swm181_timr.o
       828         16          0          0          0       6846   swm181_uart.o
       636         52          0          8          0       1753   system_swm181.o
       244         58          0         24          0       1275   timer.o
       436         32          0          3        256       7736   uart1.o
       616         40          0         19        256       2768   uart2.o
       148         26          0         12          0        823   up.o

    ----------------------------------------------------------------------
     10500        656        224        256       1600     146447   Object Totals
         0          0         32          0          0          0   (incl. Generated)
         0          0          0          6          0          0   (incl. Padding)

    ----------------------------------------------------------------------

      Code (inc. data)   RO Data    RW Data    ZI Data      Debug   Library Member Name

         0          0          0          0          0          0   entry.o
         0          0          0          0          0          0   entry10a.o
         0          0          0          0          0          0   entry11a.o
         4          0          0          0          0          0   entry12b.o
         8          4          0          0          0          0   entry2.o
         4          0          0          0          0          0   entry5.o
         0          0          0          0          0          0   entry7b.o
         0          0          0          0          0          0   entry8b.o
         8          4          0          0          0          0   entry9a.o
        30          0          0          0          0          0   handlers.o
        40          0          0          0          0         72   idiv.o
        36          8          0          0          0         68   init.o
         0          0          0          0          0          0   iusefp.o
        32          0          0          0          0         68   llshl.o
        38          0          0          0          0         68   llsshr.o
        34          0          0          0          0         68   llushr.o
        36          0          0          0          0         60   memcpya.o
        44          0          0          0          0         72   uidiv.o
        40          2          0          0          0         68   cdrcmple.o
        56          0          0          0          0         68   d2f.o
       360          6          0          0          0        140   dadd.o
       240          6          0          0          0         84   ddiv.o
       236          0          0          0          0        216   depilogue.o
        72         10          0          0          0         72   dfixi.o
        60         10          0          0          0         68   dfixui.o
        40          6          0          0          0         68   dflti.o
        28          4          0          0          0         68   dfltui.o
       208          6          0          0          0         88   dmul.o
        40          0          0          0          0         60   f2d.o
       178          0          0          0          0        108   fadd.o
       130          0          0          0          0        144   fepilogue.o
        50          0          0          0          0         60   ffixi.o
        22          0          0          0          0         68   fflti.o
       122          0          0          0          0         72   fmul.o

    ----------------------------------------------------------------------
      2200         66          0          0          0       1928   Library Totals
         4          0          0          0          0          0   (incl. Padding)

    ----------------------------------------------------------------------

      Code (inc. data)   RO Data    RW Data    ZI Data      Debug   Library Name

       314         16          0          0          0        476   mc_p.l
      1882         50          0          0          0       1452   mf_p.l

    ----------------------------------------------------------------------
      2200         66          0          0          0       1928   Library Totals

    ----------------------------------------------------------------------

==============================================================================


      Code (inc. data)   RO Data    RW Data    ZI Data      Debug   

     12700        722        224        256       1600     146319   Grand Totals
     12700        722        224        256       1600     146319   ELF Image Totals
     12700        722        224        256          0          0   ROM Totals

==============================================================================

    Total RO  Size (Code + RO Data)                12924 (  12.62kB)
    Total RW  Size (RW Data + ZI Data)              1856 (   1.81kB)
    Total ROM Size (Code + RO Data + RW Data)      13180 (  12.87kB)

==============================================================================

