<html>
<body>
<pre>
<h1>µVision Build Log</h1>
<h2>Tool Versions:</h2>
IDE-Version: ¦ÌVision V5.35.0.0
Copyright (C) 2021 ARM Ltd and ARM Germany GmbH. All rights reserved.
License Information: ji haoxiang, sadad, LIC=9WSKC-7IR82-30ZNC-7CJ2J-ZQP6I-CK05N
 
Tool Versions:
Toolchain:       MDK-ARM Plus  Version: 5.35.0.2
Toolchain Path:  C:\Keil_v5\ARM\ARMCC\Bin
C Compiler:      Armcc.exe V5.06 update 7 (build 960)
Assembler:       Armasm.exe V5.06 update 7 (build 960)
Linker/Locator:  ArmLink.exe V5.06 update 7 (build 960)
Library Manager: ArmAr.exe V5.06 update 7 (build 960)
Hex Converter:   FromElf.exe V5.06 update 7 (build 960)
CPU DLL:         SARMCM3.DLL V5.35.0.2
Dialog DLL:      DARMCM1.DLL V1.19.4.0
Target DLL:      Segger\JL2CM3.dll V2.99.40.0
Dialog DLL:      TARMCM1.DLL V1.14.4.0
 
<h2>Project:</h2>
D:\projet\weibo\official-06-jhx\official-05-judge.uvprojx
Project File Date:  02/15/2023

<h2>Output:</h2>
*** Using Compiler 'V5.06 update 7 (build 960)', folder: 'C:\Keil_v5\ARM\ARMCC\Bin'
Rebuild target 'official-05-judge'
compiling uart1.c...
compiling judge.c...
compiling IO.c...
compiling up.c...
compiling delay.c...
compiling main.c...
compiling adc.c...
compiling send.c...
compiling pid.c...
compiling timer.c...
compiling uart2.c...
compiling measure.c...
compiling driver.c...
assembling startup_SWM181.s...
compiling SWM181_cmp.c...
compiling SWM181_adc.c...
compiling SWM181_dma.c...
compiling SWM181_cache.c...
compiling SWM181_div.c...
compiling system_SWM181.c...
compiling SWM181_cordic.c...
compiling SWM181_can.c...
compiling SWM181_exti.c...
compiling SWM181_flash.c...
compiling SWM181_gpio.c...
compiling SWM181_i2c.c...
compiling SWM181_spi.c...
compiling SWM181_irqmux.c...
compiling SWM181_slcd.c...
compiling SWM181_port.c...
compiling SWM181_sdadc.c...
compiling SWM181_sleep.c...
compiling SWM181_timr.c...
compiling SWM181_pwm.c...
compiling SWM181_uart.c...
compiling SWM181_wdt.c...
linking...
Program Size: Code=10788 RO-data=224 RW-data=212 ZI-data=1588  
After Build - User command #1: fromelf --bin -o "D:\projet\weibo\official-06-jhx\out\official-05-judge.bin" "D:\projet\weibo\official-06-jhx\out\official-05-judge.axf"
".\out\official-05-judge.axf" - 0 Error(s), 0 Warning(s).

<h2>Software Packages used:</h2>

Package Vendor: Synwit
                http://www.synwit.com/pack/Synwit.SWM32_DFP.1.8.5.pack
                Synwit.SWM32_DFP.1.8.5
                Synwit 32bit MCU Device Support

<h2>Collection of Component include folders:</h2>
  C:\Users\20972\AppData\Local\Arm\Packs\Synwit\SWM32_DFP\1.8.5\CSL\SWM181\CMSIS\DeviceSupport

<h2>Collection of Component Files used:</h2>
Build Time Elapsed:  00:00:07
</pre>
</body>
</html>
