Component: ARM Compiler 5.06 update 7 (build 960) Tool: armlink [4d3601]

==============================================================================

Section Cross References

    main.o(.text) refers to system_swm181.o(.text) for SystemInit
    main.o(.text) refers to uart2.o(.text) for uart2_init
    main.o(.text) refers to io.o(.text) for IO_Init
    main.o(.text) refers to driver.o(.text) for DRIVER_Init
    main.o(.text) refers to adc.o(.text) for adc_Init
    main.o(.text) refers to pid.o(.text) for PID_Init
    main.o(.text) refers to uidiv.o(.text) for __aeabi_uidivmod
    main.o(.text) refers to swm181_timr.o(.text) for TIMR_Init
    main.o(.text) refers to swm181_irqmux.o(.text) for IRQ_Connect
    main.o(.text) refers to swm181_gpio.o(.text) for GPIO_SetBit
    main.o(.text) refers to timer.o(.text) for task
    main.o(.text) refers to send.o(.text) for MCU_t_screen
    main.o(.text) refers to judge.o(.text) for judge1
    main.o(.text) refers to up.o(.text) for up
    main.o(.text) refers to idiv.o(.text) for __aeabi_idivmod
    main.o(.text) refers to delay.o(.text) for delay_ms
    main.o(.text) refers to system_swm181.o(.data) for SystemCoreClock
    main.o(.text) refers to timer.o(.data) for taskflag
    main.o(.text) refers to uart1.o(.data) for flag1
    main.o(.text) refers to uart2.o(.data) for flag2
    main.o(.text) refers to up.o(.data) for time
    delay.o(.text) refers to swm181_timr.o(.text) for TIMR_INTClr
    delay.o(.text) refers to delay.o(.data) for .data
    io.o(.text) refers to swm181_gpio.o(.text) for GPIO_Init
    judge.o(.text) refers to uart2.o(.bss) for UART2_RX_BUF
    judge.o(.text) refers to judge.o(.data) for .data
    judge.o(.text) refers to uart1.o(.bss) for UART1_RX_BUF
    pid.o(.text) refers to d2f.o(.text) for __aeabi_d2f
    pid.o(.text) refers to dflti.o(.text) for __aeabi_i2d
    pid.o(.text) refers to dadd.o(.text) for __aeabi_dsub
    pid.o(.text) refers to dmul.o(.text) for __aeabi_dmul
    pid.o(.text) refers to dscalb.o(.text) for __ARM_scalbn
    pid.o(.text) refers to cdrcmple.o(.text) for __aeabi_cdrcmple
    pid.o(.text) refers to dfixi.o(.text) for __aeabi_d2iz
    pid.o(.text) refers to fflti.o(.text) for __aeabi_i2f
    pid.o(.text) refers to fadd.o(.text) for __aeabi_fsub
    pid.o(.text) refers to fscalb.o(.text) for __ARM_scalbnf
    pid.o(.text) refers to fmul.o(.text) for __aeabi_fmul
    pid.o(.text) refers to ffixi.o(.text) for __aeabi_f2iz
    pid.o(.text) refers to up.o(.data) for SETTEMP
    pid.o(.text) refers to pid.o(.bss) for .bss
    pid.o(.text) refers to measure.o(.data) for TEMP
    pid.o(.text) refers to pid.o(.data) for .data
    pid.o(.text) refers to up.o(.data) for SETTIME
    send.o(.text) refers to swm181_uart.o(.text) for UART_WriteByte
    send.o(.text) refers to pid.o(.text) for PID_realize
    send.o(.text) refers to dmul.o(.text) for __aeabi_dmul
    send.o(.text) refers to dfixi.o(.text) for __aeabi_d2iz
    send.o(.text) refers to send.o(.data) for .data
    send.o(.text) refers to measure.o(.data) for TEMP
    timer.o(.text) refers to swm181_timr.o(.text) for TIMR_INTClr
    timer.o(.text) refers to adc.o(.text) for adc_read
    timer.o(.text) refers to dflti.o(.text) for __aeabi_i2d
    timer.o(.text) refers to send.o(.text) for send_0
    timer.o(.text) refers to cdcmple.o(.text) for __aeabi_cdcmpeq
    timer.o(.text) refers to timer.o(.data) for .data
    timer.o(.text) refers to up.o(.data) for upinitflag
    timer.o(.text) refers to measure.o(.data) for TEMP
    timer.o(.text) refers to up.o(.data) for SETTEMP
    uart1.o(.text) refers to swm181_uart.o(.text) for UART_WriteByte
    uart1.o(.text) refers to swm181_port.o(.text) for PORT_Init
    uart1.o(.text) refers to swm181_irqmux.o(.text) for IRQ_Connect
    uart1.o(.text) refers to memcpya.o(.text) for __aeabi_memcpy
    uart1.o(.text) refers to uart1.o(.data) for .data
    uart1.o(.text) refers to uart1.o(.bss) for .bss
    uart2.o(.text) refers to swm181_port.o(.text) for PORT_Init
    uart2.o(.text) refers to swm181_uart.o(.text) for UART_Init
    uart2.o(.text) refers to swm181_irqmux.o(.text) for IRQ_Connect
    uart2.o(.text) refers to memcpya.o(.text) for __aeabi_memcpy
    uart2.o(.text) refers to printfa.o(i.__0printf) for __2printf
    uart2.o(.text) refers to uart2.o(.data) for .data
    uart2.o(.text) refers to uart2.o(.bss) for .bss
    up.o(.text) refers to send.o(.text) for send_100
    up.o(.text) refers to idiv.o(.text) for __aeabi_idivmod
    up.o(.text) refers to dflti.o(.text) for __aeabi_i2d
    up.o(.text) refers to dmul.o(.text) for __aeabi_dmul
    up.o(.text) refers to d2f.o(.text) for __aeabi_d2f
    up.o(.text) refers to dadd.o(.text) for __aeabi_dsub
    up.o(.text) refers to delay.o(.text) for delay_ms
    up.o(.text) refers to up.o(.data) for .data
    up.o(.text) refers to timer.o(.data) for flag_up_s
    up.o(.text) refers to pid.o(.bss) for pid
    adc.o(.text) refers to swm181_port.o(.text) for PORT_Init
[...]
    printfb.o(i.__0fprintf$bare) refers to uart1.o(.text) for fputc
    printfb.o(i.__0printf$bare) refers to printfb.o(i._printf_core) for _printf_core
    printfb.o(i.__0printf$bare) refers to uart1.o(.text) for fputc
    printfb.o(i.__0printf$bare) refers to stdout.o(.data) for __stdout
    printfb.o(i.__0snprintf$bare) refers to printfb.o(i._printf_core) for _printf_core
    printfb.o(i.__0snprintf$bare) refers to printfb.o(i._snputc) for _snputc
    printfb.o(i.__0sprintf$bare) refers to printfb.o(i._printf_core) for _printf_core
    printfb.o(i.__0sprintf$bare) refers to printfb.o(i._sputc) for _sputc
    printfb.o(i.__0vfprintf$bare) refers to printfb.o(i._printf_core) for _printf_core
    printfb.o(i.__0vfprintf$bare) refers to uart1.o(.text) for fputc
    printfb.o(i.__0vprintf$bare) refers to printfb.o(i._printf_core) for _printf_core
    printfb.o(i.__0vprintf$bare) refers to uart1.o(.text) for fputc
    printfb.o(i.__0vprintf$bare) refers to stdout.o(.data) for __stdout
    printfb.o(i.__0vsnprintf$bare) refers to printfb.o(i._printf_core) for _printf_core
    printfb.o(i.__0vsnprintf$bare) refers to printfb.o(i._snputc) for _snputc
    printfb.o(i.__0vsprintf$bare) refers to printfb.o(i._printf_core) for _printf_core
    printfb.o(i.__0vsprintf$bare) refers to printfb.o(i._sputc) for _sputc
    printf0.o(i.__0fprintf$0) refers to printf0.o(i._printf_core) for _printf_core
    printf0.o(i.__0fprintf$0) refers to uart1.o(.text) for fputc
    printf0.o(i.__0printf$0) refers to printf0.o(i._printf_core) for _printf_core
    printf0.o(i.__0printf$0) refers to uart1.o(.text) for fputc
    printf0.o(i.__0printf$0) refers to stdout.o(.data) for __stdout
    printf0.o(i.__0snprintf$0) refers to printf0.o(i._printf_core) for _printf_core
    printf0.o(i.__0snprintf$0) refers to printf0.o(i._snputc) for _snputc
    printf0.o(i.__0sprintf$0) refers to printf0.o(i._printf_core) for _printf_core
    printf0.o(i.__0sprintf$0) refers to printf0.o(i._sputc) for _sputc
    printf0.o(i.__0vfprintf$0) refers to printf0.o(i._printf_core) for _printf_core
    printf0.o(i.__0vfprintf$0) refers to uart1.o(.text) for fputc
    printf0.o(i.__0vprintf$0) refers to printf0.o(i._printf_core) for _printf_core
    printf0.o(i.__0vprintf$0) refers to uart1.o(.text) for fputc
    printf0.o(i.__0vprintf$0) refers to stdout.o(.data) for __stdout
    printf0.o(i.__0vsnprintf$0) refers to printf0.o(i._printf_core) for _printf_core
    printf0.o(i.__0vsnprintf$0) refers to printf0.o(i._snputc) for _snputc
    printf0.o(i.__0vsprintf$0) refers to printf0.o(i._printf_core) for _printf_core
    printf0.o(i.__0vsprintf$0) refers to printf0.o(i._sputc) for _sputc
    printf1.o(i.__0fprintf$1) refers to printf1.o(i._printf_core) for _printf_core
    printf1.o(i.__0fprintf$1) refers to uart1.o(.text) for fputc
    printf1.o(i.__0printf$1) refers to printf1.o(i._printf_core) for _printf_core
    printf1.o(i.__0printf$1) refers to uart1.o(.text) for fputc
    printf1.o(i.__0printf$1) refers to stdout.o(.data) for __stdout
    printf1.o(i.__0snprintf$1) refers to printf1.o(i._printf_core) for _printf_core
    printf1.o(i.__0snprintf$1) refers to printf1.o(i._snputc) for _snputc
    printf1.o(i.__0sprintf$1) refers to printf1.o(i._printf_core) for _printf_core
    printf1.o(i.__0sprintf$1) refers to printf1.o(i._sputc) for _sputc
    printf1.o(i.__0vfprintf$1) refers to printf1.o(i._printf_core) for _printf_core
    printf1.o(i.__0vfprintf$1) refers to uart1.o(.text) for fputc
    printf1.o(i.__0vprintf$1) refers to printf1.o(i._printf_core) for _printf_core
    printf1.o(i.__0vprintf$1) refers to uart1.o(.text) for fputc
    printf1.o(i.__0vprintf$1) refers to stdout.o(.data) for __stdout
    printf1.o(i.__0vsnprintf$1) refers to printf1.o(i._printf_core) for _printf_core
    printf1.o(i.__0vsnprintf$1) refers to printf1.o(i._snputc) for _snputc
    printf1.o(i.__0vsprintf$1) refers to printf1.o(i._printf_core) for _printf_core
    printf1.o(i.__0vsprintf$1) refers to printf1.o(i._sputc) for _sputc
    printf1.o(i._printf_core) refers to uidiv.o(.text) for __aeabi_uidivmod
    printf2.o(i.__0fprintf$2) refers to printf2.o(i._printf_core) for _printf_core
    printf2.o(i.__0fprintf$2) refers to uart1.o(.text) for fputc
    printf2.o(i.__0printf$2) refers to printf2.o(i._printf_core) for _printf_core
    printf2.o(i.__0printf$2) refers to uart1.o(.text) for fputc
    printf2.o(i.__0printf$2) refers to stdout.o(.data) for __stdout
    printf2.o(i.__0snprintf$2) refers to printf2.o(i._printf_core) for _printf_core
    printf2.o(i.__0snprintf$2) refers to printf2.o(i._snputc) for _snputc
    printf2.o(i.__0sprintf$2) refers to printf2.o(i._printf_core) for _printf_core
    printf2.o(i.__0sprintf$2) refers to printf2.o(i._sputc) for _sputc
    printf2.o(i.__0vfprintf$2) refers to printf2.o(i._printf_core) for _printf_core
    printf2.o(i.__0vfprintf$2) refers to uart1.o(.text) for fputc
    printf2.o(i.__0vprintf$2) refers to printf2.o(i._printf_core) for _printf_core
    printf2.o(i.__0vprintf$2) refers to uart1.o(.text) for fputc
    printf2.o(i.__0vprintf$2) refers to stdout.o(.data) for __stdout
    printf2.o(i.__0vsnprintf$2) refers to printf2.o(i._printf_core) for _printf_core
    printf2.o(i.__0vsnprintf$2) refers to printf2.o(i._snputc) for _snputc
    printf2.o(i.__0vsprintf$2) refers to printf2.o(i._printf_core) for _printf_core
    printf2.o(i.__0vsprintf$2) refers to printf2.o(i._sputc) for _sputc
    printf3.o(i.__0fprintf$3) refers to printf3.o(i._printf_core) for _printf_core
    printf3.o(i.__0fprintf$3) refers to uart1.o(.text) for fputc
    printf3.o(i.__0printf$3) refers to printf3.o(i._printf_core) for _printf_core
    printf3.o(i.__0printf$3) refers to uart1.o(.text) for fputc
    printf3.o(i.__0printf$3) refers to stdout.o(.data) for __stdout
    printf3.o(i.__0snprintf$3) refers to printf3.o(i._printf_core) for _printf_core
    printf3.o(i.__0snprintf$3) refers to printf3.o(i._snputc) for _snputc
    printf3.o(i.__0sprintf$3) refers to printf3.o(i._printf_core) for _printf_core
    printf3.o(i.__0sprintf$3) refers to printf3.o(i._sputc) for _sputc
    printf3.o(i.__0vfprintf$3) refers to printf3.o(i._printf_core) for _printf_core
    printf3.o(i.__0vfprintf$3) refers to uart1.o(.text) for fputc
    printf3.o(i.__0vprintf$3) refers to printf3.o(i._printf_core) for _printf_core
    printf3.o(i.__0vprintf$3) refers to uart1.o(.text) for fputc
    printf3.o(i.__0vprintf$3) refers to stdout.o(.data) for __stdout
    printf3.o(i.__0vsnprintf$3) refers to printf3.o(i._printf_core) for _printf_core
    printf3.o(i.__0vsnprintf$3) refers to printf3.o(i._snputc) for _snputc
    printf3.o(i.__0vsprintf$3) refers to printf3.o(i._printf_core) for _printf_core
    printf3.o(i.__0vsprintf$3) refers to printf3.o(i._sputc) for _sputc
    printf3.o(i._printf_core) refers to uidiv.o(.text) for __aeabi_uidivmod
    printf4.o(i.__0fprintf$4) refers to printf4.o(i._printf_core) for _printf_core
    printf4.o(i.__0fprintf$4) refers to uart1.o(.text) for fputc
    printf4.o(i.__0printf$4) refers to printf4.o(i._printf_core) for _printf_core
    printf4.o(i.__0printf$4) refers to uart1.o(.text) for fputc
    printf4.o(i.__0printf$4) refers to stdout.o(.data) for __stdout
    printf4.o(i.__0snprintf$4) refers to printf4.o(i._printf_core) for _printf_core
    printf4.o(i.__0snprintf$4) refers to printf4.o(i._snputc) for _snputc
    printf4.o(i.__0sprintf$4) refers to printf4.o(i._printf_core) for _printf_core
    printf4.o(i.__0sprintf$4) refers to printf4.o(i._sputc) for _sputc
    printf4.o(i.__0vfprintf$4) refers to printf4.o(i._printf_core) for _printf_core
    printf4.o(i.__0vfprintf$4) refers to uart1.o(.text) for fputc
    printf4.o(i.__0vprintf$4) refers to printf4.o(i._printf_core) for _printf_core
    printf4.o(i.__0vprintf$4) refers to uart1.o(.text) for fputc
    printf4.o(i.__0vprintf$4) refers to stdout.o(.data) for __stdout
    printf4.o(i.__0vsnprintf$4) refers to printf4.o(i._printf_core) for _printf_core
    printf4.o(i.__0vsnprintf$4) refers to printf4.o(i._snputc) for _snputc
    printf4.o(i.__0vsprintf$4) refers to printf4.o(i._printf_core) for _printf_core
    printf4.o(i.__0vsprintf$4) refers to printf4.o(i._sputc) for _sputc
    printf4.o(i._printf_core) refers to uldiv.o(.text) for __aeabi_uldivmod
    printf5.o(i.__0fprintf$5) refers to printf5.o(i._printf_core) for _printf_core
    printf5.o(i.__0fprintf$5) refers to uart1.o(.text) for fputc
    printf5.o(i.__0printf$5) refers to printf5.o(i._printf_core) for _printf_core
    printf5.o(i.__0printf$5) refers to uart1.o(.text) for fputc
    printf5.o(i.__0printf$5) refers to stdout.o(.data) for __stdout
    printf5.o(i.__0snprintf$5) refers to printf5.o(i._printf_core) for _printf_core
    printf5.o(i.__0snprintf$5) refers to printf5.o(i._snputc) for _snputc
    printf5.o(i.__0sprintf$5) refers to printf5.o(i._printf_core) for _printf_core
    printf5.o(i.__0sprintf$5) refers to printf5.o(i._sputc) for _sputc
    printf5.o(i.__0vfprintf$5) refers to printf5.o(i._printf_core) for _printf_core
    printf5.o(i.__0vfprintf$5) refers to uart1.o(.text) for fputc
    printf5.o(i.__0vprintf$5) refers to printf5.o(i._printf_core) for _printf_core
    printf5.o(i.__0vprintf$5) refers to uart1.o(.text) for fputc
    printf5.o(i.__0vprintf$5) refers to stdout.o(.data) for __stdout
    printf5.o(i.__0vsnprintf$5) refers to printf5.o(i._printf_core) for _printf_core
    printf5.o(i.__0vsnprintf$5) refers to printf5.o(i._snputc) for _snputc
    printf5.o(i.__0vsprintf$5) refers to printf5.o(i._printf_core) for _printf_core
    printf5.o(i.__0vsprintf$5) refers to printf5.o(i._sputc) for _sputc
    printf5.o(i._printf_core) refers to uldiv.o(.text) for __aeabi_uldivmod
    printf6.o(i.__0fprintf$6) refers to printf6.o(i._printf_core) for _printf_core
    printf6.o(i.__0fprintf$6) refers to uart1.o(.text) for fputc
    printf6.o(i.__0printf$6) refers to printf6.o(i._printf_core) for _printf_core
    printf6.o(i.__0printf$6) refers to uart1.o(.text) for fputc
    printf6.o(i.__0printf$6) refers to stdout.o(.data) for __stdout
    printf6.o(i.__0snprintf$6) refers to printf6.o(i._printf_core) for _printf_core
    printf6.o(i.__0snprintf$6) refers to printf6.o(i._snputc) for _snputc
    printf6.o(i.__0sprintf$6) refers to printf6.o(i._printf_core) for _printf_core
    printf6.o(i.__0sprintf$6) refers to printf6.o(i._sputc) for _sputc
    printf6.o(i.__0vfprintf$6) refers to printf6.o(i._printf_core) for _printf_core
    printf6.o(i.__0vfprintf$6) refers to uart1.o(.text) for fputc
    printf6.o(i.__0vprintf$6) refers to printf6.o(i._printf_core) for _printf_core
    printf6.o(i.__0vprintf$6) refers to uart1.o(.text) for fputc
    printf6.o(i.__0vprintf$6) refers to stdout.o(.data) for __stdout
    printf6.o(i.__0vsnprintf$6) refers to printf6.o(i._printf_core) for _printf_core
    printf6.o(i.__0vsnprintf$6) refers to printf6.o(i._snputc) for _snputc
    printf6.o(i.__0vsprintf$6) refers to printf6.o(i._printf_core) for _printf_core
    printf6.o(i.__0vsprintf$6) refers to printf6.o(i._sputc) for _sputc
    printf6.o(i._printf_core) refers to printf6.o(i._printf_pre_padding) for _printf_pre_padding
    printf6.o(i._printf_core) refers to printf6.o(i._printf_post_padding) for _printf_post_padding
    printf6.o(i._printf_core) refers to uidiv.o(.text) for __aeabi_uidivmod
    printf7.o(i.__0fprintf$7) refers to printf7.o(i._printf_core) for _printf_core
    printf7.o(i.__0fprintf$7) refers to uart1.o(.text) for fputc
    printf7.o(i.__0printf$7) refers to printf7.o(i._printf_core) for _printf_core
    printf7.o(i.__0printf$7) refers to uart1.o(.text) for fputc
    printf7.o(i.__0printf$7) refers to stdout.o(.data) for __stdout
    printf7.o(i.__0snprintf$7) refers to printf7.o(i._printf_core) for _printf_core
    printf7.o(i.__0snprintf$7) refers to printf7.o(i._snputc) for _snputc
    printf7.o(i.__0sprintf$7) refers to printf7.o(i._printf_core) for _printf_core
    printf7.o(i.__0sprintf$7) refers to printf7.o(i._sputc) for _sputc
    printf7.o(i.__0vfprintf$7) refers to printf7.o(i._printf_core) for _printf_core
    printf7.o(i.__0vfprintf$7) refers to uart1.o(.text) for fputc
    printf7.o(i.__0vprintf$7) refers to printf7.o(i._printf_core) for _printf_core
    printf7.o(i.__0vprintf$7) refers to uart1.o(.text) for fputc
    printf7.o(i.__0vprintf$7) refers to stdout.o(.data) for __stdout
    printf7.o(i.__0vsnprintf$7) refers to printf7.o(i._printf_core) for _printf_core
    printf7.o(i.__0vsnprintf$7) refers to printf7.o(i._snputc) for _snputc
    printf7.o(i.__0vsprintf$7) refers to printf7.o(i._printf_core) for _printf_core
    printf7.o(i.__0vsprintf$7) refers to printf7.o(i._sputc) for _sputc
    printf7.o(i._printf_core) refers to printf7.o(i._printf_pre_padding) for _printf_pre_padding
    printf7.o(i._printf_core) refers to printf7.o(i._printf_post_padding) for _printf_post_padding
    printf7.o(i._printf_core) refers to uldiv.o(.text) for __aeabi_uldivmod
    printf8.o(i.__0fprintf$8) refers to printf8.o(i._printf_core) for _printf_core
    printf8.o(i.__0fprintf$8) refers to uart1.o(.text) for fputc
    printf8.o(i.__0printf$8) refers to printf8.o(i._printf_core) for _printf_core
    printf8.o(i.__0printf$8) refers to uart1.o(.text) for fputc
    printf8.o(i.__0printf$8) refers to stdout.o(.data) for __stdout
    printf8.o(i.__0snprintf$8) refers to printf8.o(i._printf_core) for _printf_core
    printf8.o(i.__0snprintf$8) refers to printf8.o(i._snputc) for _snputc
    printf8.o(i.__0sprintf$8) refers to printf8.o(i._printf_core) for _printf_core
    printf8.o(i.__0sprintf$8) refers to printf8.o(i._sputc) for _sputc
    printf8.o(i.__0vfprintf$8) refers to printf8.o(i._printf_core) for _printf_core
    printf8.o(i.__0vfprintf$8) refers to uart1.o(.text) for fputc
    printf8.o(i.__0vprintf$8) refers to printf8.o(i._printf_core) for _printf_core
    printf8.o(i.__0vprintf$8) refers to uart1.o(.text) for fputc
    printf8.o(i.__0vprintf$8) refers to stdout.o(.data) for __stdout
    printf8.o(i.__0vsnprintf$8) refers to printf8.o(i._printf_core) for _printf_core
    printf8.o(i.__0vsnprintf$8) refers to printf8.o(i._snputc) for _snputc
    printf8.o(i.__0vsprintf$8) refers to printf8.o(i._printf_core) for _printf_core
    printf8.o(i.__0vsprintf$8) refers to printf8.o(i._sputc) for _sputc
    printf8.o(i._printf_core) refers to printf8.o(i._printf_pre_padding) for _printf_pre_padding
    printf8.o(i._printf_core) refers to printf8.o(i._printf_post_padding) for _printf_post_padding
    printf8.o(i._printf_core) refers to uldiv.o(.text) for __aeabi_uldivmod
    printfa.o(i.__0fprintf) refers (Special) to iusefp.o(.text) for __I$use$fp
    printfa.o(i.__0fprintf) refers to printfa.o(i._printf_core) for _printf_core
    printfa.o(i.__0fprintf) refers to uart1.o(.text) for fputc
    printfa.o(i.__0printf) refers (Special) to iusefp.o(.text) for __I$use$fp
    printfa.o(i.__0printf) refers to printfa.o(i._printf_core) for _printf_core
    printfa.o(i.__0printf) refers to uart1.o(.text) for fputc
    printfa.o(i.__0printf) refers to stdout.o(.data) for __stdout
    printfa.o(i.__0snprintf) refers (Special) to iusefp.o(.text) for __I$use$fp
    printfa.o(i.__0snprintf) refers to printfa.o(i._printf_core) for _printf_core
    printfa.o(i.__0snprintf) refers to printfa.o(i._snputc) for _snputc
    printfa.o(i.__0sprintf) refers (Special) to iusefp.o(.text) for __I$use$fp
    printfa.o(i.__0sprintf) refers to printfa.o(i._printf_core) for _printf_core
    printfa.o(i.__0sprintf) refers to printfa.o(i._sputc) for _sputc
    printfa.o(i.__0vfprintf) refers (Special) to iusefp.o(.text) for __I$use$fp
    printfa.o(i.__0vfprintf) refers to printfa.o(i._printf_core) for _printf_core
    printfa.o(i.__0vfprintf) refers to uart1.o(.text) for fputc
    printfa.o(i.__0vprintf) refers (Special) to iusefp.o(.text) for __I$use$fp
    printfa.o(i.__0vprintf) refers to printfa.o(i._printf_core) for _printf_core
    printfa.o(i.__0vprintf) refers to uart1.o(.text) for fputc
    printfa.o(i.__0vprintf) refers to stdout.o(.data) for __stdout
    printfa.o(i.__0vsnprintf) refers (Special) to iusefp.o(.text) for __I$use$fp
    printfa.o(i.__0vsnprintf) refers to printfa.o(i._printf_core) for _printf_core
    printfa.o(i.__0vsnprintf) refers to printfa.o(i._snputc) for _snputc
    printfa.o(i.__0vsprintf) refers (Special) to iusefp.o(.text) for __I$use$fp
    printfa.o(i.__0vsprintf) refers to printfa.o(i._printf_core) for _printf_core
    printfa.o(i.__0vsprintf) refers to printfa.o(i._sputc) for _sputc
    printfa.o(i._fp_digits) refers (Special) to iusefp.o(.text) for __I$use$fp
    printfa.o(i._fp_digits) refers to dmul.o(.text) for __aeabi_dmul
    printfa.o(i._fp_digits) refers to ddiv.o(.text) for __aeabi_ddiv
    printfa.o(i._fp_digits) refers to cdrcmple.o(.text) for __aeabi_cdrcmple
    printfa.o(i._fp_digits) refers to dadd.o(.text) for __aeabi_dadd
    printfa.o(i._fp_digits) refers to dfixul.o(.text) for __aeabi_d2ulz
    printfa.o(i._fp_digits) refers to uldiv.o(.text) for __aeabi_uldivmod
    printfa.o(i._printf_core) refers (Special) to iusefp.o(.text) for __I$use$fp
    printfa.o(i._printf_core) refers to printfa.o(i._printf_pre_padding) for _printf_pre_padding
    printfa.o(i._printf_core) refers to uldiv.o(.text) for __aeabi_uldivmod
    printfa.o(i._printf_core) refers to printfa.o(i._printf_post_padding) for _printf_post_padding
    printfa.o(i._printf_core) refers to printfa.o(i._fp_digits) for _fp_digits
    printfa.o(i._printf_core) refers to uidiv.o(.text) for __aeabi_uidivmod
    printfa.o(i._printf_post_padding) refers (Special) to iusefp.o(.text) for __I$use$fp
    printfa.o(i._printf_pre_padding) refers (Special) to iusefp.o(.text) for __I$use$fp
    printfa.o(i._snputc) refers (Special) to iusefp.o(.text) for __I$use$fp
    printfa.o(i._sputc) refers (Special) to iusefp.o(.text) for __I$use$fp
    fadd.o(.text) refers (Special) to iusefp.o(.text) for __I$use$fp
    fadd.o(.text) refers to fepilogue.o(.text) for _float_epilogue
    fmul.o(.text) refers (Special) to iusefp.o(.text) for __I$use$fp
    fscalb.o(.text) refers (Special) to iusefp.o(.text) for __I$use$fp
    dadd.o(.text) refers (Special) to iusefp.o(.text) for __I$use$fp
    dadd.o(.text) refers to llshl.o(.text) for __aeabi_llsl
    dadd.o(.text) refers to llsshr.o(.text) for __aeabi_lasr
    dadd.o(.text) refers to depilogue.o(.text) for _double_epilogue
    dmul.o(.text) refers (Special) to iusefp.o(.text) for __I$use$fp
    dmul.o(.text) refers to depilogue.o(.text) for _double_epilogue
    ddiv.o(.text) refers (Special) to iusefp.o(.text) for __I$use$fp
    ddiv.o(.text) refers to depilogue.o(.text) for _double_round
    dscalb.o(.text) refers (Special) to iusefp.o(.text) for __I$use$fp
    fflti.o(.text) refers (Special) to iusefp.o(.text) for __I$use$fp
    fflti.o(.text) refers to fepilogue.o(.text) for _float_epilogue
    dflti.o(.text) refers (Special) to iusefp.o(.text) for __I$use$fp
    dflti.o(.text) refers to depilogue.o(.text) for _double_epilogue
    ffixi.o(.text) refers (Special) to iusefp.o(.text) for __I$use$fp
    dfixi.o(.text) refers (Special) to iusefp.o(.text) for __I$use$fp
    dfixi.o(.text) refers to llushr.o(.text) for __aeabi_llsr
    f2d.o(.text) refers (Special) to iusefp.o(.text) for __I$use$fp
    cdcmple.o(.text) refers (Special) to iusefp.o(.text) for __I$use$fp
    cdrcmple.o(.text) refers (Special) to iusefp.o(.text) for __I$use$fp
    d2f.o(.text) refers (Special) to iusefp.o(.text) for __I$use$fp
    d2f.o(.text) refers to fepilogue.o(.text) for _float_round
    entry2.o(.ARM.Collect$$$$00000001) refers to entry2.o(.ARM.Collect$$$$00002712) for __lit__00000000
    entry2.o(.ARM.Collect$$$$00002712) refers to startup_swm181.o(STACK) for __initial_sp
    entry2.o(__vectab_stack_and_reset_area) refers to startup_swm181.o(STACK) for __initial_sp
    entry2.o(__vectab_stack_and_reset_area) refers to entry.o(.ARM.Collect$$$$00000000) for __main
    entry5.o(.ARM.Collect$$$$00000004) refers to init.o(.text) for __scatterload
    entry9a.o(.ARM.Collect$$$$0000000B) refers to main.o(.text) for main
    entry9b.o(.ARM.Collect$$$$0000000C) refers to main.o(.text) for main
    uldiv.o(.text) refers to llushr.o(.text) for __aeabi_llsr
    uldiv.o(.text) refers to llshl.o(.text) for __aeabi_llsl
    depilogue.o(.text) refers to depilogue.o(i.__ARM_clz) for __ARM_clz
    depilogue.o(.text) refers to llshl.o(.text) for __aeabi_llsl
    depilogue.o(.text) refers to llushr.o(.text) for __aeabi_llsr
    dfixul.o(.text) refers to llushr.o(.text) for __aeabi_llsr
    dfixul.o(.text) refers to llshl.o(.text) for __aeabi_llsl
    init.o(.text) refers to entry5.o(.ARM.Collect$$$$00000004) for __main_after_scatterload


==============================================================================

Removing Unused input sections from the image.

    Removing main.o(.rev16_text), (4 bytes).
    Removing main.o(.revsh_text), (4 bytes).
    Removing delay.o(.rev16_text), (4 bytes).
    Removing delay.o(.revsh_text), (4 bytes).
    Removing io.o(.rev16_text), (4 bytes).
    Removing io.o(.revsh_text), (4 bytes).
    Removing judge.o(.rev16_text), (4 bytes).
    Removing judge.o(.revsh_text), (4 bytes).
    Removing judge.o(.data), (1 bytes).
    Removing judge.o(.data), (1 bytes).
    Removing judge.o(.data), (1 bytes).
    Removing pid.o(.rev16_text), (4 bytes).
    Removing pid.o(.revsh_text), (4 bytes).
    Removing send.o(.rev16_text), (4 bytes).
    Removing send.o(.revsh_text), (4 bytes).
    Removing send.o(.data), (2 bytes).
    Removing send.o(.data), (2 bytes).
    Removing send.o(.data), (1 bytes).
    Removing send.o(.data), (1 bytes).
    Removing send.o(.data), (1 bytes).
    Removing send.o(.data), (1 bytes).
    Removing timer.o(.rev16_text), (4 bytes).
    Removing timer.o(.revsh_text), (4 bytes).
    Removing timer.o(.data), (8 bytes).
    Removing uart1.o(.rev16_text), (4 bytes).
    Removing uart1.o(.revsh_text), (4 bytes).
    Removing uart2.o(.rev16_text), (4 bytes).
    Removing uart2.o(.revsh_text), (4 bytes).
    Removing up.o(.rev16_text), (4 bytes).
    Removing up.o(.revsh_text), (4 bytes).
    Removing adc.o(.rev16_text), (4 bytes).
    Removing adc.o(.revsh_text), (4 bytes).
    Removing measure.o(.rev16_text), (4 bytes).
    Removing measure.o(.revsh_text), (4 bytes).
    Removing measure.o(.text), (404 bytes).
    Removing measure.o(.bss), (512 bytes).
    Removing measure.o(.data), (32 bytes).
    Removing measure.o(.data), (8 bytes).
    Removing measure.o(.data), (8 bytes).
    Removing driver.o(.rev16_text), (4 bytes).
    Removing driver.o(.revsh_text), (4 bytes).
    Removing system_swm181.o(.rev16_text), (4 bytes).
    Removing system_swm181.o(.revsh_text), (4 bytes).
    Removing startup_swm181.o(HEAP), (0 bytes).
    Removing swm181_adc.o(.rev16_text), (4 bytes).
    Removing swm181_adc.o(.revsh_text), (4 bytes).
    Removing swm181_adc.o(.text), (636 bytes).
    Removing swm181_cache.o(.rev16_text), (4 bytes).
    Removing swm181_cache.o(.revsh_text), (4 bytes).
    Removing swm181_cache.o(.text), (168 bytes).
    Removing swm181_can.o(.rev16_text), (4 bytes).
    Removing swm181_can.o(.revsh_text), (4 bytes).
    Removing swm181_can.o(.text), (856 bytes).
    Removing swm181_cmp.o(.rev16_text), (4 bytes).
    Removing swm181_cmp.o(.revsh_text), (4 bytes).
    Removing swm181_cmp.o(.text), (496 bytes).
    Removing swm181_cordic.o(.rev16_text), (4 bytes).
    Removing swm181_cordic.o(.revsh_text), (4 bytes).
    Removing swm181_cordic.o(.text), (28 bytes).
    Removing swm181_div.o(.rev16_text), (4 bytes).
    Removing swm181_div.o(.revsh_text), (4 bytes).
    Removing swm181_div.o(.text), (20 bytes).
    Removing swm181_dma.o(.rev16_text), (4 bytes).
    Removing swm181_dma.o(.revsh_text), (4 bytes).
    Removing swm181_dma.o(.text), (604 bytes).
    Removing swm181_exti.o(.rev16_text), (4 bytes).
    Removing swm181_exti.o(.revsh_text), (4 bytes).
    Removing swm181_exti.o(.text), (136 bytes).
    Removing swm181_flash.o(.rev16_text), (4 bytes).
    Removing swm181_flash.o(.revsh_text), (4 bytes).
    Removing swm181_flash.o(.text), (196 bytes).
    Removing swm181_flash.o(PlaceInRAM), (96 bytes).
    Removing swm181_flash.o(.data), (4 bytes).
    Removing swm181_gpio.o(.rev16_text), (4 bytes).
    Removing swm181_gpio.o(.revsh_text), (4 bytes).
    Removing swm181_i2c.o(.rev16_text), (4 bytes).
    Removing swm181_i2c.o(.revsh_text), (4 bytes).
    Removing swm181_i2c.o(.text), (444 bytes).
    Removing swm181_irqmux.o(.rev16_text), (4 bytes).
    Removing swm181_irqmux.o(.revsh_text), (4 bytes).
    Removing swm181_port.o(.rev16_text), (4 bytes).
    Removing swm181_port.o(.revsh_text), (4 bytes).
    Removing swm181_pwm.o(.rev16_text), (4 bytes).
    Removing swm181_pwm.o(.revsh_text), (4 bytes).
    Removing swm181_pwm.o(.text), (1384 bytes).
    Removing swm181_sdadc.o(.rev16_text), (4 bytes).
    Removing swm181_sdadc.o(.revsh_text), (4 bytes).
    Removing swm181_slcd.o(.rev16_text), (4 bytes).
    Removing swm181_slcd.o(.revsh_text), (4 bytes).
    Removing swm181_slcd.o(.text), (144 bytes).
    Removing swm181_sleep.o(.rev16_text), (4 bytes).
    Removing swm181_sleep.o(.revsh_text), (4 bytes).
    Removing swm181_sleep.o(.emb_text), (40 bytes).
    Removing swm181_sleep.o(.data), (24 bytes).
    Removing swm181_sleep.o(.data), (40 bytes).
    Removing swm181_spi.o(.rev16_text), (4 bytes).
    Removing swm181_spi.o(.revsh_text), (4 bytes).
    Removing swm181_spi.o(.text), (492 bytes).
    Removing swm181_timr.o(.rev16_text), (4 bytes).
    Removing swm181_timr.o(.revsh_text), (4 bytes).
    Removing swm181_uart.o(.rev16_text), (4 bytes).
    Removing swm181_uart.o(.revsh_text), (4 bytes).
    Removing swm181_wdt.o(.rev16_text), (4 bytes).
    Removing swm181_wdt.o(.revsh_text), (4 bytes).
    Removing swm181_wdt.o(.text), (98 bytes).
    Removing f2d.o(.text), (40 bytes).
    Removing swm181_dma.o(i.__ARM_common_switch8), (26 bytes).

107 unused section(s) (total 7235 bytes) removed from the image.

==============================================================================

Image Symbol Table

    Local Symbols

    Symbol Name                              Value     Ov Type        Size  Object(Section)

    RESET                                    0x00000000   Section      192  startup_swm181.o(RESET)
    ../clib/microlib/division.c              0x00000000   Number         0  uidiv.o ABSOLUTE
    ../clib/microlib/division.c              0x00000000   Number         0  uldiv.o ABSOLUTE
    ../clib/microlib/division.c              0x00000000   Number         0  idiv.o ABSOLUTE
    ../clib/microlib/init/entry.s            0x00000000   Number         0  entry9b.o ABSOLUTE
    ../clib/microlib/init/entry.s            0x00000000   Number         0  entry12a.o ABSOLUTE
    ../clib/microlib/init/entry.s            0x00000000   Number         0  entry11a.o ABSOLUTE
    ../clib/microlib/init/entry.s            0x00000000   Number         0  entry10b.o ABSOLUTE
    ../clib/microlib/init/entry.s            0x00000000   Number         0  entry10a.o ABSOLUTE
    ../clib/microlib/init/entry.s            0x00000000   Number         0  entry11b.o ABSOLUTE
    ../clib/microlib/init/entry.s            0x00000000   Number         0  entry7a.o ABSOLUTE
    ../clib/microlib/init/entry.s            0x00000000   Number         0  entry12b.o ABSOLUTE
    ../clib/microlib/init/entry.s            0x00000000   Number         0  entry9a.o ABSOLUTE
    ../clib/microlib/init/entry.s            0x00000000   Number         0  entry8b.o ABSOLUTE
    ../clib/microlib/init/entry.s            0x00000000   Number         0  entry.o ABSOLUTE
    ../clib/microlib/init/entry.s            0x00000000   Number         0  entry8a.o ABSOLUTE
    ../clib/microlib/init/entry.s            0x00000000   Number         0  entry7b.o ABSOLUTE
    ../clib/microlib/init/entry.s            0x00000000   Number         0  entry5.o ABSOLUTE
    ../clib/microlib/init/entry.s            0x00000000   Number         0  entry2.o ABSOLUTE
    ../clib/microlib/longlong.c              0x00000000   Number         0  llshl.o ABSOLUTE
    ../clib/microlib/longlong.c              0x00000000   Number         0  llsshr.o ABSOLUTE
    ../clib/microlib/longlong.c              0x00000000   Number         0  llushr.o ABSOLUTE
    ../clib/microlib/printf/printf.c         0x00000000   Number         0  printf5.o ABSOLUTE
    ../clib/microlib/printf/printf.c         0x00000000   Number         0  printf4.o ABSOLUTE
    ../clib/microlib/printf/printf.c         0x00000000   Number         0  printf3.o ABSOLUTE
    ../clib/microlib/printf/printf.c         0x00000000   Number         0  printfb.o ABSOLUTE
    ../clib/microlib/printf/printf.c         0x00000000   Number         0  printf0.o ABSOLUTE
    ../clib/microlib/printf/printf.c         0x00000000   Number         0  printf2.o ABSOLUTE
    ../clib/microlib/printf/printf.c         0x00000000   Number         0  printfa.o ABSOLUTE
    ../clib/microlib/printf/printf.c         0x00000000   Number         0  printf8.o ABSOLUTE
    ../clib/microlib/printf/printf.c         0x00000000   Number         0  printf1.o ABSOLUTE
    ../clib/microlib/printf/printf.c         0x00000000   Number         0  printf7.o ABSOLUTE
    ../clib/microlib/printf/printf.c         0x00000000   Number         0  printf6.o ABSOLUTE
    ../clib/microlib/printf/stubs.s          0x00000000   Number         0  stubs.o ABSOLUTE
    ../clib/microlib/stdio/streams.c         0x00000000   Number         0  stdout.o ABSOLUTE
    ../clib/microlib/string/memcpy.c         0x00000000   Number         0  memcpyb.o ABSOLUTE
    ../clib/microlib/string/memcpy.c         0x00000000   Number         0  memcpya.o ABSOLUTE
    ../clib/microlib/stubs.s                 0x00000000   Number         0  iusefp.o ABSOLUTE
    ../fplib/microlib/d2f.c                  0x00000000   Number         0  d2f.o ABSOLUTE
    ../fplib/microlib/f2d.c                  0x00000000   Number         0  f2d.o ABSOLUTE
    ../fplib/microlib/fpadd.c                0x00000000   Number         0  fadd.o ABSOLUTE
    ../fplib/microlib/fpadd.c                0x00000000   Number         0  dadd.o ABSOLUTE
    ../fplib/microlib/fpdiv.c                0x00000000   Number         0  ddiv.o ABSOLUTE
    ../fplib/microlib/fpepilogue.c           0x00000000   Number         0  depilogue.o ABSOLUTE
    ../fplib/microlib/fpepilogue.c           0x00000000   Number         0  fepilogue.o ABSOLUTE
    ../fplib/microlib/fpfix.c                0x00000000   Number         0  dfixul.o ABSOLUTE
    ../fplib/microlib/fpfix.c                0x00000000   Number         0  dfixi.o ABSOLUTE
    ../fplib/microlib/fpfix.c                0x00000000   Number         0  ffixi.o ABSOLUTE
    ../fplib/microlib/fpflt.c                0x00000000   Number         0  fflti.o ABSOLUTE
    ../fplib/microlib/fpflt.c                0x00000000   Number         0  dflti.o ABSOLUTE
    ../fplib/microlib/fpmul.c                0x00000000   Number         0  fmul.o ABSOLUTE
    ../fplib/microlib/fpmul.c                0x00000000   Number         0  dmul.o ABSOLUTE
    ../fplib/microlib/fpscalb.c              0x00000000   Number         0  fscalb.o ABSOLUTE
    ../fplib/microlib/fpscalb.c              0x00000000   Number         0  dscalb.o ABSOLUTE
    APP\IO.c                                 0x00000000   Number         0  io.o ABSOLUTE
    APP\\IO.c                                0x00000000   Number         0  io.o ABSOLUTE
    APP\\adc.c                               0x00000000   Number         0  adc.o ABSOLUTE
    APP\\delay.c                             0x00000000   Number         0  delay.o ABSOLUTE
    APP\\driver.c                            0x00000000   Number         0  driver.o ABSOLUTE
    APP\\judge.c                             0x00000000   Number         0  judge.o ABSOLUTE
    APP\\measure.c                           0x00000000   Number         0  measure.o ABSOLUTE
    APP\\pid.c                               0x00000000   Number         0  pid.o ABSOLUTE
    APP\\send.c                              0x00000000   Number         0  send.o ABSOLUTE
    APP\\timer.c                             0x00000000   Number         0  timer.o ABSOLUTE
    APP\\uart1.c                             0x00000000   Number         0  uart1.o ABSOLUTE
    APP\\uart2.c                             0x00000000   Number         0  uart2.o ABSOLUTE
    APP\\up.c                                0x00000000   Number         0  up.o ABSOLUTE
    APP\adc.c                                0x00000000   Number         0  adc.o ABSOLUTE
    APP\delay.c                              0x00000000   Number         0  delay.o ABSOLUTE
    APP\driver.c                             0x00000000   Number         0  driver.o ABSOLUTE
    APP\judge.c                              0x00000000   Number         0  judge.o ABSOLUTE
    APP\measure.c                            0x00000000   Number         0  measure.o ABSOLUTE
    APP\pid.c                                0x00000000   Number         0  pid.o ABSOLUTE
    APP\send.c                               0x00000000   Number         0  send.o ABSOLUTE
    APP\timer.c                              0x00000000   Number         0  timer.o ABSOLUTE
    APP\uart1.c                              0x00000000   Number         0  uart1.o ABSOLUTE
    APP\uart2.c                              0x00000000   Number         0  uart2.o ABSOLUTE
    APP\up.c                                 0x00000000   Number         0  up.o ABSOLUTE
    CSL\CMSIS\DeviceSupport\startup\arm\startup_SWM181.s 0x00000000   Number         0  startup_swm181.o ABSOLUTE
    CSL\CMSIS\DeviceSupport\system_SWM181.c  0x00000000   Number         0  system_swm181.o ABSOLUTE
    CSL\SWM181_StdPeriph_Driver\SWM181_adc.c 0x00000000   Number         0  swm181_adc.o ABSOLUTE
    CSL\SWM181_StdPeriph_Driver\SWM181_cache.c 0x00000000   Number         0  swm181_cache.o ABSOLUTE
    CSL\SWM181_StdPeriph_Driver\SWM181_can.c 0x00000000   Number         0  swm181_can.o ABSOLUTE
    CSL\SWM181_StdPeriph_Driver\SWM181_cmp.c 0x00000000   Number         0  swm181_cmp.o ABSOLUTE
    CSL\SWM181_StdPeriph_Driver\SWM181_cordic.c 0x00000000   Number         0  swm181_cordic.o ABSOLUTE
    CSL\SWM181_StdPeriph_Driver\SWM181_div.c 0x00000000   Number         0  swm181_div.o ABSOLUTE
    CSL\SWM181_StdPeriph_Driver\SWM181_dma.c 0x00000000   Number         0  swm181_dma.o ABSOLUTE
    CSL\SWM181_StdPeriph_Driver\SWM181_exti.c 0x00000000   Number         0  swm181_exti.o ABSOLUTE
    CSL\SWM181_StdPeriph_Driver\SWM181_flash.c 0x00000000   Number         0  swm181_flash.o ABSOLUTE
    CSL\SWM181_StdPeriph_Driver\SWM181_gpio.c 0x00000000   Number         0  swm181_gpio.o ABSOLUTE
    CSL\SWM181_StdPeriph_Driver\SWM181_i2c.c 0x00000000   Number         0  swm181_i2c.o ABSOLUTE
    CSL\SWM181_StdPeriph_Driver\SWM181_irqmux.c 0x00000000   Number         0  swm181_irqmux.o ABSOLUTE
    CSL\SWM181_StdPeriph_Driver\SWM181_port.c 0x00000000   Number         0  swm181_port.o ABSOLUTE
    CSL\SWM181_StdPeriph_Driver\SWM181_pwm.c 0x00000000   Number         0  swm181_pwm.o ABSOLUTE
    CSL\SWM181_StdPeriph_Driver\SWM181_sdadc.c 0x00000000   Number         0  swm181_sdadc.o ABSOLUTE
    CSL\SWM181_StdPeriph_Driver\SWM181_slcd.c 0x00000000   Number         0  swm181_slcd.o ABSOLUTE
    CSL\SWM181_StdPeriph_Driver\SWM181_sleep.c 0x00000000   Number         0  swm181_sleep.o ABSOLUTE
    CSL\SWM181_StdPeriph_Driver\SWM181_spi.c 0x00000000   Number         0  swm181_spi.o ABSOLUTE
    CSL\SWM181_StdPeriph_Driver\SWM181_timr.c 0x00000000   Number         0  swm181_timr.o ABSOLUTE
    CSL\SWM181_StdPeriph_Driver\SWM181_uart.c 0x00000000   Number         0  swm181_uart.o ABSOLUTE
    CSL\SWM181_StdPeriph_Driver\SWM181_wdt.c 0x00000000   Number         0  swm181_wdt.o ABSOLUTE
    CSL\\CMSIS\\DeviceSupport\\system_SWM181.c 0x00000000   Number         0  system_swm181.o ABSOLUTE
    CSL\\SWM181_StdPeriph_Driver\\SWM181_adc.c 0x00000000   Number         0  swm181_adc.o ABSOLUTE
    CSL\\SWM181_StdPeriph_Driver\\SWM181_cache.c 0x00000000   Number         0  swm181_cache.o ABSOLUTE
    CSL\\SWM181_StdPeriph_Driver\\SWM181_can.c 0x00000000   Number         0  swm181_can.o ABSOLUTE
    CSL\\SWM181_StdPeriph_Driver\\SWM181_cmp.c 0x00000000   Number         0  swm181_cmp.o ABSOLUTE
    CSL\\SWM181_StdPeriph_Driver\\SWM181_cordic.c 0x00000000   Number         0  swm181_cordic.o ABSOLUTE
    CSL\\SWM181_StdPeriph_Driver\\SWM181_div.c 0x00000000   Number         0  swm181_div.o ABSOLUTE
    CSL\\SWM181_StdPeriph_Driver\\SWM181_dma.c 0x00000000   Number         0  swm181_dma.o ABSOLUTE
    CSL\\SWM181_StdPeriph_Driver\\SWM181_exti.c 0x00000000   Number         0  swm181_exti.o ABSOLUTE
    CSL\\SWM181_StdPeriph_Driver\\SWM181_flash.c 0x00000000   Number         0  swm181_flash.o ABSOLUTE
    CSL\\SWM181_StdPeriph_Driver\\SWM181_gpio.c 0x00000000   Number         0  swm181_gpio.o ABSOLUTE
    CSL\\SWM181_StdPeriph_Driver\\SWM181_i2c.c 0x00000000   Number         0  swm181_i2c.o ABSOLUTE
    CSL\\SWM181_StdPeriph_Driver\\SWM181_irqmux.c 0x00000000   Number         0  swm181_irqmux.o ABSOLUTE
    CSL\\SWM181_StdPeriph_Driver\\SWM181_port.c 0x00000000   Number         0  swm181_port.o ABSOLUTE
    CSL\\SWM181_StdPeriph_Driver\\SWM181_pwm.c 0x00000000   Number         0  swm181_pwm.o ABSOLUTE
    CSL\\SWM181_StdPeriph_Driver\\SWM181_sdadc.c 0x00000000   Number         0  swm181_sdadc.o ABSOLUTE
    CSL\\SWM181_StdPeriph_Driver\\SWM181_slcd.c 0x00000000   Number         0  swm181_slcd.o ABSOLUTE
    CSL\\SWM181_StdPeriph_Driver\\SWM181_sleep.c 0x00000000   Number         0  swm181_sleep.o ABSOLUTE
    CSL\\SWM181_StdPeriph_Driver\\SWM181_spi.c 0x00000000   Number         0  swm181_spi.o ABSOLUTE
    CSL\\SWM181_StdPeriph_Driver\\SWM181_timr.c 0x00000000   Number         0  swm181_timr.o ABSOLUTE
    CSL\\SWM181_StdPeriph_Driver\\SWM181_uart.c 0x00000000   Number         0  swm181_uart.o ABSOLUTE
    CSL\\SWM181_StdPeriph_Driver\\SWM181_wdt.c 0x00000000   Number         0  swm181_wdt.o ABSOLUTE
    app\\main.c                              0x00000000   Number         0  main.o ABSOLUTE
    app\main.c                               0x00000000   Number         0  main.o ABSOLUTE
    cdcmple.s                                0x00000000   Number         0  cdcmple.o ABSOLUTE
    cdrcmple.s                               0x00000000   Number         0  cdrcmple.o ABSOLUTE
    dc.s                                     0x00000000   Number         0  dc.o ABSOLUTE
    handlers.s                               0x00000000   Number         0  handlers.o ABSOLUTE
    init.s                                   0x00000000   Number         0  init.o ABSOLUTE
    .ARM.Collect$$$$00000000                 0x000000c0   Section        0  entry.o(.ARM.Collect$$$$00000000)
    .ARM.Collect$$$$00000001                 0x000000c0   Section        4  entry2.o(.ARM.Collect$$$$00000001)
    .ARM.Collect$$$$00000004                 0x000000c4   Section        4  entry5.o(.ARM.Collect$$$$00000004)
    .ARM.Collect$$$$00000008                 0x000000c8   Section        0  entry7b.o(.ARM.Collect$$$$00000008)
    .ARM.Collect$$$$0000000A                 0x000000c8   Section        0  entry8b.o(.ARM.Collect$$$$0000000A)
    .ARM.Collect$$$$0000000B                 0x000000c8   Section        8  entry9a.o(.ARM.Collect$$$$0000000B)
    .ARM.Collect$$$$0000000E                 0x000000d0   Section        4  entry12b.o(.ARM.Collect$$$$0000000E)
    .ARM.Collect$$$$0000000F                 0x000000d4   Section        0  entry10a.o(.ARM.Collect$$$$0000000F)
    .ARM.Collect$$$$00000011                 0x000000d4   Section        0  entry11a.o(.ARM.Collect$$$$00000011)
    .ARM.Collect$$$$00002712                 0x000000d4   Section        4  entry2.o(.ARM.Collect$$$$00002712)
    __lit__00000000                          0x000000d4   Data           4  entry2.o(.ARM.Collect$$$$00002712)
    .text                                    0x000000d8   Section        0  main.o(.text)
    .text                                    0x00000204   Section        0  delay.o(.text)
    .text                                    0x00000248   Section        0  io.o(.text)
    .text                                    0x000002f0   Section        0  judge.o(.text)
    .text                                    0x00000328   Section        0  pid.o(.text)
    .text                                    0x0000054c   Section        0  send.o(.text)
    .text                                    0x0000064c   Section        0  timer.o(.text)
    .text                                    0x00000728   Section        0  uart1.o(.text)
    .text                                    0x00000894   Section        0  uart2.o(.text)
    .text                                    0x00000988   Section        0  up.o(.text)
    .text                                    0x00000a88   Section        0  adc.o(.text)
    .text                                    0x00000bc0   Section        0  driver.o(.text)
    .text                                    0x00000c14   Section        0  system_swm181.o(.text)
    switchToXTAL                             0x00000c6b   Thumb Code    66  system_swm181.o(.text)
    switchToRC24MHz                          0x00000cad   Thumb Code    26  system_swm181.o(.text)
    switchToRC32KHz                          0x00000cc7   Thumb Code    26  system_swm181.o(.text)
    switchToRC12MHz                          0x00000ce1   Thumb Code    28  system_swm181.o(.text)
    switchToRC48MHz                          0x00000cfd   Thumb Code    28  system_swm181.o(.text)
    switchToRC6MHz                           0x00000d19   Thumb Code    26  system_swm181.o(.text)
    .text                                    0x00000d84   Section       88  startup_swm181.o(.text)
    .text                                    0x00000ddc   Section        0  swm181_gpio.o(.text)
    .text                                    0x00000fbc   Section        0  swm181_irqmux.o(.text)
    .text                                    0x000010a4   Section        0  swm181_port.o(.text)
    .text                                    0x00001260   Section        0  swm181_sdadc.o(.text)
    .text                                    0x00001428   Section        0  swm181_timr.o(.text)
    .text                                    0x00001648   Section        0  swm181_uart.o(.text)
    .text                                    0x00001908   Section        0  uidiv.o(.text)
    .text                                    0x00001934   Section        0  idiv.o(.text)
    .text                                    0x0000195c   Section        0  memcpya.o(.text)
    .text                                    0x00001980   Section        0  fadd.o(.text)
    .text                                    0x00001a32   Section        0  fmul.o(.text)
    .text                                    0x00001aac   Section        0  fscalb.o(.text)
    .text                                    0x00001ac4   Section        0  dadd.o(.text)
    .text                                    0x00001c2c   Section        0  dmul.o(.text)
    .text                                    0x00001cfc   Section        0  ddiv.o(.text)
    .text                                    0x00001dec   Section        0  dscalb.o(.text)
    .text                                    0x00001e18   Section        0  fflti.o(.text)
    .text                                    0x00001e30   Section        0  dflti.o(.text)
    .text                                    0x00001e58   Section        0  ffixi.o(.text)
    .text                                    0x00001e8c   Section        0  dfixi.o(.text)
    .text                                    0x00001ed4   Section       40  cdcmple.o(.text)
    .text                                    0x00001efc   Section       40  cdrcmple.o(.text)
    .text                                    0x00001f24   Section        0  d2f.o(.text)
    .text                                    0x00001f5c   Section        0  uldiv.o(.text)
    .text                                    0x00001fbc   Section        0  llshl.o(.text)
    .text                                    0x00001fdc   Section        0  llushr.o(.text)
    .text                                    0x00001ffe   Section        0  llsshr.o(.text)
    .text                                    0x00002024   Section        0  fepilogue.o(.text)
    .text                                    0x00002024   Section        0  iusefp.o(.text)
    .text                                    0x000020a6   Section        0  depilogue.o(.text)
    .text                                    0x00002164   Section        0  dfixul.o(.text)
    .text                                    0x000021a4   Section       36  init.o(.text)
    i.__0printf                              0x000021c8   Section        0  printfa.o(i.__0printf)
    i.__ARM_clz                              0x000021e8   Section        0  depilogue.o(i.__ARM_clz)
    i.__scatterload_copy                     0x00002216   Section       14  handlers.o(i.__scatterload_copy)
    i.__scatterload_null                     0x00002224   Section        2  handlers.o(i.__scatterload_null)
    i.__scatterload_zeroinit                 0x00002226   Section       14  handlers.o(i.__scatterload_zeroinit)
    i._fp_digits                             0x00002234   Section        0  printfa.o(i._fp_digits)
    _fp_digits                               0x00002235   Thumb Code   344  printfa.o(i._fp_digits)
    i._printf_core                           0x000023a8   Section        0  printfa.o(i._printf_core)
    _printf_core                             0x000023a9   Thumb Code  1760  printfa.o(i._printf_core)
    i._printf_post_padding                   0x00002a98   Section        0  printfa.o(i._printf_post_padding)
    _printf_post_padding                     0x00002a99   Thumb Code    32  printfa.o(i._printf_post_padding)
    i._printf_pre_padding                    0x00002ab8   Section        0  printfa.o(i._printf_pre_padding)
    _printf_pre_padding                      0x00002ab9   Thumb Code    44  printfa.o(i._printf_pre_padding)
    .data                                    0x20000000   Section        1  delay.o(.data)
    .data                                    0x20000001   Section        4  judge.o(.data)
    .data                                    0x20000008   Section       24  pid.o(.data)
    flag_T                                   0x20000008   Data           4  pid.o(.data)
    TEMP1                                    0x20000010   Data           8  pid.o(.data)
    TEMP2                                    0x20000018   Data           8  pid.o(.data)
    .data                                    0x20000020   Section       43  send.o(.data)
    .data                                    0x2000004c   Section       44  timer.o(.data)
    .data                                    0x20000078   Section        4  uart1.o(.data)
    .data                                    0x2000007c   Section        8  uart2.o(.data)
    .data                                    0x20000084   Section        1  uart2.o(.data)
    .data                                    0x20000088   Section       48  up.o(.data)
    .data                                    0x200000b8   Section        4  up.o(.data)
    .data                                    0x200000c0   Section        8  measure.o(.data)
    .data                                    0x200000c8   Section        8  system_swm181.o(.data)
    .data                                    0x200000d0   Section        4  stdout.o(.data)
    .bss                                     0x200000d4   Section       48  pid.o(.bss)
    .bss                                     0x20000104   Section      256  uart1.o(.bss)
    .bss                                     0x20000204   Section      256  uart2.o(.bss)
    STACK                                    0x20000308   Section     1024  startup_swm181.o(STACK)
    Stack_Mem                                0x20000308   Data        1024  startup_swm181.o(STACK)

    Global Symbols

    Symbol Name                              Value     Ov Type        Size  Object(Section)

    BuildAttributes$$THM_ISAv3M$S$PE$A:L22$X:L11$S22$IEEE1$IW$USESV6$~STKCKD$USESV7$~SHL$OTIME$ROPI$EBA8$MICROLIB$REQ8$EABIv2 0x00000000   Number         0  anon$$obj.o ABSOLUTE
    __ARM_use_no_argv                        0x00000000   Number         0  main.o ABSOLUTE
    __Vectors                                0x00000000   Data           4  startup_swm181.o(RESET)
    _printf_a                                0x00000000   Number         0  stubs.o ABSOLUTE
    _printf_c                                0x00000000   Number         0  stubs.o ABSOLUTE
    _printf_charcount                        0x00000000   Number         0  stubs.o ABSOLUTE
    _printf_d                                0x00000000   Number         0  stubs.o ABSOLUTE
    _printf_e                                0x00000000   Number         0  stubs.o ABSOLUTE
    _printf_f                                0x00000000   Number         0  stubs.o ABSOLUTE
    _printf_flags                            0x00000000   Number         0  stubs.o ABSOLUTE
    _printf_fp_dec                           0x00000000   Number         0  stubs.o ABSOLUTE
    _printf_fp_hex                           0x00000000   Number         0  stubs.o ABSOLUTE
    _printf_g                                0x00000000   Number         0  stubs.o ABSOLUTE
    _printf_i                                0x00000000   Number         0  stubs.o ABSOLUTE
    _printf_int_dec                          0x00000000   Number         0  stubs.o ABSOLUTE
    _printf_l                                0x00000000   Number         0  stubs.o ABSOLUTE
    _printf_lc                               0x00000000   Number         0  stubs.o ABSOLUTE
    _printf_ll                               0x00000000   Number         0  stubs.o ABSOLUTE
    _printf_lld                              0x00000000   Number         0  stubs.o ABSOLUTE
    _printf_lli                              0x00000000   Number         0  stubs.o ABSOLUTE
    _printf_llo                              0x00000000   Number         0  stubs.o ABSOLUTE
    _printf_llu                              0x00000000   Number         0  stubs.o ABSOLUTE
    _printf_llx                              0x00000000   Number         0  stubs.o ABSOLUTE
    _printf_longlong_dec                     0x00000000   Number         0  stubs.o ABSOLUTE
    _printf_longlong_hex                     0x00000000   Number         0  stubs.o ABSOLUTE
    _printf_longlong_oct                     0x00000000   Number         0  stubs.o ABSOLUTE
    _printf_ls                               0x00000000   Number         0  stubs.o ABSOLUTE
    _printf_mbtowc                           0x00000000   Number         0  stubs.o ABSOLUTE
    _printf_n                                0x00000000   Number         0  stubs.o ABSOLUTE
    _printf_o                                0x00000000   Number         0  stubs.o ABSOLUTE
    _printf_p                                0x00000000   Number         0  stubs.o ABSOLUTE
    _printf_percent                          0x00000000   Number         0  stubs.o ABSOLUTE
    _printf_pre_padding                      0x00000000   Number         0  stubs.o ABSOLUTE
    _printf_return_value                     0x00000000   Number         0  stubs.o ABSOLUTE
    _printf_s                                0x00000000   Number         0  stubs.o ABSOLUTE
    _printf_sizespec                         0x00000000   Number         0  stubs.o ABSOLUTE
    _printf_str                              0x00000000   Number         0  stubs.o ABSOLUTE
    _printf_truncate_signed                  0x00000000   Number         0  stubs.o ABSOLUTE
    _printf_truncate_unsigned                0x00000000   Number         0  stubs.o ABSOLUTE
    _printf_u                                0x00000000   Number         0  stubs.o ABSOLUTE
    _printf_wc                               0x00000000   Number         0  stubs.o ABSOLUTE
    _printf_wctomb                           0x00000000   Number         0  stubs.o ABSOLUTE
    _printf_widthprec                        0x00000000   Number         0  stubs.o ABSOLUTE
    _printf_x                                0x00000000   Number         0  stubs.o ABSOLUTE
    __arm_fini_                               - Undefined Weak Reference
    __cpp_initialize__aeabi_                  - Undefined Weak Reference
    __cxa_finalize                            - Undefined Weak Reference
    __decompress                              - Undefined Weak Reference
    _clock_init                               - Undefined Weak Reference
    _microlib_exit                            - Undefined Weak Reference
    __Vectors_End                            0x000000c0   Data           0  startup_swm181.o(RESET)
    __Vectors_Size                           0x000000c0   Number         0  startup_swm181.o ABSOLUTE
    __main                                   0x000000c1   Thumb Code     0  entry.o(.ARM.Collect$$$$00000000)
    _main_stk                                0x000000c1   Thumb Code     0  entry2.o(.ARM.Collect$$$$00000001)
    _main_scatterload                        0x000000c5   Thumb Code     0  entry5.o(.ARM.Collect$$$$00000004)
    __main_after_scatterload                 0x000000c9   Thumb Code     0  entry5.o(.ARM.Collect$$$$00000004)
    _main_clock                              0x000000c9   Thumb Code     0  entry7b.o(.ARM.Collect$$$$00000008)
    _main_cpp_init                           0x000000c9   Thumb Code     0  entry8b.o(.ARM.Collect$$$$0000000A)
    _main_init                               0x000000c9   Thumb Code     0  entry9a.o(.ARM.Collect$$$$0000000B)
    __rt_lib_shutdown_fini                   0x000000d1   Thumb Code     0  entry12b.o(.ARM.Collect$$$$0000000E)
    __rt_final_cpp                           0x000000d5   Thumb Code     0  entry10a.o(.ARM.Collect$$$$0000000F)
    __rt_final_exit                          0x000000d5   Thumb Code     0  entry11a.o(.ARM.Collect$$$$00000011)
    main                                     0x000000d9   Thumb Code   262  main.o(.text)
    IRQ5_Handler                             0x00000205   Thumb Code    16  delay.o(.text)
    delay_ms                                 0x00000215   Thumb Code    42  delay.o(.text)
    IO_Init                                  0x00000249   Thumb Code   156  io.o(.text)
    extract                                  0x000002f1   Thumb Code    14  judge.o(.text)
    judge1                                   0x000002ff   Thumb Code    10  judge.o(.text)
    judge2                                   0x00000309   Thumb Code    20  judge.o(.text)
    PID_Init                                 0x00000329   Thumb Code    42  pid.o(.text)
    PID_realize                              0x00000353   Thumb Code   434  pid.o(.text)
    USART_SendData                           0x0000054d   Thumb Code    40  send.o(.text)
    select                                   0x00000575   Thumb Code    22  send.o(.text)
    send_0                                   0x0000058b   Thumb Code     8  send.o(.text)
    send_100                                 0x00000593   Thumb Code     8  send.o(.text)
    send_200                                 0x0000059b   Thumb Code     8  send.o(.text)
    MCU_t_screen                             0x000005a3   Thumb Code   100  send.o(.text)
    uart_1                                   0x00000607   Thumb Code    54  send.o(.text)
    IRQ4_Handler                             0x0000064d   Thumb Code    58  timer.o(.text)
    task                                     0x00000687   Thumb Code   124  timer.o(.text)
    fputc                                    0x00000729   Thumb Code    28  uart1.o(.text)
    uart1_init                               0x00000745   Thumb Code    90  uart1.o(.text)
    UART1_GetChars                           0x0000079f   Thumb Code    48  uart1.o(.text)
    IRQ1_Handler                             0x000007cf   Thumb Code   174  uart1.o(.text)
    uart2_init                               0x00000895   Thumb Code    90  uart2.o(.text)
    UART2_GetChars                           0x000008ef   Thumb Code    48  uart2.o(.text)
    IRQ2_Handler                             0x0000091f   Thumb Code    80  uart2.o(.text)
    up_init                                  0x00000989   Thumb Code    38  up.o(.text)
    up                                       0x000009af   Thumb Code   194  up.o(.text)
    adc_Init                                 0x00000a89   Thumb Code   118  adc.o(.text)
    adc_read                                 0x00000aff   Thumb Code   110  adc.o(.text)
    Get_Adc_Average                          0x00000b6d   Thumb Code    36  adc.o(.text)
    DRIVER_Init                              0x00000bc1   Thumb Code    80  driver.o(.text)
    SystemCoreClockUpdate                    0x00000c15   Thumb Code    86  system_swm181.o(.text)
    SystemInit                               0x00000d33   Thumb Code    44  system_swm181.o(.text)
    Reset_Handler                            0x00000d85   Thumb Code     4  startup_swm181.o(.text)
    NMI_Handler                              0x00000d89   Thumb Code     2  startup_swm181.o(.text)
    HardFault_Handler                        0x00000d8b   Thumb Code     2  startup_swm181.o(.text)
    SVC_Handler                              0x00000d8d   Thumb Code     2  startup_swm181.o(.text)
    PendSV_Handler                           0x00000d8f   Thumb Code     2  startup_swm181.o(.text)
    SysTick_Handler                          0x00000d91   Thumb Code     2  startup_swm181.o(.text)
    IRQ0_Handler                             0x00000d93   Thumb Code     2  startup_swm181.o(.text)
    IRQ3_Handler                             0x00000d99   Thumb Code     2  startup_swm181.o(.text)
    IRQ6_Handler                             0x00000d9f   Thumb Code     2  startup_swm181.o(.text)
    IRQ7_Handler                             0x00000da1   Thumb Code     2  startup_swm181.o(.text)
    IRQ8_Handler                             0x00000da3   Thumb Code     2  startup_swm181.o(.text)
    IRQ9_Handler                             0x00000da5   Thumb Code     2  startup_swm181.o(.text)
    IRQ10_Handler                            0x00000da7   Thumb Code     2  startup_swm181.o(.text)
    IRQ11_Handler                            0x00000da9   Thumb Code     2  startup_swm181.o(.text)
    IRQ12_Handler                            0x00000dab   Thumb Code     2  startup_swm181.o(.text)
    IRQ13_Handler                            0x00000dad   Thumb Code     2  startup_swm181.o(.text)
    IRQ14_Handler                            0x00000daf   Thumb Code     2  startup_swm181.o(.text)
    IRQ15_Handler                            0x00000db1   Thumb Code     2  startup_swm181.o(.text)
    IRQ16_Handler                            0x00000db3   Thumb Code     2  startup_swm181.o(.text)
    IRQ17_Handler                            0x00000db5   Thumb Code     2  startup_swm181.o(.text)
    IRQ18_Handler                            0x00000db7   Thumb Code     2  startup_swm181.o(.text)
    IRQ19_Handler                            0x00000db9   Thumb Code     2  startup_swm181.o(.text)
    IRQ20_Handler                            0x00000dbb   Thumb Code     2  startup_swm181.o(.text)
    IRQ21_Handler                            0x00000dbd   Thumb Code     2  startup_swm181.o(.text)
    IRQ22_Handler                            0x00000dbf   Thumb Code     2  startup_swm181.o(.text)
    IRQ23_Handler                            0x00000dc1   Thumb Code     2  startup_swm181.o(.text)
    IRQ24_Handler                            0x00000dc3   Thumb Code     2  startup_swm181.o(.text)
    IRQ25_Handler                            0x00000dc5   Thumb Code     2  startup_swm181.o(.text)
    IRQ26_Handler                            0x00000dc7   Thumb Code     2  startup_swm181.o(.text)
    IRQ27_Handler                            0x00000dc9   Thumb Code     2  startup_swm181.o(.text)
    IRQ28_Handler                            0x00000dcd   Thumb Code     2  startup_swm181.o(.text)
    IRQ29_Handler                            0x00000dd1   Thumb Code     2  startup_swm181.o(.text)
    IRQ30_Handler                            0x00000dd3   Thumb Code     2  startup_swm181.o(.text)
    IRQ31_Handler                            0x00000dd5   Thumb Code     2  startup_swm181.o(.text)
    GPIO_Init                                0x00000ddd   Thumb Code   234  swm181_gpio.o(.text)
    GPIO_SetBit                              0x00000ec7   Thumb Code    12  swm181_gpio.o(.text)
    GPIO_ClrBit                              0x00000ed3   Thumb Code    12  swm181_gpio.o(.text)
    GPIO_InvBit                              0x00000edf   Thumb Code    12  swm181_gpio.o(.text)
    GPIO_GetBit                              0x00000eeb   Thumb Code    10  swm181_gpio.o(.text)
    GPIO_SetBits                             0x00000ef5   Thumb Code    18  swm181_gpio.o(.text)
    GPIO_ClrBits                             0x00000f07   Thumb Code    18  swm181_gpio.o(.text)
    GPIO_InvBits                             0x00000f19   Thumb Code    18  swm181_gpio.o(.text)
    GPIO_GetBits                             0x00000f2b   Thumb Code    16  swm181_gpio.o(.text)
    GPIO_AtomicSetBit                        0x00000f3b   Thumb Code    16  swm181_gpio.o(.text)
    GPIO_AtomicClrBit                        0x00000f4b   Thumb Code    16  swm181_gpio.o(.text)
    GPIO_AtomicInvBit                        0x00000f5b   Thumb Code    16  swm181_gpio.o(.text)
    GPIO_AtomicSetBits                       0x00000f6b   Thumb Code    22  swm181_gpio.o(.text)
    GPIO_AtomicClrBits                       0x00000f81   Thumb Code    22  swm181_gpio.o(.text)
    GPIO_AtomicInvBits                       0x00000f97   Thumb Code    22  swm181_gpio.o(.text)
    IRQ_Connect                              0x00000fbd   Thumb Code   160  swm181_irqmux.o(.text)
    IRQ_Which                                0x0000105d   Thumb Code    52  swm181_irqmux.o(.text)
    PORT_Init                                0x000010a5   Thumb Code   434  swm181_port.o(.text)
    SDADC_Init                               0x00001261   Thumb Code   144  swm181_sdadc.o(.text)
    SDADC_Config_Set                         0x000012f1   Thumb Code    38  swm181_sdadc.o(.text)
    SDADC_Start                              0x00001317   Thumb Code     6  swm181_sdadc.o(.text)
    SDADC_Config_Cali                        0x0000131d   Thumb Code    70  swm181_sdadc.o(.text)
    SDADC_Config_Sel                         0x00001363   Thumb Code    44  swm181_sdadc.o(.text)
    SDADC_Open                               0x0000138f   Thumb Code    12  swm181_sdadc.o(.text)
    SDADC_Close                              0x0000139b   Thumb Code    12  swm181_sdadc.o(.text)
    SDADC_Stop                               0x000013a7   Thumb Code    10  swm181_sdadc.o(.text)
    SDADC_Read                               0x000013b1   Thumb Code    12  swm181_sdadc.o(.text)
    SDADC_IsEOC                              0x000013bd   Thumb Code     8  swm181_sdadc.o(.text)
    SDADC_ChnOpen                            0x000013c5   Thumb Code     8  swm181_sdadc.o(.text)
    SDADC_ChnClose                           0x000013cd   Thumb Code     8  swm181_sdadc.o(.text)
    SDADC_IntEOCEn                           0x000013d5   Thumb Code    10  swm181_sdadc.o(.text)
    SDADC_IntEOCDis                          0x000013df   Thumb Code    10  swm181_sdadc.o(.text)
    SDADC_IntEOCClr                          0x000013e9   Thumb Code     6  swm181_sdadc.o(.text)
    SDADC_IntEOCStat                         0x000013ef   Thumb Code     8  swm181_sdadc.o(.text)
    SDADC_IntOVFEn                           0x000013f7   Thumb Code    10  swm181_sdadc.o(.text)
    SDADC_IntOVFDis                          0x00001401   Thumb Code    10  swm181_sdadc.o(.text)
    SDADC_IntOVFClr                          0x0000140b   Thumb Code     6  swm181_sdadc.o(.text)
    SDADC_IntOVFStat                         0x00001411   Thumb Code     8  swm181_sdadc.o(.text)
    TIMR_INTClr                              0x00001429   Thumb Code    44  swm181_timr.o(.text)
    TIMR_Stop                                0x00001455   Thumb Code    10  swm181_timr.o(.text)
    TIMR_Init                                0x0000145f   Thumb Code   164  swm181_timr.o(.text)
    TIMR_Start                               0x00001503   Thumb Code    10  swm181_timr.o(.text)
    TIMR_Halt                                0x0000150d   Thumb Code    60  swm181_timr.o(.text)
    TIMR_Resume                              0x00001549   Thumb Code    60  swm181_timr.o(.text)
    TIMR_SetPeriod                           0x00001585   Thumb Code     4  swm181_timr.o(.text)
    TIMR_GetPeriod                           0x00001589   Thumb Code     4  swm181_timr.o(.text)
    TIMR_GetCurValue                         0x0000158d   Thumb Code     4  swm181_timr.o(.text)
    TIMR_INTEn                               0x00001591   Thumb Code    60  swm181_timr.o(.text)
    TIMR_INTDis                              0x000015cd   Thumb Code    60  swm181_timr.o(.text)
    TIMR_INTStat                             0x00001609   Thumb Code    56  swm181_timr.o(.text)
    UART_Close                               0x00001649   Thumb Code    12  swm181_uart.o(.text)
    UART_Init                                0x00001655   Thumb Code   210  swm181_uart.o(.text)
    UART_Open                                0x00001727   Thumb Code    12  swm181_uart.o(.text)
    UART_WriteByte                           0x00001733   Thumb Code     4  swm181_uart.o(.text)
    UART_ReadByte                            0x00001737   Thumb Code    20  swm181_uart.o(.text)
    UART_IsTXBusy                            0x0000174b   Thumb Code    10  swm181_uart.o(.text)
    UART_IsRXFIFOEmpty                       0x00001755   Thumb Code    10  swm181_uart.o(.text)
    UART_IsTXFIFOFull                        0x0000175f   Thumb Code     8  swm181_uart.o(.text)
    UART_SetBaudrate                         0x00001767   Thumb Code    32  swm181_uart.o(.text)
    UART_GetBaudrate                         0x00001787   Thumb Code    22  swm181_uart.o(.text)
    UART_CTSConfig                           0x0000179d   Thumb Code    22  swm181_uart.o(.text)
    UART_CTSLineState                        0x000017b3   Thumb Code     8  swm181_uart.o(.text)
    UART_RTSConfig                           0x000017bb   Thumb Code    28  swm181_uart.o(.text)
    UART_RTSLineState                        0x000017d7   Thumb Code     8  swm181_uart.o(.text)
    UART_LINConfig                           0x000017df   Thumb Code    22  swm181_uart.o(.text)
    UART_LINGenerate                         0x000017f5   Thumb Code    10  swm181_uart.o(.text)
    UART_LINIsDetected                       0x000017ff   Thumb Code     8  swm181_uart.o(.text)
    UART_LINIsGenerated                      0x00001807   Thumb Code     8  swm181_uart.o(.text)
    UART_ABRStart                            0x0000180f   Thumb Code    90  swm181_uart.o(.text)
    UART_ABRIsDone                           0x00001869   Thumb Code    24  swm181_uart.o(.text)
    UART_INTRXThresholdEn                    0x00001881   Thumb Code    10  swm181_uart.o(.text)
    UART_INTRXThresholdDis                   0x0000188b   Thumb Code    10  swm181_uart.o(.text)
    UART_INTRXThresholdStat                  0x00001895   Thumb Code     8  swm181_uart.o(.text)
    UART_INTTXThresholdEn                    0x0000189d   Thumb Code    10  swm181_uart.o(.text)
    UART_INTTXThresholdDis                   0x000018a7   Thumb Code    10  swm181_uart.o(.text)
    UART_INTTXThresholdStat                  0x000018b1   Thumb Code     8  swm181_uart.o(.text)
    UART_INTTimeoutEn                        0x000018b9   Thumb Code    12  swm181_uart.o(.text)
    UART_INTTimeoutDis                       0x000018c5   Thumb Code    12  swm181_uart.o(.text)
    UART_INTTimeoutStat                      0x000018d1   Thumb Code     8  swm181_uart.o(.text)
    UART_INTTXDoneEn                         0x000018d9   Thumb Code    10  swm181_uart.o(.text)
    UART_INTTXDoneDis                        0x000018e3   Thumb Code    10  swm181_uart.o(.text)
    UART_INTTXDoneStat                       0x000018ed   Thumb Code     8  swm181_uart.o(.text)
    __aeabi_uidiv                            0x00001909   Thumb Code     0  uidiv.o(.text)
    __aeabi_uidivmod                         0x00001909   Thumb Code    44  uidiv.o(.text)
    __aeabi_idiv                             0x00001935   Thumb Code     0  idiv.o(.text)
    __aeabi_idivmod                          0x00001935   Thumb Code    40  idiv.o(.text)
    __aeabi_memcpy                           0x0000195d   Thumb Code    36  memcpya.o(.text)
    __aeabi_memcpy4                          0x0000195d   Thumb Code     0  memcpya.o(.text)
    __aeabi_memcpy8                          0x0000195d   Thumb Code     0  memcpya.o(.text)
    __aeabi_fadd                             0x00001981   Thumb Code   162  fadd.o(.text)
    __aeabi_fsub                             0x00001a23   Thumb Code     8  fadd.o(.text)
    __aeabi_frsub                            0x00001a2b   Thumb Code     8  fadd.o(.text)
    __aeabi_fmul                             0x00001a33   Thumb Code   122  fmul.o(.text)
    __ARM_scalbnf                            0x00001aad   Thumb Code    24  fscalb.o(.text)
    scalbnf                                  0x00001aad   Thumb Code     0  fscalb.o(.text)
    __aeabi_dadd                             0x00001ac5   Thumb Code   330  dadd.o(.text)
    __aeabi_dsub                             0x00001c0f   Thumb Code    12  dadd.o(.text)
    __aeabi_drsub                            0x00001c1b   Thumb Code    12  dadd.o(.text)
    __aeabi_dmul                             0x00001c2d   Thumb Code   202  dmul.o(.text)
    __aeabi_ddiv                             0x00001cfd   Thumb Code   234  ddiv.o(.text)
    __ARM_scalbn                             0x00001ded   Thumb Code    44  dscalb.o(.text)
    scalbn                                   0x00001ded   Thumb Code     0  dscalb.o(.text)
    __aeabi_i2f                              0x00001e19   Thumb Code    22  fflti.o(.text)
    __aeabi_i2d                              0x00001e31   Thumb Code    34  dflti.o(.text)
    __aeabi_f2iz                             0x00001e59   Thumb Code    50  ffixi.o(.text)
    __aeabi_d2iz                             0x00001e8d   Thumb Code    62  dfixi.o(.text)
    __aeabi_cdcmpeq                          0x00001ed5   Thumb Code     0  cdcmple.o(.text)
    __aeabi_cdcmple                          0x00001ed5   Thumb Code    38  cdcmple.o(.text)
    __aeabi_cdrcmple                         0x00001efd   Thumb Code    38  cdrcmple.o(.text)
    __aeabi_d2f                              0x00001f25   Thumb Code    56  d2f.o(.text)
    __aeabi_uldivmod                         0x00001f5d   Thumb Code    96  uldiv.o(.text)
    __aeabi_llsl                             0x00001fbd   Thumb Code    32  llshl.o(.text)
    _ll_shift_l                              0x00001fbd   Thumb Code     0  llshl.o(.text)
    __aeabi_llsr                             0x00001fdd   Thumb Code    34  llushr.o(.text)
    _ll_ushift_r                             0x00001fdd   Thumb Code     0  llushr.o(.text)
    __aeabi_lasr                             0x00001fff   Thumb Code    38  llsshr.o(.text)
    _ll_sshift_r                             0x00001fff   Thumb Code     0  llsshr.o(.text)
    __I$use$fp                               0x00002025   Thumb Code     0  iusefp.o(.text)
    _float_round                             0x00002025   Thumb Code    16  fepilogue.o(.text)
    _float_epilogue                          0x00002035   Thumb Code   114  fepilogue.o(.text)
    _double_round                            0x000020a7   Thumb Code    26  depilogue.o(.text)
    _double_epilogue                         0x000020c1   Thumb Code   164  depilogue.o(.text)
    __aeabi_d2ulz                            0x00002165   Thumb Code    54  dfixul.o(.text)
    __scatterload                            0x000021a5   Thumb Code    28  init.o(.text)
    __scatterload_rt2                        0x000021a5   Thumb Code     0  init.o(.text)
    __0printf                                0x000021c9   Thumb Code    24  printfa.o(i.__0printf)
    __1printf                                0x000021c9   Thumb Code     0  printfa.o(i.__0printf)
    __2printf                                0x000021c9   Thumb Code     0  printfa.o(i.__0printf)
    __c89printf                              0x000021c9   Thumb Code     0  printfa.o(i.__0printf)
    printf                                   0x000021c9   Thumb Code     0  printfa.o(i.__0printf)
    __ARM_clz                                0x000021e9   Thumb Code    46  depilogue.o(i.__ARM_clz)
    __scatterload_copy                       0x00002217   Thumb Code    14  handlers.o(i.__scatterload_copy)
    __scatterload_null                       0x00002225   Thumb Code     2  handlers.o(i.__scatterload_null)
    __scatterload_zeroinit                   0x00002227   Thumb Code    14  handlers.o(i.__scatterload_zeroinit)
    Region$$Table$$Base                      0x00002ae4   Number         0  anon$$obj.o(Region$$Table)
    Region$$Table$$Limit                     0x00002b04   Number         0  anon$$obj.o(Region$$Table)
    Flag_Systick                             0x20000000   Data           1  delay.o(.data)
    Res3_1                                   0x20000001   Data           1  judge.o(.data)
    Res2_2                                   0x20000002   Data           1  judge.o(.data)
    Res4_2                                   0x20000003   Data           1  judge.o(.data)
    Res5_2                                   0x20000004   Data           1  judge.o(.data)
    SEND_set                                 0x20000020   Data           1  send.o(.data)
    low_p                                    0x20000021   Data           1  send.o(.data)
    hjght_p                                  0x20000022   Data           1  send.o(.data)
    SENDE_BUF                                0x20000023   Data           2  send.o(.data)
    SEND_Sidet_address                       0x20000025   Data           2  send.o(.data)
    SEND_Rod_address                         0x20000027   Data           2  send.o(.data)
    dacval                                   0x2000002a   Data           2  send.o(.data)
    SENDH_BUF                                0x2000002c   Data           3  send.o(.data)
    SEND_TTSH_BUF                            0x2000002f   Data           4  send.o(.data)
    SENDE_0                                  0x20000033   Data           8  send.o(.data)
    SENDE_100                                0x2000003b   Data           8  send.o(.data)
    SENDE_200                                0x20000043   Data           8  send.o(.data)
    flag_200ms                               0x2000004c   Data           4  timer.o(.data)
    flag_0w                                  0x20000050   Data           4  timer.o(.data)
    flag_up_s                                0x20000054   Data           4  timer.o(.data)
    upflag                                   0x20000058   Data           4  timer.o(.data)
    t2flag                                   0x2000005c   Data           4  timer.o(.data)
    taskflag                                 0x20000060   Data           8  timer.o(.data)
    ADCflag                                  0x20000068   Data           8  timer.o(.data)
    sendflag                                 0x20000070   Data           8  timer.o(.data)
    flag1                                    0x20000078   Data           1  uart1.o(.data)
    UART1_RX_STA                             0x2000007a   Data           2  uart1.o(.data)
    UART2_RX_STA                             0x2000007c   Data           2  uart2.o(.data)
    UART_RXIndex                             0x20000080   Data           4  uart2.o(.data)
    flag2                                    0x20000084   Data           1  uart2.o(.data)
    time                                     0x20000088   Data           4  up.o(.data)
    T1                                       0x2000008c   Data           4  up.o(.data)
    SETTIME                                  0x20000090   Data           4  up.o(.data)
    upinitflag                               0x20000094   Data           4  up.o(.data)
    upintnubflag                             0x20000098   Data           4  up.o(.data)
    T                                        0x2000009c   Data           4  up.o(.data)
    alone                                    0x200000a0   Data           4  up.o(.data)
    remain_time                              0x200000a4   Data           4  up.o(.data)
    t1                                       0x200000a8   Data           4  up.o(.data)
    t2                                       0x200000ac   Data           4  up.o(.data)
    ratio                                    0x200000b0   Data           8  up.o(.data)
    SETTEMP                                  0x200000b8   Data           4  up.o(.data)
    TEMP                                     0x200000c0   Data           8  measure.o(.data)
    SystemCoreClock                          0x200000c8   Data           4  system_swm181.o(.data)
    CyclesPerUs                              0x200000cc   Data           4  system_swm181.o(.data)
    __stdout                                 0x200000d0   Data           4  stdout.o(.data)
    pid                                      0x200000d4   Data          48  pid.o(.bss)
    UART1_RX_BUF                             0x20000104   Data         128  uart1.o(.bss)
    buffer                                   0x20000184   Data         128  uart1.o(.bss)
    UART_RXBuffer                            0x20000204   Data         128  uart2.o(.bss)
    UART2_RX_BUF                             0x20000284   Data         128  uart2.o(.bss)
    __initial_sp                             0x20000708   Data           0  startup_swm181.o(STACK)



==============================================================================

Memory Map of the image

  Image Entry point : 0x000000c1

  Load Region LR_IROM1 (Base: 0x00000000, Size: 0x00002bd8, Max: 0x0001e000, ABSOLUTE)

    Execution Region ER_IROM1 (Exec base: 0x00000000, Load base: 0x00000000, Size: 0x00002b04, Max: 0x0001e000, ABSOLUTE)

    Exec Addr    Load Addr    Size         Type   Attr      Idx    E Section Name        Object

    0x00000000   0x00000000   0x000000c0   Data   RO          562    RESET               startup_swm181.o
    0x000000c0   0x000000c0   0x00000000   Code   RO         1003  * .ARM.Collect$$$$00000000  mc_p.l(entry.o)
    0x000000c0   0x000000c0   0x00000004   Code   RO         1305    .ARM.Collect$$$$00000001  mc_p.l(entry2.o)
    0x000000c4   0x000000c4   0x00000004   Code   RO         1308    .ARM.Collect$$$$00000004  mc_p.l(entry5.o)
    0x000000c8   0x000000c8   0x00000000   Code   RO         1310    .ARM.Collect$$$$00000008  mc_p.l(entry7b.o)
    0x000000c8   0x000000c8   0x00000000   Code   RO         1312    .ARM.Collect$$$$0000000A  mc_p.l(entry8b.o)
    0x000000c8   0x000000c8   0x00000008   Code   RO         1313    .ARM.Collect$$$$0000000B  mc_p.l(entry9a.o)
    0x000000d0   0x000000d0   0x00000004   Code   RO         1320    .ARM.Collect$$$$0000000E  mc_p.l(entry12b.o)
    0x000000d4   0x000000d4   0x00000000   Code   RO         1315    .ARM.Collect$$$$0000000F  mc_p.l(entry10a.o)
    0x000000d4   0x000000d4   0x00000000   Code   RO         1317    .ARM.Collect$$$$00000011  mc_p.l(entry11a.o)
    0x000000d4   0x000000d4   0x00000004   Code   RO         1306    .ARM.Collect$$$$00002712  mc_p.l(entry2.o)
    0x000000d8   0x000000d8   0x0000012c   Code   RO            3    .text               main.o
    0x00000204   0x00000204   0x00000044   Code   RO          154    .text               delay.o
    0x00000248   0x00000248   0x000000a8   Code   RO          216    .text               io.o
    0x000002f0   0x000002f0   0x00000038   Code   RO          239    .text               judge.o
    0x00000328   0x00000328   0x00000224   Code   RO          268    .text               pid.o
    0x0000054c   0x0000054c   0x00000100   Code   RO          296    .text               send.o
    0x0000064c   0x0000064c   0x000000dc   Code   RO          328    .text               timer.o
    0x00000728   0x00000728   0x0000016c   Code   RO          363    .text               uart1.o
    0x00000894   0x00000894   0x000000f4   Code   RO          394    .text               uart2.o
    0x00000988   0x00000988   0x00000100   Code   RO          423    .text               up.o
    0x00000a88   0x00000a88   0x00000138   Code   RO          455    .text               adc.o
    0x00000bc0   0x00000bc0   0x00000054   Code   RO          510    .text               driver.o
    0x00000c14   0x00000c14   0x00000170   Code   RO          530    .text               system_swm181.o
    0x00000d84   0x00000d84   0x00000058   Code   RO          563    .text               startup_swm181.o
    0x00000ddc   0x00000ddc   0x000001e0   Code   RO          760    .text               swm181_gpio.o
    0x00000fbc   0x00000fbc   0x000000e8   Code   RO          800    .text               swm181_irqmux.o
    0x000010a4   0x000010a4   0x000001bc   Code   RO          823    .text               swm181_port.o
    0x00001260   0x00001260   0x000001c8   Code   RO          863    .text               swm181_sdadc.o
    0x00001428   0x00001428   0x00000220   Code   RO          945    .text               swm181_timr.o
    0x00001648   0x00001648   0x000002c0   Code   RO          965    .text               swm181_uart.o
    0x00001908   0x00001908   0x0000002c   Code   RO         1006    .text               mc_p.l(uidiv.o)
    0x00001934   0x00001934   0x00000028   Code   RO         1008    .text               mc_p.l(idiv.o)
    0x0000195c   0x0000195c   0x00000024   Code   RO         1010    .text               mc_p.l(memcpya.o)
    0x00001980   0x00001980   0x000000b2   Code   RO         1275    .text               mf_p.l(fadd.o)
    0x00001a32   0x00001a32   0x0000007a   Code   RO         1277    .text               mf_p.l(fmul.o)
    0x00001aac   0x00001aac   0x00000018   Code   RO         1279    .text               mf_p.l(fscalb.o)
    0x00001ac4   0x00001ac4   0x00000168   Code   RO         1281    .text               mf_p.l(dadd.o)
    0x00001c2c   0x00001c2c   0x000000d0   Code   RO         1283    .text               mf_p.l(dmul.o)
    0x00001cfc   0x00001cfc   0x000000f0   Code   RO         1285    .text               mf_p.l(ddiv.o)
    0x00001dec   0x00001dec   0x0000002c   Code   RO         1287    .text               mf_p.l(dscalb.o)
    0x00001e18   0x00001e18   0x00000016   Code   RO         1289    .text               mf_p.l(fflti.o)
    0x00001e2e   0x00001e2e   0x00000002   PAD
    0x00001e30   0x00001e30   0x00000028   Code   RO         1291    .text               mf_p.l(dflti.o)
    0x00001e58   0x00001e58   0x00000032   Code   RO         1293    .text               mf_p.l(ffixi.o)
    0x00001e8a   0x00001e8a   0x00000002   PAD
    0x00001e8c   0x00001e8c   0x00000048   Code   RO         1295    .text               mf_p.l(dfixi.o)
    0x00001ed4   0x00001ed4   0x00000028   Code   RO         1299    .text               mf_p.l(cdcmple.o)
    0x00001efc   0x00001efc   0x00000028   Code   RO         1301    .text               mf_p.l(cdrcmple.o)
    0x00001f24   0x00001f24   0x00000038   Code   RO         1303    .text               mf_p.l(d2f.o)
    0x00001f5c   0x00001f5c   0x00000060   Code   RO         1322    .text               mc_p.l(uldiv.o)
    0x00001fbc   0x00001fbc   0x00000020   Code   RO         1324    .text               mc_p.l(llshl.o)
    0x00001fdc   0x00001fdc   0x00000022   Code   RO         1326    .text               mc_p.l(llushr.o)
    0x00001ffe   0x00001ffe   0x00000026   Code   RO         1328    .text               mc_p.l(llsshr.o)
    0x00002024   0x00002024   0x00000000   Code   RO         1330    .text               mc_p.l(iusefp.o)
    0x00002024   0x00002024   0x00000082   Code   RO         1331    .text               mf_p.l(fepilogue.o)
    0x000020a6   0x000020a6   0x000000be   Code   RO         1333    .text               mf_p.l(depilogue.o)
    0x00002164   0x00002164   0x00000040   Code   RO         1337    .text               mf_p.l(dfixul.o)
    0x000021a4   0x000021a4   0x00000024   Code   RO         1339    .text               mc_p.l(init.o)
    0x000021c8   0x000021c8   0x00000020   Code   RO         1247    i.__0printf         mc_p.l(printfa.o)
    0x000021e8   0x000021e8   0x0000002e   Code   RO         1335    i.__ARM_clz         mf_p.l(depilogue.o)
    0x00002216   0x00002216   0x0000000e   Code   RO         1343    i.__scatterload_copy  mc_p.l(handlers.o)
    0x00002224   0x00002224   0x00000002   Code   RO         1344    i.__scatterload_null  mc_p.l(handlers.o)
    0x00002226   0x00002226   0x0000000e   Code   RO         1345    i.__scatterload_zeroinit  mc_p.l(handlers.o)
    0x00002234   0x00002234   0x00000174   Code   RO         1254    i._fp_digits        mc_p.l(printfa.o)
    0x000023a8   0x000023a8   0x000006f0   Code   RO         1255    i._printf_core      mc_p.l(printfa.o)
    0x00002a98   0x00002a98   0x00000020   Code   RO         1256    i._printf_post_padding  mc_p.l(printfa.o)
    0x00002ab8   0x00002ab8   0x0000002c   Code   RO         1257    i._printf_pre_padding  mc_p.l(printfa.o)
    0x00002ae4   0x00002ae4   0x00000020   Data   RO         1341    Region$$Table       anon$$obj.o


    Execution Region RW_IRAM1 (Exec base: 0x20000000, Load base: 0x00002b04, Size: 0x00000708, Max: 0x00004000, ABSOLUTE)

    Exec Addr    Load Addr    Size         Type   Attr      Idx    E Section Name        Object

    0x20000000   0x00002b04   0x00000001   Data   RW          155    .data               delay.o
    0x20000001   0x00002b05   0x00000004   Data   RW          240    .data               judge.o
    0x20000005   0x00002b09   0x00000003   PAD
    0x20000008   0x00002b0c   0x00000018   Data   RW          270    .data               pid.o
    0x20000020   0x00002b24   0x0000002b   Data   RW          297    .data               send.o
    0x2000004b   0x00002b4f   0x00000001   PAD
    0x2000004c   0x00002b50   0x0000002c   Data   RW          329    .data               timer.o
    0x20000078   0x00002b7c   0x00000004   Data   RW          365    .data               uart1.o
    0x2000007c   0x00002b80   0x00000008   Data   RW          396    .data               uart2.o
    0x20000084   0x00002b88   0x00000001   Data   RW          397    .data               uart2.o
    0x20000085   0x00002b89   0x00000003   PAD
    0x20000088   0x00002b8c   0x00000030   Data   RW          424    .data               up.o
    0x200000b8   0x00002bbc   0x00000004   Data   RW          425    .data               up.o
    0x200000bc   0x00002bc0   0x00000004   PAD
    0x200000c0   0x00002bc4   0x00000008   Data   RW          478    .data               measure.o
    0x200000c8   0x00002bcc   0x00000008   Data   RW          531    .data               system_swm181.o
    0x200000d0   0x00002bd4   0x00000004   Data   RW         1321    .data               mc_p.l(stdout.o)
    0x200000d4        -       0x00000030   Zero   RW          269    .bss                pid.o
    0x20000104        -       0x00000100   Zero   RW          364    .bss                uart1.o
    0x20000204        -       0x00000100   Zero   RW          395    .bss                uart2.o
    0x20000304   0x00002bd8   0x00000004   PAD
    0x20000308        -       0x00000400   Zero   RW          560    STACK               startup_swm181.o


==============================================================================

Image component sizes


      Code (inc. data)   RO Data    RW Data    ZI Data      Debug   Object Name

       312         48          0          0          0       1036   adc.o
        68         10          0          1          0        787   delay.o
        84          4          0          0          0        406   driver.o
       168         12          0          0          0        422   io.o
        56         12          0          4          0        959   judge.o
       300         38          0          0          0      86551   main.o
         0          0          0          8          0        740   measure.o
       548         72          0         24         48       1488   pid.o
       256         16          0         43          0       2512   send.o
        88         10        192          0       1024       1884   startup_swm181.o
       480         16          0          0          0       4327   swm181_gpio.o
       232         20          0          0          0       7380   swm181_irqmux.o
       444         10          0          0          0       1368   swm181_port.o
       456         16          0          0          0       4507   swm181_sdadc.o
       544          8          0          0          0       3170   swm181_timr.o
       704         20          0          0          0       6714   swm181_uart.o
       368         38          0          8          0       1645   system_swm181.o
       220         38          0         44          0       1346   timer.o
       364         24          0          4        256       7672   uart1.o
       244         26          0          9        256       1714   uart2.o
       256         24          0         52          0       1127   up.o

    ----------------------------------------------------------------------
      6192        462        224        208       1588     137755   Object Totals
         0          0         32          0          0          0   (incl. Generated)
         0          0          0         11          4          0   (incl. Padding)

    ----------------------------------------------------------------------

      Code (inc. data)   RO Data    RW Data    ZI Data      Debug   Library Member Name

         0          0          0          0          0          0   entry.o
         0          0          0          0          0          0   entry10a.o
         0          0          0          0          0          0   entry11a.o
         4          0          0          0          0          0   entry12b.o
         8          4          0          0          0          0   entry2.o
         4          0          0          0          0          0   entry5.o
         0          0          0          0          0          0   entry7b.o
         0          0          0          0          0          0   entry8b.o
         8          4          0          0          0          0   entry9a.o
        30          0          0          0          0          0   handlers.o
        40          0          0          0          0         72   idiv.o
        36          8          0          0          0         68   init.o
         0          0          0          0          0          0   iusefp.o
        32          0          0          0          0         68   llshl.o
        38          0          0          0          0         68   llsshr.o
        34          0          0          0          0         68   llushr.o
        36          0          0          0          0         60   memcpya.o
      2256         98          0          0          0        412   printfa.o
         0          0          0          4          0          0   stdout.o
        44          0          0          0          0         72   uidiv.o
        96          0          0          0          0         84   uldiv.o
        40          2          0          0          0         68   cdcmple.o
        40          2          0          0          0         68   cdrcmple.o
        56          0          0          0          0         68   d2f.o
       360          6          0          0          0        140   dadd.o
       240          6          0          0          0         84   ddiv.o
       236          0          0          0          0        216   depilogue.o
        72         10          0          0          0         72   dfixi.o
        64         10          0          0          0         68   dfixul.o
        40          6          0          0          0         68   dflti.o
       208          6          0          0          0         88   dmul.o
        44          0          0          0          0         72   dscalb.o
       178          0          0          0          0        108   fadd.o
       130          0          0          0          0        144   fepilogue.o
        50          0          0          0          0         60   ffixi.o
        22          0          0          0          0         68   fflti.o
       122          0          0          0          0         72   fmul.o
        24          0          0          0          0         60   fscalb.o

    ----------------------------------------------------------------------
      4596        162          0          4          0       2496   Library Totals
         4          0          0          0          0          0   (incl. Padding)

    ----------------------------------------------------------------------

      Code (inc. data)   RO Data    RW Data    ZI Data      Debug   Library Name

      2666        114          0          4          0        972   mc_p.l
      1926         48          0          0          0       1524   mf_p.l

    ----------------------------------------------------------------------
      4596        162          0          4          0       2496   Library Totals

    ----------------------------------------------------------------------

==============================================================================


      Code (inc. data)   RO Data    RW Data    ZI Data      Debug   

     10788        624        224        212       1588     137923   Grand Totals
     10788        624        224        212       1588     137923   ELF Image Totals
     10788        624        224        212          0          0   ROM Totals

==============================================================================

    Total RO  Size (Code + RO Data)                11012 (  10.75kB)
    Total RW  Size (RW Data + ZI Data)              1800 (   1.76kB)
    Total ROM Size (Code + RO Data + RW Data)      11224 (  10.96kB)

==============================================================================

