Component: ARM Compiler 5.06 update 7 (build 960) Tool: armlink [4d3601]

==============================================================================

Section Cross References

    main.o(.text) refers to system_swm181.o(.text) for SystemInit
    main.o(.text) refers to uidiv.o(.text) for __aeabi_uidivmod
    main.o(.text) refers to swm181_timr.o(.text) for TIMR_Init
    main.o(.text) refers to swm181_irqmux.o(.text) for IRQ_Connect
    main.o(.text) refers to uart1.o(.text) for uart1_init
    main.o(.text) refers to uart2.o(.text) for uart2_init
    main.o(.text) refers to io.o(.text) for IO_Init
    main.o(.text) refers to driver.o(.text) for DRIVER_Init
    main.o(.text) refers to adc.o(.text) for adc_Init
    main.o(.text) refers to pid.o(.text) for PID_Init
    main.o(.text) refers to timer.o(.text) for task
    main.o(.text) refers to judge.o(.text) for judge1
    main.o(.text) refers to up.o(.text) for up
    main.o(.text) refers to idiv.o(.text) for __aeabi_idivmod
    main.o(.text) refers to send.o(.text) for send_0
    main.o(.text) refers to system_swm181.o(.data) for SystemCoreClock
    main.o(.text) refers to timer.o(.data) for taskflag
    main.o(.text) refers to uart1.o(.data) for flag1
    main.o(.text) refers to uart2.o(.data) for CapacitiveScreen
    main.o(.text) refers to up.o(.data) for time
    delay.o(.text) refers to swm181_timr.o(.text) for TIMR_INTClr
    delay.o(.text) refers to delay.o(.data) for Flag_Systick
    io.o(.text) refers to swm181_gpio.o(.text) for GPIO_Init
    judge.o(.text) refers to uart2.o(.bss) for UART2_RX_BUF
    judge.o(.text) refers to judge.o(.data) for Res4_2
    judge.o(.text) refers to uart1.o(.bss) for UART1_RX_BUF
    pid.o(.text) refers to d2f.o(.text) for __aeabi_d2f
    pid.o(.text) refers to dflti.o(.text) for __aeabi_i2d
    pid.o(.text) refers to dadd.o(.text) for __aeabi_dsub
    pid.o(.text) refers to dmul.o(.text) for __aeabi_dmul
    pid.o(.text) refers to cdrcmple.o(.text) for __aeabi_cdrcmple
    pid.o(.text) refers to dfixi.o(.text) for __aeabi_d2iz
    pid.o(.text) refers to fflti.o(.text) for __aeabi_i2f
    pid.o(.text) refers to fadd.o(.text) for __aeabi_fsub
    pid.o(.text) refers to fmul.o(.text) for __aeabi_fmul
    pid.o(.text) refers to cfrcmple.o(.text) for __aeabi_cfrcmple
    pid.o(.text) refers to cfcmple.o(.text) for __aeabi_cfcmple
    pid.o(.text) refers to ffixi.o(.text) for __aeabi_f2iz
    pid.o(.text) refers to up.o(.data) for SETTEMP
    pid.o(.text) refers to pid.o(.bss) for pid
    pid.o(.text) refers to measure.o(.data) for TEMP
    pid.o(.text) refers to pid.o(.data) for flag_T
    send.o(.text) refers to swm181_uart.o(.text) for UART_WriteByte
    send.o(.text) refers to pid.o(.text) for PID_realize
    send.o(.text) refers to adc.o(.text) for Get_Adc_Average
    send.o(.text) refers to dflti.o(.text) for __aeabi_i2d
    send.o(.text) refers to dmul.o(.text) for __aeabi_dmul
    send.o(.text) refers to dfixi.o(.text) for __aeabi_d2iz
    send.o(.text) refers to send.o(.data) for dacval
    send.o(.text) refers to measure.o(.data) for TEMP
    timer.o(.text) refers to swm181_timr.o(.text) for TIMR_INTClr
    timer.o(.text) refers to swm181_gpio.o(.text) for GPIO_SetBit
    timer.o(.text) refers to driver.o(.text) for DRIVER_Start
    timer.o(.text) refers to send.o(.text) for USART_SendData
    timer.o(.text) refers to adc.o(.text) for Get_Adc_Average
    timer.o(.text) refers to dflti.o(.text) for __aeabi_i2d
    timer.o(.text) refers to cdrcmple.o(.text) for __aeabi_cdrcmple
    timer.o(.text) refers to timer.o(.data) for taskflag
    timer.o(.text) refers to up.o(.data) for upinitflag
    timer.o(.text) refers to uart2.o(.data) for CapacitiveScreen
    timer.o(.text) refers to measure.o(.data) for TEMP
    uart1.o(.text) refers to swm181_uart.o(.text) for UART_WriteByte
    uart1.o(.text) refers to swm181_port.o(.text) for PORT_Init
    uart1.o(.text) refers to swm181_irqmux.o(.text) for IRQ_Connect
    uart1.o(.text) refers to memcpya.o(.text) for __aeabi_memcpy
    uart1.o(.text) refers to uart1.o(.data) for UART1_RX_STA
    uart1.o(.text) refers to uart1.o(.bss) for UART1_RX_BUF
    uart2.o(.text) refers to swm181_port.o(.text) for PORT_Init
    uart2.o(.text) refers to swm181_uart.o(.text) for UART_Init
    uart2.o(.text) refers to swm181_irqmux.o(.text) for IRQ_Connect
    uart2.o(.text) refers to memcpya.o(.text) for __aeabi_memcpy
    uart2.o(.text) refers to printf2.o(i.__0printf$2) for __2printf
    uart2.o(.text) refers to uart2.o(.data) for UART2_RX_STA
    uart2.o(.text) refers to uart2.o(.bss) for UART2_RX_BUF
    up.o(.text) refers to send.o(.text) for send_100
    up.o(.text) refers to up.o(.data) for upinitflag
    up.o(.text) refers to pid.o(.bss) for pid
    up.o(.text) refers to timer.o(.data) for flag_up_s
    up.o(.text) refers to uart2.o(.data) for CapacitiveScreen
    adc.o(.text) refers to swm181_port.o(.text) for PORT_Init
[...]
    printf5.o(i.__0fprintf$5) refers to printf5.o(i._printf_core) for _printf_core
    printf5.o(i.__0fprintf$5) refers to uart1.o(.text) for fputc
    printf5.o(i.__0printf$5) refers to printf5.o(i._printf_core) for _printf_core
    printf5.o(i.__0printf$5) refers to uart1.o(.text) for fputc
    printf5.o(i.__0printf$5) refers to stdout.o(.data) for __stdout
    printf5.o(i.__0snprintf$5) refers to printf5.o(i._printf_core) for _printf_core
    printf5.o(i.__0snprintf$5) refers to printf5.o(i._snputc) for _snputc
    printf5.o(i.__0sprintf$5) refers to printf5.o(i._printf_core) for _printf_core
    printf5.o(i.__0sprintf$5) refers to printf5.o(i._sputc) for _sputc
    printf5.o(i.__0vfprintf$5) refers to printf5.o(i._printf_core) for _printf_core
    printf5.o(i.__0vfprintf$5) refers to uart1.o(.text) for fputc
    printf5.o(i.__0vprintf$5) refers to printf5.o(i._printf_core) for _printf_core
    printf5.o(i.__0vprintf$5) refers to uart1.o(.text) for fputc
    printf5.o(i.__0vprintf$5) refers to stdout.o(.data) for __stdout
    printf5.o(i.__0vsnprintf$5) refers to printf5.o(i._printf_core) for _printf_core
    printf5.o(i.__0vsnprintf$5) refers to printf5.o(i._snputc) for _snputc
    printf5.o(i.__0vsprintf$5) refers to printf5.o(i._printf_core) for _printf_core
    printf5.o(i.__0vsprintf$5) refers to printf5.o(i._sputc) for _sputc
    printf5.o(i._printf_core) refers to uldiv.o(.text) for __aeabi_uldivmod
    printf6.o(i.__0fprintf$6) refers to printf6.o(i._printf_core) for _printf_core
    printf6.o(i.__0fprintf$6) refers to uart1.o(.text) for fputc
    printf6.o(i.__0printf$6) refers to printf6.o(i._printf_core) for _printf_core
    printf6.o(i.__0printf$6) refers to uart1.o(.text) for fputc
    printf6.o(i.__0printf$6) refers to stdout.o(.data) for __stdout
    printf6.o(i.__0snprintf$6) refers to printf6.o(i._printf_core) for _printf_core
    printf6.o(i.__0snprintf$6) refers to printf6.o(i._snputc) for _snputc
    printf6.o(i.__0sprintf$6) refers to printf6.o(i._printf_core) for _printf_core
    printf6.o(i.__0sprintf$6) refers to printf6.o(i._sputc) for _sputc
    printf6.o(i.__0vfprintf$6) refers to printf6.o(i._printf_core) for _printf_core
    printf6.o(i.__0vfprintf$6) refers to uart1.o(.text) for fputc
    printf6.o(i.__0vprintf$6) refers to printf6.o(i._printf_core) for _printf_core
    printf6.o(i.__0vprintf$6) refers to uart1.o(.text) for fputc
    printf6.o(i.__0vprintf$6) refers to stdout.o(.data) for __stdout
    printf6.o(i.__0vsnprintf$6) refers to printf6.o(i._printf_core) for _printf_core
    printf6.o(i.__0vsnprintf$6) refers to printf6.o(i._snputc) for _snputc
    printf6.o(i.__0vsprintf$6) refers to printf6.o(i._printf_core) for _printf_core
    printf6.o(i.__0vsprintf$6) refers to printf6.o(i._sputc) for _sputc
    printf6.o(i._printf_core) refers to printf6.o(i._printf_pre_padding) for _printf_pre_padding
    printf6.o(i._printf_core) refers to printf6.o(i._printf_post_padding) for _printf_post_padding
    printf6.o(i._printf_core) refers to uidiv.o(.text) for __aeabi_uidivmod
    printf7.o(i.__0fprintf$7) refers to printf7.o(i._printf_core) for _printf_core
    printf7.o(i.__0fprintf$7) refers to uart1.o(.text) for fputc
    printf7.o(i.__0printf$7) refers to printf7.o(i._printf_core) for _printf_core
    printf7.o(i.__0printf$7) refers to uart1.o(.text) for fputc
    printf7.o(i.__0printf$7) refers to stdout.o(.data) for __stdout
    printf7.o(i.__0snprintf$7) refers to printf7.o(i._printf_core) for _printf_core
    printf7.o(i.__0snprintf$7) refers to printf7.o(i._snputc) for _snputc
    printf7.o(i.__0sprintf$7) refers to printf7.o(i._printf_core) for _printf_core
    printf7.o(i.__0sprintf$7) refers to printf7.o(i._sputc) for _sputc
    printf7.o(i.__0vfprintf$7) refers to printf7.o(i._printf_core) for _printf_core
    printf7.o(i.__0vfprintf$7) refers to uart1.o(.text) for fputc
    printf7.o(i.__0vprintf$7) refers to printf7.o(i._printf_core) for _printf_core
    printf7.o(i.__0vprintf$7) refers to uart1.o(.text) for fputc
    printf7.o(i.__0vprintf$7) refers to stdout.o(.data) for __stdout
    printf7.o(i.__0vsnprintf$7) refers to printf7.o(i._printf_core) for _printf_core
    printf7.o(i.__0vsnprintf$7) refers to printf7.o(i._snputc) for _snputc
    printf7.o(i.__0vsprintf$7) refers to printf7.o(i._printf_core) for _printf_core
    printf7.o(i.__0vsprintf$7) refers to printf7.o(i._sputc) for _sputc
    printf7.o(i._printf_core) refers to printf7.o(i._printf_pre_padding) for _printf_pre_padding
    printf7.o(i._printf_core) refers to printf7.o(i._printf_post_padding) for _printf_post_padding
    printf7.o(i._printf_core) refers to uldiv.o(.text) for __aeabi_uldivmod
    printf8.o(i.__0fprintf$8) refers to printf8.o(i._printf_core) for _printf_core
    printf8.o(i.__0fprintf$8) refers to uart1.o(.text) for fputc
    printf8.o(i.__0printf$8) refers to printf8.o(i._printf_core) for _printf_core
    printf8.o(i.__0printf$8) refers to uart1.o(.text) for fputc
    printf8.o(i.__0printf$8) refers to stdout.o(.data) for __stdout
    printf8.o(i.__0snprintf$8) refers to printf8.o(i._printf_core) for _printf_core
    printf8.o(i.__0snprintf$8) refers to printf8.o(i._snputc) for _snputc
    printf8.o(i.__0sprintf$8) refers to printf8.o(i._printf_core) for _printf_core
    printf8.o(i.__0sprintf$8) refers to printf8.o(i._sputc) for _sputc
    printf8.o(i.__0vfprintf$8) refers to printf8.o(i._printf_core) for _printf_core
    printf8.o(i.__0vfprintf$8) refers to uart1.o(.text) for fputc
    printf8.o(i.__0vprintf$8) refers to printf8.o(i._printf_core) for _printf_core
    printf8.o(i.__0vprintf$8) refers to uart1.o(.text) for fputc
    printf8.o(i.__0vprintf$8) refers to stdout.o(.data) for __stdout
    printf8.o(i.__0vsnprintf$8) refers to printf8.o(i._printf_core) for _printf_core
    printf8.o(i.__0vsnprintf$8) refers to printf8.o(i._snputc) for _snputc
    printf8.o(i.__0vsprintf$8) refers to printf8.o(i._printf_core) for _printf_core
    printf8.o(i.__0vsprintf$8) refers to printf8.o(i._sputc) for _sputc
    printf8.o(i._printf_core) refers to printf8.o(i._printf_pre_padding) for _printf_pre_padding
    printf8.o(i._printf_core) refers to printf8.o(i._printf_post_padding) for _printf_post_padding
    printf8.o(i._printf_core) refers to uldiv.o(.text) for __aeabi_uldivmod
    printfa.o(i.__0fprintf) refers (Special) to iusefp.o(.text) for __I$use$fp
    printfa.o(i.__0fprintf) refers to printfa.o(i._printf_core) for _printf_core
    printfa.o(i.__0fprintf) refers to uart1.o(.text) for fputc
    printfa.o(i.__0printf) refers (Special) to iusefp.o(.text) for __I$use$fp
    printfa.o(i.__0printf) refers to printfa.o(i._printf_core) for _printf_core
    printfa.o(i.__0printf) refers to uart1.o(.text) for fputc
    printfa.o(i.__0printf) refers to stdout.o(.data) for __stdout
    printfa.o(i.__0snprintf) refers (Special) to iusefp.o(.text) for __I$use$fp
    printfa.o(i.__0snprintf) refers to printfa.o(i._printf_core) for _printf_core
    printfa.o(i.__0snprintf) refers to printfa.o(i._snputc) for _snputc
    printfa.o(i.__0sprintf) refers (Special) to iusefp.o(.text) for __I$use$fp
    printfa.o(i.__0sprintf) refers to printfa.o(i._printf_core) for _printf_core
    printfa.o(i.__0sprintf) refers to printfa.o(i._sputc) for _sputc
    printfa.o(i.__0vfprintf) refers (Special) to iusefp.o(.text) for __I$use$fp
    printfa.o(i.__0vfprintf) refers to printfa.o(i._printf_core) for _printf_core
    printfa.o(i.__0vfprintf) refers to uart1.o(.text) for fputc
    printfa.o(i.__0vprintf) refers (Special) to iusefp.o(.text) for __I$use$fp
    printfa.o(i.__0vprintf) refers to printfa.o(i._printf_core) for _printf_core
    printfa.o(i.__0vprintf) refers to uart1.o(.text) for fputc
    printfa.o(i.__0vprintf) refers to stdout.o(.data) for __stdout
    printfa.o(i.__0vsnprintf) refers (Special) to iusefp.o(.text) for __I$use$fp
    printfa.o(i.__0vsnprintf) refers to printfa.o(i._printf_core) for _printf_core
    printfa.o(i.__0vsnprintf) refers to printfa.o(i._snputc) for _snputc
    printfa.o(i.__0vsprintf) refers (Special) to iusefp.o(.text) for __I$use$fp
    printfa.o(i.__0vsprintf) refers to printfa.o(i._printf_core) for _printf_core
    printfa.o(i.__0vsprintf) refers to printfa.o(i._sputc) for _sputc
    printfa.o(i._fp_digits) refers (Special) to iusefp.o(.text) for __I$use$fp
    printfa.o(i._fp_digits) refers to dmul.o(.text) for __aeabi_dmul
    printfa.o(i._fp_digits) refers to ddiv.o(.text) for __aeabi_ddiv
    printfa.o(i._fp_digits) refers to cdrcmple.o(.text) for __aeabi_cdrcmple
    printfa.o(i._fp_digits) refers to dadd.o(.text) for __aeabi_dadd
    printfa.o(i._fp_digits) refers to dfixul.o(.text) for __aeabi_d2ulz
    printfa.o(i._fp_digits) refers to uldiv.o(.text) for __aeabi_uldivmod
    printfa.o(i._printf_core) refers (Special) to iusefp.o(.text) for __I$use$fp
    printfa.o(i._printf_core) refers to printfa.o(i._printf_pre_padding) for _printf_pre_padding
    printfa.o(i._printf_core) refers to uldiv.o(.text) for __aeabi_uldivmod
    printfa.o(i._printf_core) refers to printfa.o(i._printf_post_padding) for _printf_post_padding
    printfa.o(i._printf_core) refers to printfa.o(i._fp_digits) for _fp_digits
    printfa.o(i._printf_core) refers to uidiv.o(.text) for __aeabi_uidivmod
    printfa.o(i._printf_post_padding) refers (Special) to iusefp.o(.text) for __I$use$fp
    printfa.o(i._printf_pre_padding) refers (Special) to iusefp.o(.text) for __I$use$fp
    printfa.o(i._snputc) refers (Special) to iusefp.o(.text) for __I$use$fp
    printfa.o(i._sputc) refers (Special) to iusefp.o(.text) for __I$use$fp
    fadd.o(.text) refers (Special) to iusefp.o(.text) for __I$use$fp
    fadd.o(.text) refers to fepilogue.o(.text) for _float_epilogue
    fmul.o(.text) refers (Special) to iusefp.o(.text) for __I$use$fp
    dadd.o(.text) refers (Special) to iusefp.o(.text) for __I$use$fp
    dadd.o(.text) refers to llshl.o(.text) for __aeabi_llsl
    dadd.o(.text) refers to llsshr.o(.text) for __aeabi_lasr
    dadd.o(.text) refers to depilogue.o(.text) for _double_epilogue
    dmul.o(.text) refers (Special) to iusefp.o(.text) for __I$use$fp
    dmul.o(.text) refers to depilogue.o(.text) for _double_epilogue
    ddiv.o(.text) refers (Special) to iusefp.o(.text) for __I$use$fp
    ddiv.o(.text) refers to depilogue.o(.text) for _double_round
    fflti.o(.text) refers (Special) to iusefp.o(.text) for __I$use$fp
    fflti.o(.text) refers to fepilogue.o(.text) for _float_epilogue
    dflti.o(.text) refers (Special) to iusefp.o(.text) for __I$use$fp
    dflti.o(.text) refers to depilogue.o(.text) for _double_epilogue
    dfltui.o(.text) refers (Special) to iusefp.o(.text) for __I$use$fp
    dfltui.o(.text) refers to depilogue.o(.text) for _double_epilogue
    ffixi.o(.text) refers (Special) to iusefp.o(.text) for __I$use$fp
    dfixi.o(.text) refers (Special) to iusefp.o(.text) for __I$use$fp
    dfixi.o(.text) refers to llushr.o(.text) for __aeabi_llsr
    dfixui.o(.text) refers (Special) to iusefp.o(.text) for __I$use$fp
    dfixui.o(.text) refers to llushr.o(.text) for __aeabi_llsr
    f2d.o(.text) refers (Special) to iusefp.o(.text) for __I$use$fp
    cdrcmple.o(.text) refers (Special) to iusefp.o(.text) for __I$use$fp
    d2f.o(.text) refers (Special) to iusefp.o(.text) for __I$use$fp
    d2f.o(.text) refers to fepilogue.o(.text) for _float_round
    cfcmple.o(.text) refers (Special) to iusefp.o(.text) for __I$use$fp
    cfrcmple.o(.text) refers (Special) to iusefp.o(.text) for __I$use$fp
    dunder.o(i.__mathlib_dbl_divzero) refers to ddiv.o(.text) for __aeabi_ddiv
    dunder.o(i.__mathlib_dbl_infnan) refers to dscalb.o(.text) for __ARM_scalbn
    dunder.o(i.__mathlib_dbl_infnan2) refers to dadd.o(.text) for __aeabi_dadd
    dunder.o(i.__mathlib_dbl_invalid) refers to ddiv.o(.text) for __aeabi_ddiv
    dunder.o(i.__mathlib_dbl_overflow) refers to dscalb.o(.text) for __ARM_scalbn
    dunder.o(i.__mathlib_dbl_posinfnan) refers to dmul.o(.text) for __aeabi_dmul
    dunder.o(i.__mathlib_dbl_underflow) refers to dscalb.o(.text) for __ARM_scalbn
    poly.o(i.__kernel_poly) refers (Special) to iusefp.o(.text) for __I$use$fp
    poly.o(i.__kernel_poly) refers to dmul.o(.text) for __aeabi_dmul
    poly.o(i.__kernel_poly) refers to dadd.o(.text) for __aeabi_dadd
    qnan.o(.constdata) refers (Special) to iusefp.o(.text) for __I$use$fp
    entry2.o(.ARM.Collect$$$$00000001) refers to entry2.o(.ARM.Collect$$$$00002712) for __lit__00000000
    entry2.o(.ARM.Collect$$$$00002712) refers to startup_swm181.o(STACK) for __initial_sp
    entry2.o(__vectab_stack_and_reset_area) refers to startup_swm181.o(STACK) for __initial_sp
    entry2.o(__vectab_stack_and_reset_area) refers to entry.o(.ARM.Collect$$$$00000000) for __main
    entry5.o(.ARM.Collect$$$$00000004) refers to init.o(.text) for __scatterload
    entry9a.o(.ARM.Collect$$$$0000000B) refers to main.o(.text) for main
    entry9b.o(.ARM.Collect$$$$0000000C) refers to main.o(.text) for main
    uldiv.o(.text) refers to llushr.o(.text) for __aeabi_llsr
    uldiv.o(.text) refers to llshl.o(.text) for __aeabi_llsl
    errno.o(i.__aeabi_errno_addr) refers to errno.o(.data) for .data
    errno.o(i.__read_errno) refers to errno.o(.data) for .data
    errno.o(i.__set_errno) refers to errno.o(.data) for .data
    depilogue.o(.text) refers to depilogue.o(i.__ARM_clz) for __ARM_clz
    depilogue.o(.text) refers to llshl.o(.text) for __aeabi_llsl
    depilogue.o(.text) refers to llushr.o(.text) for __aeabi_llsr
    dfixul.o(.text) refers to llushr.o(.text) for __aeabi_llsr
    dfixul.o(.text) refers to llshl.o(.text) for __aeabi_llsl
    init.o(.text) refers to entry5.o(.ARM.Collect$$$$00000004) for __main_after_scatterload


==============================================================================

Removing Unused input sections from the image.

    Removing main.o(.rev16_text), (4 bytes).
    Removing main.o(.revsh_text), (4 bytes).
    Removing main.o(.data), (8 bytes).
    Removing delay.o(.rev16_text), (4 bytes).
    Removing delay.o(.revsh_text), (4 bytes).
    Removing io.o(.rev16_text), (4 bytes).
    Removing io.o(.revsh_text), (4 bytes).
    Removing judge.o(.rev16_text), (4 bytes).
    Removing judge.o(.revsh_text), (4 bytes).
    Removing pid.o(.rev16_text), (4 bytes).
    Removing pid.o(.revsh_text), (4 bytes).
    Removing send.o(.rev16_text), (4 bytes).
    Removing send.o(.revsh_text), (4 bytes).
    Removing timer.o(.rev16_text), (4 bytes).
    Removing timer.o(.revsh_text), (4 bytes).
    Removing uart1.o(.rev16_text), (4 bytes).
    Removing uart1.o(.revsh_text), (4 bytes).
    Removing uart2.o(.rev16_text), (4 bytes).
    Removing uart2.o(.revsh_text), (4 bytes).
    Removing up.o(.rev16_text), (4 bytes).
    Removing up.o(.revsh_text), (4 bytes).
    Removing adc.o(.rev16_text), (4 bytes).
    Removing adc.o(.revsh_text), (4 bytes).
    Removing measure.o(.rev16_text), (4 bytes).
    Removing measure.o(.revsh_text), (4 bytes).
    Removing measure.o(.text), (628 bytes).
    Removing measure.o(.bss), (512 bytes).
    Removing driver.o(.rev16_text), (4 bytes).
    Removing driver.o(.revsh_text), (4 bytes).
    Removing system_swm181.o(.rev16_text), (4 bytes).
    Removing system_swm181.o(.revsh_text), (4 bytes).
    Removing startup_swm181.o(HEAP), (0 bytes).
    Removing swm181_adc.o(.rev16_text), (4 bytes).
    Removing swm181_adc.o(.revsh_text), (4 bytes).
    Removing swm181_adc.o(.text), (780 bytes).
    Removing swm181_cache.o(.rev16_text), (4 bytes).
    Removing swm181_cache.o(.revsh_text), (4 bytes).
    Removing swm181_cache.o(.text), (240 bytes).
    Removing swm181_can.o(.rev16_text), (4 bytes).
    Removing swm181_can.o(.revsh_text), (4 bytes).
    Removing swm181_can.o(.text), (932 bytes).
    Removing swm181_cmp.o(.rev16_text), (4 bytes).
    Removing swm181_cmp.o(.revsh_text), (4 bytes).
    Removing swm181_cmp.o(.text), (660 bytes).
    Removing swm181_cordic.o(.rev16_text), (4 bytes).
    Removing swm181_cordic.o(.revsh_text), (4 bytes).
    Removing swm181_cordic.o(.text), (42 bytes).
    Removing swm181_div.o(.rev16_text), (4 bytes).
    Removing swm181_div.o(.revsh_text), (4 bytes).
    Removing swm181_div.o(.text), (32 bytes).
    Removing swm181_dma.o(.rev16_text), (4 bytes).
    Removing swm181_dma.o(.revsh_text), (4 bytes).
    Removing swm181_dma.o(.text), (872 bytes).
    Removing swm181_exti.o(.rev16_text), (4 bytes).
    Removing swm181_exti.o(.revsh_text), (4 bytes).
    Removing swm181_exti.o(.text), (194 bytes).
    Removing swm181_flash.o(.rev16_text), (4 bytes).
    Removing swm181_flash.o(.revsh_text), (4 bytes).
    Removing swm181_flash.o(.text), (248 bytes).
    Removing swm181_flash.o(PlaceInRAM), (160 bytes).
    Removing swm181_flash.o(.data), (4 bytes).
    Removing swm181_gpio.o(.rev16_text), (4 bytes).
    Removing swm181_gpio.o(.revsh_text), (4 bytes).
    Removing swm181_i2c.o(.rev16_text), (4 bytes).
    Removing swm181_i2c.o(.revsh_text), (4 bytes).
    Removing swm181_i2c.o(.text), (500 bytes).
    Removing swm181_irqmux.o(.rev16_text), (4 bytes).
    Removing swm181_irqmux.o(.revsh_text), (4 bytes).
    Removing swm181_port.o(.rev16_text), (4 bytes).
    Removing swm181_port.o(.revsh_text), (4 bytes).
    Removing swm181_pwm.o(.rev16_text), (4 bytes).
    Removing swm181_pwm.o(.revsh_text), (4 bytes).
    Removing swm181_sdadc.o(.rev16_text), (4 bytes).
    Removing swm181_sdadc.o(.revsh_text), (4 bytes).
    Removing swm181_slcd.o(.rev16_text), (4 bytes).
    Removing swm181_slcd.o(.revsh_text), (4 bytes).
    Removing swm181_slcd.o(.text), (168 bytes).
    Removing swm181_sleep.o(.rev16_text), (4 bytes).
    Removing swm181_sleep.o(.revsh_text), (4 bytes).
    Removing swm181_sleep.o(.emb_text), (40 bytes).
    Removing swm181_sleep.o(.data), (64 bytes).
    Removing swm181_spi.o(.rev16_text), (4 bytes).
    Removing swm181_spi.o(.revsh_text), (4 bytes).
    Removing swm181_spi.o(.text), (568 bytes).
    Removing swm181_timr.o(.rev16_text), (4 bytes).
    Removing swm181_timr.o(.revsh_text), (4 bytes).
    Removing swm181_uart.o(.rev16_text), (4 bytes).
    Removing swm181_uart.o(.revsh_text), (4 bytes).
    Removing swm181_wdt.o(.rev16_text), (4 bytes).
    Removing swm181_wdt.o(.revsh_text), (4 bytes).
    Removing swm181_wdt.o(.text), (106 bytes).
    Removing dfixul.o(.text), (64 bytes).

92 unused section(s) (total 7102 bytes) removed from the image.

==============================================================================

Image Symbol Table

    Local Symbols

    Symbol Name                              Value     Ov Type        Size  Object(Section)

    RESET                                    0x00000000   Section      192  startup_swm181.o(RESET)
    ../clib/microlib/division.c              0x00000000   Number         0  uldiv.o ABSOLUTE
    ../clib/microlib/division.c              0x00000000   Number         0  uidiv.o ABSOLUTE
    ../clib/microlib/division.c              0x00000000   Number         0  idiv.o ABSOLUTE
    ../clib/microlib/errno.c                 0x00000000   Number         0  errno.o ABSOLUTE
    ../clib/microlib/init/entry.s            0x00000000   Number         0  entry12b.o ABSOLUTE
    ../clib/microlib/init/entry.s            0x00000000   Number         0  entry8b.o ABSOLUTE
    ../clib/microlib/init/entry.s            0x00000000   Number         0  entry9b.o ABSOLUTE
    ../clib/microlib/init/entry.s            0x00000000   Number         0  entry7b.o ABSOLUTE
    ../clib/microlib/init/entry.s            0x00000000   Number         0  entry8a.o ABSOLUTE
    ../clib/microlib/init/entry.s            0x00000000   Number         0  entry7a.o ABSOLUTE
    ../clib/microlib/init/entry.s            0x00000000   Number         0  entry2.o ABSOLUTE
    ../clib/microlib/init/entry.s            0x00000000   Number         0  entry11b.o ABSOLUTE
    ../clib/microlib/init/entry.s            0x00000000   Number         0  entry12a.o ABSOLUTE
    ../clib/microlib/init/entry.s            0x00000000   Number         0  entry5.o ABSOLUTE
    ../clib/microlib/init/entry.s            0x00000000   Number         0  entry11a.o ABSOLUTE
    ../clib/microlib/init/entry.s            0x00000000   Number         0  entry10b.o ABSOLUTE
    ../clib/microlib/init/entry.s            0x00000000   Number         0  entry.o ABSOLUTE
    ../clib/microlib/init/entry.s            0x00000000   Number         0  entry10a.o ABSOLUTE
    ../clib/microlib/init/entry.s            0x00000000   Number         0  entry9a.o ABSOLUTE
    ../clib/microlib/longlong.c              0x00000000   Number         0  llsshr.o ABSOLUTE
    ../clib/microlib/longlong.c              0x00000000   Number         0  llushr.o ABSOLUTE
    ../clib/microlib/longlong.c              0x00000000   Number         0  llshl.o ABSOLUTE
    ../clib/microlib/printf/printf.c         0x00000000   Number         0  printfa.o ABSOLUTE
    ../clib/microlib/printf/printf.c         0x00000000   Number         0  printf8.o ABSOLUTE
    ../clib/microlib/printf/printf.c         0x00000000   Number         0  printf1.o ABSOLUTE
    ../clib/microlib/printf/printf.c         0x00000000   Number         0  printf7.o ABSOLUTE
    ../clib/microlib/printf/printf.c         0x00000000   Number         0  printf6.o ABSOLUTE
    ../clib/microlib/printf/printf.c         0x00000000   Number         0  printf5.o ABSOLUTE
    ../clib/microlib/printf/printf.c         0x00000000   Number         0  printf0.o ABSOLUTE
    ../clib/microlib/printf/printf.c         0x00000000   Number         0  printfb.o ABSOLUTE
    ../clib/microlib/printf/printf.c         0x00000000   Number         0  printf4.o ABSOLUTE
    ../clib/microlib/printf/printf.c         0x00000000   Number         0  printf3.o ABSOLUTE
    ../clib/microlib/printf/printf.c         0x00000000   Number         0  printf2.o ABSOLUTE
    ../clib/microlib/printf/stubs.s          0x00000000   Number         0  stubs.o ABSOLUTE
    ../clib/microlib/stdio/streams.c         0x00000000   Number         0  stdout.o ABSOLUTE
    ../clib/microlib/string/memcpy.c         0x00000000   Number         0  memcpya.o ABSOLUTE
    ../clib/microlib/string/memcpy.c         0x00000000   Number         0  memcpyb.o ABSOLUTE
    ../clib/microlib/stubs.s                 0x00000000   Number         0  iusefp.o ABSOLUTE
    ../fplib/microlib/d2f.c                  0x00000000   Number         0  d2f.o ABSOLUTE
    ../fplib/microlib/f2d.c                  0x00000000   Number         0  f2d.o ABSOLUTE
    ../fplib/microlib/fpadd.c                0x00000000   Number         0  dadd.o ABSOLUTE
    ../fplib/microlib/fpadd.c                0x00000000   Number         0  fadd.o ABSOLUTE
    ../fplib/microlib/fpdiv.c                0x00000000   Number         0  ddiv.o ABSOLUTE
    ../fplib/microlib/fpepilogue.c           0x00000000   Number         0  fepilogue.o ABSOLUTE
    ../fplib/microlib/fpepilogue.c           0x00000000   Number         0  depilogue.o ABSOLUTE
    ../fplib/microlib/fpfix.c                0x00000000   Number         0  dfixul.o ABSOLUTE
    ../fplib/microlib/fpfix.c                0x00000000   Number         0  dfixui.o ABSOLUTE
    ../fplib/microlib/fpfix.c                0x00000000   Number         0  dfixi.o ABSOLUTE
    ../fplib/microlib/fpfix.c                0x00000000   Number         0  ffixi.o ABSOLUTE
    ../fplib/microlib/fpflt.c                0x00000000   Number         0  dflti.o ABSOLUTE
    ../fplib/microlib/fpflt.c                0x00000000   Number         0  fflti.o ABSOLUTE
    ../fplib/microlib/fpflt.c                0x00000000   Number         0  dfltui.o ABSOLUTE
    ../fplib/microlib/fpmul.c                0x00000000   Number         0  fmul.o ABSOLUTE
    ../fplib/microlib/fpmul.c                0x00000000   Number         0  dmul.o ABSOLUTE
    ../fplib/microlib/fpscalb.c              0x00000000   Number         0  dscalb.o ABSOLUTE
    ../mathlib/dunder.c                      0x00000000   Number         0  dunder.o ABSOLUTE
    ../mathlib/log.c                         0x00000000   Number         0  log.o ABSOLUTE
    ../mathlib/log.c                         0x00000000   Number         0  log_x.o ABSOLUTE
    ../mathlib/poly.c                        0x00000000   Number         0  poly.o ABSOLUTE
    ../mathlib/qnan.c                        0x00000000   Number         0  qnan.o ABSOLUTE
    APP\IO.c                                 0x00000000   Number         0  io.o ABSOLUTE
    APP\\IO.c                                0x00000000   Number         0  io.o ABSOLUTE
    APP\\adc.c                               0x00000000   Number         0  adc.o ABSOLUTE
    APP\\delay.c                             0x00000000   Number         0  delay.o ABSOLUTE
    APP\\driver.c                            0x00000000   Number         0  driver.o ABSOLUTE
    APP\\judge.c                             0x00000000   Number         0  judge.o ABSOLUTE
    APP\\measure.c                           0x00000000   Number         0  measure.o ABSOLUTE
    APP\\pid.c                               0x00000000   Number         0  pid.o ABSOLUTE
    APP\\send.c                              0x00000000   Number         0  send.o ABSOLUTE
    APP\\timer.c                             0x00000000   Number         0  timer.o ABSOLUTE
    APP\\uart1.c                             0x00000000   Number         0  uart1.o ABSOLUTE
    APP\\uart2.c                             0x00000000   Number         0  uart2.o ABSOLUTE
    APP\\up.c                                0x00000000   Number         0  up.o ABSOLUTE
    APP\adc.c                                0x00000000   Number         0  adc.o ABSOLUTE
    APP\delay.c                              0x00000000   Number         0  delay.o ABSOLUTE
    APP\driver.c                             0x00000000   Number         0  driver.o ABSOLUTE
    APP\judge.c                              0x00000000   Number         0  judge.o ABSOLUTE
    APP\measure.c                            0x00000000   Number         0  measure.o ABSOLUTE
    APP\pid.c                                0x00000000   Number         0  pid.o ABSOLUTE
    APP\send.c                               0x00000000   Number         0  send.o ABSOLUTE
    APP\timer.c                              0x00000000   Number         0  timer.o ABSOLUTE
    APP\uart1.c                              0x00000000   Number         0  uart1.o ABSOLUTE
    APP\uart2.c                              0x00000000   Number         0  uart2.o ABSOLUTE
    APP\up.c                                 0x00000000   Number         0  up.o ABSOLUTE
    CSL\CMSIS\DeviceSupport\startup\arm\startup_SWM181.s 0x00000000   Number         0  startup_swm181.o ABSOLUTE
    CSL\CMSIS\DeviceSupport\system_SWM181.c  0x00000000   Number         0  system_swm181.o ABSOLUTE
    CSL\SWM181_StdPeriph_Driver\SWM181_adc.c 0x00000000   Number         0  swm181_adc.o ABSOLUTE
    CSL\SWM181_StdPeriph_Driver\SWM181_cache.c 0x00000000   Number         0  swm181_cache.o ABSOLUTE
    CSL\SWM181_StdPeriph_Driver\SWM181_can.c 0x00000000   Number         0  swm181_can.o ABSOLUTE
    CSL\SWM181_StdPeriph_Driver\SWM181_cmp.c 0x00000000   Number         0  swm181_cmp.o ABSOLUTE
    CSL\SWM181_StdPeriph_Driver\SWM181_cordic.c 0x00000000   Number         0  swm181_cordic.o ABSOLUTE
    CSL\SWM181_StdPeriph_Driver\SWM181_div.c 0x00000000   Number         0  swm181_div.o ABSOLUTE
    CSL\SWM181_StdPeriph_Driver\SWM181_dma.c 0x00000000   Number         0  swm181_dma.o ABSOLUTE
    CSL\SWM181_StdPeriph_Driver\SWM181_exti.c 0x00000000   Number         0  swm181_exti.o ABSOLUTE
    CSL\SWM181_StdPeriph_Driver\SWM181_flash.c 0x00000000   Number         0  swm181_flash.o ABSOLUTE
    CSL\SWM181_StdPeriph_Driver\SWM181_gpio.c 0x00000000   Number         0  swm181_gpio.o ABSOLUTE
    CSL\SWM181_StdPeriph_Driver\SWM181_i2c.c 0x00000000   Number         0  swm181_i2c.o ABSOLUTE
    CSL\SWM181_StdPeriph_Driver\SWM181_irqmux.c 0x00000000   Number         0  swm181_irqmux.o ABSOLUTE
    CSL\SWM181_StdPeriph_Driver\SWM181_port.c 0x00000000   Number         0  swm181_port.o ABSOLUTE
    CSL\SWM181_StdPeriph_Driver\SWM181_pwm.c 0x00000000   Number         0  swm181_pwm.o ABSOLUTE
    CSL\SWM181_StdPeriph_Driver\SWM181_sdadc.c 0x00000000   Number         0  swm181_sdadc.o ABSOLUTE
    CSL\SWM181_StdPeriph_Driver\SWM181_slcd.c 0x00000000   Number         0  swm181_slcd.o ABSOLUTE
    CSL\SWM181_StdPeriph_Driver\SWM181_sleep.c 0x00000000   Number         0  swm181_sleep.o ABSOLUTE
    CSL\SWM181_StdPeriph_Driver\SWM181_spi.c 0x00000000   Number         0  swm181_spi.o ABSOLUTE
    CSL\SWM181_StdPeriph_Driver\SWM181_timr.c 0x00000000   Number         0  swm181_timr.o ABSOLUTE
    CSL\SWM181_StdPeriph_Driver\SWM181_uart.c 0x00000000   Number         0  swm181_uart.o ABSOLUTE
    CSL\SWM181_StdPeriph_Driver\SWM181_wdt.c 0x00000000   Number         0  swm181_wdt.o ABSOLUTE
    CSL\\CMSIS\\DeviceSupport\\system_SWM181.c 0x00000000   Number         0  system_swm181.o ABSOLUTE
    CSL\\SWM181_StdPeriph_Driver\\SWM181_adc.c 0x00000000   Number         0  swm181_adc.o ABSOLUTE
    CSL\\SWM181_StdPeriph_Driver\\SWM181_cache.c 0x00000000   Number         0  swm181_cache.o ABSOLUTE
    CSL\\SWM181_StdPeriph_Driver\\SWM181_can.c 0x00000000   Number         0  swm181_can.o ABSOLUTE
    CSL\\SWM181_StdPeriph_Driver\\SWM181_cmp.c 0x00000000   Number         0  swm181_cmp.o ABSOLUTE
    CSL\\SWM181_StdPeriph_Driver\\SWM181_cordic.c 0x00000000   Number         0  swm181_cordic.o ABSOLUTE
    CSL\\SWM181_StdPeriph_Driver\\SWM181_div.c 0x00000000   Number         0  swm181_div.o ABSOLUTE
    CSL\\SWM181_StdPeriph_Driver\\SWM181_dma.c 0x00000000   Number         0  swm181_dma.o ABSOLUTE
    CSL\\SWM181_StdPeriph_Driver\\SWM181_exti.c 0x00000000   Number         0  swm181_exti.o ABSOLUTE
    CSL\\SWM181_StdPeriph_Driver\\SWM181_flash.c 0x00000000   Number         0  swm181_flash.o ABSOLUTE
    CSL\\SWM181_StdPeriph_Driver\\SWM181_gpio.c 0x00000000   Number         0  swm181_gpio.o ABSOLUTE
    CSL\\SWM181_StdPeriph_Driver\\SWM181_i2c.c 0x00000000   Number         0  swm181_i2c.o ABSOLUTE
    CSL\\SWM181_StdPeriph_Driver\\SWM181_irqmux.c 0x00000000   Number         0  swm181_irqmux.o ABSOLUTE
    CSL\\SWM181_StdPeriph_Driver\\SWM181_port.c 0x00000000   Number         0  swm181_port.o ABSOLUTE
    CSL\\SWM181_StdPeriph_Driver\\SWM181_pwm.c 0x00000000   Number         0  swm181_pwm.o ABSOLUTE
    CSL\\SWM181_StdPeriph_Driver\\SWM181_sdadc.c 0x00000000   Number         0  swm181_sdadc.o ABSOLUTE
    CSL\\SWM181_StdPeriph_Driver\\SWM181_slcd.c 0x00000000   Number         0  swm181_slcd.o ABSOLUTE
    CSL\\SWM181_StdPeriph_Driver\\SWM181_sleep.c 0x00000000   Number         0  swm181_sleep.o ABSOLUTE
    CSL\\SWM181_StdPeriph_Driver\\SWM181_spi.c 0x00000000   Number         0  swm181_spi.o ABSOLUTE
    CSL\\SWM181_StdPeriph_Driver\\SWM181_timr.c 0x00000000   Number         0  swm181_timr.o ABSOLUTE
    CSL\\SWM181_StdPeriph_Driver\\SWM181_uart.c 0x00000000   Number         0  swm181_uart.o ABSOLUTE
    CSL\\SWM181_StdPeriph_Driver\\SWM181_wdt.c 0x00000000   Number         0  swm181_wdt.o ABSOLUTE
    app\\main.c                              0x00000000   Number         0  main.o ABSOLUTE
    app\main.c                               0x00000000   Number         0  main.o ABSOLUTE
    cdcmple.s                                0x00000000   Number         0  cdcmple.o ABSOLUTE
    cdrcmple.s                               0x00000000   Number         0  cdrcmple.o ABSOLUTE
    cfcmple.s                                0x00000000   Number         0  cfcmple.o ABSOLUTE
    cfrcmple.s                               0x00000000   Number         0  cfrcmple.o ABSOLUTE
    dc.s                                     0x00000000   Number         0  dc.o ABSOLUTE
    handlers.s                               0x00000000   Number         0  handlers.o ABSOLUTE
    init.s                                   0x00000000   Number         0  init.o ABSOLUTE
    .ARM.Collect$$$$00000000                 0x000000c0   Section        0  entry.o(.ARM.Collect$$$$00000000)
    .ARM.Collect$$$$00000001                 0x000000c0   Section        4  entry2.o(.ARM.Collect$$$$00000001)
    .ARM.Collect$$$$00000004                 0x000000c4   Section        4  entry5.o(.ARM.Collect$$$$00000004)
    .ARM.Collect$$$$00000008                 0x000000c8   Section        0  entry7b.o(.ARM.Collect$$$$00000008)
    .ARM.Collect$$$$0000000A                 0x000000c8   Section        0  entry8b.o(.ARM.Collect$$$$0000000A)
    .ARM.Collect$$$$0000000B                 0x000000c8   Section        8  entry9a.o(.ARM.Collect$$$$0000000B)
    .ARM.Collect$$$$0000000E                 0x000000d0   Section        4  entry12b.o(.ARM.Collect$$$$0000000E)
    .ARM.Collect$$$$0000000F                 0x000000d4   Section        0  entry10a.o(.ARM.Collect$$$$0000000F)
    .ARM.Collect$$$$00000011                 0x000000d4   Section        0  entry11a.o(.ARM.Collect$$$$00000011)
    .ARM.Collect$$$$00002712                 0x000000d4   Section        4  entry2.o(.ARM.Collect$$$$00002712)
    __lit__00000000                          0x000000d4   Data           4  entry2.o(.ARM.Collect$$$$00002712)
    .text                                    0x000000d8   Section        0  main.o(.text)
    .text                                    0x000001bc   Section        0  delay.o(.text)
    .text                                    0x00000200   Section        0  io.o(.text)
    .text                                    0x000002ac   Section        0  judge.o(.text)
    .text                                    0x00000308   Section        0  pid.o(.text)
    .text                                    0x000005c8   Section        0  send.o(.text)
    .text                                    0x00000730   Section        0  timer.o(.text)
    .text                                    0x000007f8   Section        0  uart1.o(.text)
    .text                                    0x000009ac   Section        0  uart2.o(.text)
    .text                                    0x00000bb0   Section        0  up.o(.text)
    .text                                    0x00000c5c   Section        0  adc.o(.text)
    .text                                    0x00000e58   Section        0  driver.o(.text)
    .text                                    0x00000ef8   Section        0  system_swm181.o(.text)
    switchToXTAL                             0x00000f79   Thumb Code    72  system_swm181.o(.text)
    switchToRC24MHz                          0x00000fc1   Thumb Code    32  system_swm181.o(.text)
    switchToRC32KHz                          0x00000fe1   Thumb Code    34  system_swm181.o(.text)
    switchToRC12MHz                          0x00001003   Thumb Code    34  system_swm181.o(.text)
    switchToRC48MHz                          0x00001025   Thumb Code    34  system_swm181.o(.text)
    switchToRC6MHz                           0x00001047   Thumb Code    32  system_swm181.o(.text)
    .text                                    0x00001158   Section       88  startup_swm181.o(.text)
    .text                                    0x000011b0   Section        0  swm181_gpio.o(.text)
    .text                                    0x00001420   Section        0  swm181_irqmux.o(.text)
    NVIC_SetPriority                         0x000014e9   Thumb Code   110  swm181_irqmux.o(.text)
    .text                                    0x00001564   Section        0  swm181_port.o(.text)
    .text                                    0x00001814   Section        0  swm181_pwm.o(.text)
    .text                                    0x00001efc   Section        0  swm181_sdadc.o(.text)
    .text                                    0x0000211c   Section        0  swm181_timr.o(.text)
    .text                                    0x000023e0   Section        0  swm181_uart.o(.text)
    .text                                    0x0000271c   Section        0  uidiv.o(.text)
    .text                                    0x00002748   Section        0  idiv.o(.text)
    .text                                    0x00002770   Section        0  memcpya.o(.text)
    .text                                    0x00002794   Section        0  fadd.o(.text)
    .text                                    0x00002846   Section        0  fmul.o(.text)
    .text                                    0x000028c0   Section        0  dadd.o(.text)
    .text                                    0x00002a28   Section        0  dmul.o(.text)
    .text                                    0x00002af8   Section        0  ddiv.o(.text)
    .text                                    0x00002be8   Section        0  fflti.o(.text)
    .text                                    0x00002c00   Section        0  dflti.o(.text)
    .text                                    0x00002c28   Section        0  dfltui.o(.text)
    .text                                    0x00002c44   Section        0  ffixi.o(.text)
    .text                                    0x00002c78   Section        0  dfixi.o(.text)
    .text                                    0x00002cc0   Section        0  dfixui.o(.text)
    .text                                    0x00002cfc   Section        0  f2d.o(.text)
    .text                                    0x00002d24   Section       40  cdrcmple.o(.text)
    .text                                    0x00002d4c   Section        0  d2f.o(.text)
    .text                                    0x00002d84   Section       20  cfcmple.o(.text)
    .text                                    0x00002d98   Section       20  cfrcmple.o(.text)
    .text                                    0x00002dac   Section        0  llshl.o(.text)
    .text                                    0x00002dcc   Section        0  llushr.o(.text)
    .text                                    0x00002dee   Section        0  llsshr.o(.text)
    .text                                    0x00002e14   Section        0  fepilogue.o(.text)
    .text                                    0x00002e14   Section        0  iusefp.o(.text)
    .text                                    0x00002e96   Section        0  depilogue.o(.text)
    .text                                    0x00002f54   Section        0  dscalb.o(.text)
    .text                                    0x00002f80   Section       40  cdcmple.o(.text)
    .text                                    0x00002fa8   Section       36  init.o(.text)
    i.__0printf$2                            0x00002fcc   Section        0  printf2.o(i.__0printf$2)
    i.__ARM_clz                              0x00002fec   Section        0  depilogue.o(i.__ARM_clz)
    i.__ARM_common_switch8                   0x0000301a   Section        0  system_swm181.o(i.__ARM_common_switch8)
    i.__kernel_poly                          0x00003036   Section        0  poly.o(i.__kernel_poly)
    i.__mathlib_dbl_divzero                  0x000030e4   Section        0  dunder.o(i.__mathlib_dbl_divzero)
    i.__mathlib_dbl_infnan                   0x000030f8   Section        0  dunder.o(i.__mathlib_dbl_infnan)
    i.__mathlib_dbl_invalid                  0x00003102   Section        0  dunder.o(i.__mathlib_dbl_invalid)
    i.__scatterload_copy                     0x00003112   Section       14  handlers.o(i.__scatterload_copy)
    i.__scatterload_null                     0x00003120   Section        2  handlers.o(i.__scatterload_null)
    i.__scatterload_zeroinit                 0x00003122   Section       14  handlers.o(i.__scatterload_zeroinit)
    i.__set_errno                            0x00003130   Section        0  errno.o(i.__set_errno)
    i._printf_core                           0x0000313c   Section        0  printf2.o(i._printf_core)
    _printf_core                             0x0000313d   Thumb Code   210  printf2.o(i._printf_core)
    i.log                                    0x00003210   Section        0  log.o(i.log)
    .constdata                               0x00003568   Section       56  log.o(.constdata)
    Lg2                                      0x00003568   Data          24  log.o(.constdata)
    Lg                                       0x00003580   Data          32  log.o(.constdata)
    .constdata                               0x000035a0   Section        8  qnan.o(.constdata)
    .data                                    0x20000000   Section        1  delay.o(.data)
    .data                                    0x20000001   Section        7  judge.o(.data)
    .data                                    0x20000008   Section       24  pid.o(.data)
    flag_T                                   0x20000008   Data           4  pid.o(.data)
    TEMP1                                    0x20000010   Data           8  pid.o(.data)
    TEMP2                                    0x20000018   Data           8  pid.o(.data)
    .data                                    0x20000020   Section       58  send.o(.data)
    .data                                    0x20000060   Section       40  timer.o(.data)
    .data                                    0x20000088   Section        3  uart1.o(.data)
    .data                                    0x2000008c   Section       15  uart2.o(.data)
    .data                                    0x2000009c   Section       24  up.o(.data)
    .data                                    0x200000b8   Section        8  adc.o(.data)
    .data                                    0x200000c0   Section       56  measure.o(.data)
    .data                                    0x200000f8   Section        8  system_swm181.o(.data)
    .data                                    0x20000100   Section        4  stdout.o(.data)
    .data                                    0x20000104   Section        4  errno.o(.data)
    _errno                                   0x20000104   Data           4  errno.o(.data)
    .bss                                     0x20000108   Section       48  pid.o(.bss)
    .bss                                     0x20000138   Section      256  uart1.o(.bss)
    .bss                                     0x20000238   Section      256  uart2.o(.bss)
    .bss                                     0x20000338   Section       16  adc.o(.bss)
    STACK                                    0x20000348   Section     1024  startup_swm181.o(STACK)
    Stack_Mem                                0x20000348   Data        1024  startup_swm181.o(STACK)

    Global Symbols

    Symbol Name                              Value     Ov Type        Size  Object(Section)

    BuildAttributes$$THM_ISAv3M$S$PE$A:L22$X:L11$S22$IEEE1$IW$USESV6$~STKCKD$USESV7$~SHL$OTIME$ROPI$IEEEX$EBA8$MICROLIB$REQ8$EABIv2 0x00000000   Number         0  anon$$obj.o ABSOLUTE
    __ARM_use_no_argv                        0x00000000   Number         0  main.o ABSOLUTE
    __Vectors                                0x00000000   Data           4  startup_swm181.o(RESET)
    _printf_a                                0x00000000   Number         0  stubs.o ABSOLUTE
    _printf_c                                0x00000000   Number         0  stubs.o ABSOLUTE
    _printf_charcount                        0x00000000   Number         0  stubs.o ABSOLUTE
    _printf_d                                0x00000000   Number         0  stubs.o ABSOLUTE
    _printf_e                                0x00000000   Number         0  stubs.o ABSOLUTE
    _printf_f                                0x00000000   Number         0  stubs.o ABSOLUTE
    _printf_flags                            0x00000000   Number         0  stubs.o ABSOLUTE
    _printf_fp_dec                           0x00000000   Number         0  stubs.o ABSOLUTE
    _printf_fp_hex                           0x00000000   Number         0  stubs.o ABSOLUTE
    _printf_g                                0x00000000   Number         0  stubs.o ABSOLUTE
    _printf_i                                0x00000000   Number         0  stubs.o ABSOLUTE
    _printf_int_dec                          0x00000000   Number         0  stubs.o ABSOLUTE
    _printf_l                                0x00000000   Number         0  stubs.o ABSOLUTE
    _printf_lc                               0x00000000   Number         0  stubs.o ABSOLUTE
    _printf_ll                               0x00000000   Number         0  stubs.o ABSOLUTE
    _printf_lld                              0x00000000   Number         0  stubs.o ABSOLUTE
    _printf_lli                              0x00000000   Number         0  stubs.o ABSOLUTE
    _printf_llo                              0x00000000   Number         0  stubs.o ABSOLUTE
    _printf_llu                              0x00000000   Number         0  stubs.o ABSOLUTE
    _printf_llx                              0x00000000   Number         0  stubs.o ABSOLUTE
    _printf_longlong_dec                     0x00000000   Number         0  stubs.o ABSOLUTE
    _printf_longlong_hex                     0x00000000   Number         0  stubs.o ABSOLUTE
    _printf_longlong_oct                     0x00000000   Number         0  stubs.o ABSOLUTE
    _printf_ls                               0x00000000   Number         0  stubs.o ABSOLUTE
    _printf_mbtowc                           0x00000000   Number         0  stubs.o ABSOLUTE
    _printf_n                                0x00000000   Number         0  stubs.o ABSOLUTE
    _printf_o                                0x00000000   Number         0  stubs.o ABSOLUTE
    _printf_p                                0x00000000   Number         0  stubs.o ABSOLUTE
    _printf_percent                          0x00000000   Number         0  stubs.o ABSOLUTE
    _printf_pre_padding                      0x00000000   Number         0  stubs.o ABSOLUTE
    _printf_return_value                     0x00000000   Number         0  stubs.o ABSOLUTE
    _printf_s                                0x00000000   Number         0  stubs.o ABSOLUTE
    _printf_sizespec                         0x00000000   Number         0  stubs.o ABSOLUTE
    _printf_str                              0x00000000   Number         0  stubs.o ABSOLUTE
    _printf_truncate_signed                  0x00000000   Number         0  stubs.o ABSOLUTE
    _printf_truncate_unsigned                0x00000000   Number         0  stubs.o ABSOLUTE
    _printf_u                                0x00000000   Number         0  stubs.o ABSOLUTE
    _printf_wc                               0x00000000   Number         0  stubs.o ABSOLUTE
    _printf_wctomb                           0x00000000   Number         0  stubs.o ABSOLUTE
    _printf_widthprec                        0x00000000   Number         0  stubs.o ABSOLUTE
    _printf_x                                0x00000000   Number         0  stubs.o ABSOLUTE
    __arm_fini_                               - Undefined Weak Reference
    __cpp_initialize__aeabi_                  - Undefined Weak Reference
    __cxa_finalize                            - Undefined Weak Reference
    __decompress                              - Undefined Weak Reference
    _clock_init                               - Undefined Weak Reference
    _microlib_exit                            - Undefined Weak Reference
    __Vectors_End                            0x000000c0   Data           0  startup_swm181.o(RESET)
    __Vectors_Size                           0x000000c0   Number         0  startup_swm181.o ABSOLUTE
    __main                                   0x000000c1   Thumb Code     0  entry.o(.ARM.Collect$$$$00000000)
    _main_stk                                0x000000c1   Thumb Code     0  entry2.o(.ARM.Collect$$$$00000001)
    _main_scatterload                        0x000000c5   Thumb Code     0  entry5.o(.ARM.Collect$$$$00000004)
    __main_after_scatterload                 0x000000c9   Thumb Code     0  entry5.o(.ARM.Collect$$$$00000004)
    _main_clock                              0x000000c9   Thumb Code     0  entry7b.o(.ARM.Collect$$$$00000008)
    _main_cpp_init                           0x000000c9   Thumb Code     0  entry8b.o(.ARM.Collect$$$$0000000A)
    _main_init                               0x000000c9   Thumb Code     0  entry9a.o(.ARM.Collect$$$$0000000B)
    __rt_lib_shutdown_fini                   0x000000d1   Thumb Code     0  entry12b.o(.ARM.Collect$$$$0000000E)
    __rt_final_cpp                           0x000000d5   Thumb Code     0  entry10a.o(.ARM.Collect$$$$0000000F)
    __rt_final_exit                          0x000000d5   Thumb Code     0  entry11a.o(.ARM.Collect$$$$00000011)
    main                                     0x000000d9   Thumb Code   200  main.o(.text)
    IRQ5_Handler                             0x000001bd   Thumb Code    16  delay.o(.text)
    delay_ms                                 0x000001cd   Thumb Code    44  delay.o(.text)
    IO_Init                                  0x00000201   Thumb Code   160  io.o(.text)
    extract                                  0x000002ad   Thumb Code    18  judge.o(.text)
    judge1                                   0x000002bf   Thumb Code    14  judge.o(.text)
    judge2                                   0x000002cd   Thumb Code    36  judge.o(.text)
    PID_Init                                 0x00000309   Thumb Code    44  pid.o(.text)
    PID_realize                              0x00000335   Thumb Code   574  pid.o(.text)
    Data_Send                                0x000005c9   Thumb Code    42  send.o(.text)
    USART_SendData                           0x000005f3   Thumb Code    44  send.o(.text)
    select                                   0x0000061f   Thumb Code    30  send.o(.text)
    send_0                                   0x0000063d   Thumb Code    14  send.o(.text)
    send_100                                 0x0000064b   Thumb Code    14  send.o(.text)
    send_200                                 0x00000659   Thumb Code    14  send.o(.text)
    MCU_t_screen                             0x00000667   Thumb Code    88  send.o(.text)
    uart_1                                   0x000006bf   Thumb Code    54  send.o(.text)
    IRQ4_Handler                             0x00000731   Thumb Code    40  timer.o(.text)
    task                                     0x00000759   Thumb Code   112  timer.o(.text)
    fputc                                    0x000007f9   Thumb Code    30  uart1.o(.text)
    uart1_init                               0x00000817   Thumb Code    92  uart1.o(.text)
    UART1_GetChars                           0x00000873   Thumb Code    70  uart1.o(.text)
    IRQ1_Handler                             0x000008b9   Thumb Code   212  uart1.o(.text)
    uart2_init                               0x000009ad   Thumb Code    92  uart2.o(.text)
    UART2_GetChars                           0x00000a09   Thumb Code    70  uart2.o(.text)
    IRQ0_Handler                             0x00000a4f   Thumb Code   144  uart2.o(.text)
    Data_Deal                                0x00000adf   Thumb Code   168  uart2.o(.text)
    up_init                                  0x00000bb1   Thumb Code    50  up.o(.text)
    up                                       0x00000be3   Thumb Code    84  up.o(.text)
    adc_Init                                 0x00000c5d   Thumb Code   174  adc.o(.text)
    IRQ3_Handler                             0x00000d0b   Thumb Code   206  adc.o(.text)
    Get_Adc_Average                          0x00000dd9   Thumb Code    60  adc.o(.text)
    DRIVER_Init                              0x00000e59   Thumb Code   116  driver.o(.text)
    DRIVER_Start                             0x00000ecd   Thumb Code    14  driver.o(.text)
    DRIVER_Stop                              0x00000edb   Thumb Code    14  driver.o(.text)
    SystemCoreClockUpdate                    0x00000ef9   Thumb Code   128  system_swm181.o(.text)
    SystemInit                               0x00001067   Thumb Code   198  system_swm181.o(.text)
    Reset_Handler                            0x00001159   Thumb Code     4  startup_swm181.o(.text)
    NMI_Handler                              0x0000115d   Thumb Code     2  startup_swm181.o(.text)
    HardFault_Handler                        0x0000115f   Thumb Code     2  startup_swm181.o(.text)
    SVC_Handler                              0x00001161   Thumb Code     2  startup_swm181.o(.text)
    PendSV_Handler                           0x00001163   Thumb Code     2  startup_swm181.o(.text)
    SysTick_Handler                          0x00001165   Thumb Code     2  startup_swm181.o(.text)
    IRQ2_Handler                             0x0000116b   Thumb Code     2  startup_swm181.o(.text)
    IRQ6_Handler                             0x00001173   Thumb Code     2  startup_swm181.o(.text)
    IRQ7_Handler                             0x00001175   Thumb Code     2  startup_swm181.o(.text)
    IRQ8_Handler                             0x00001177   Thumb Code     2  startup_swm181.o(.text)
    IRQ9_Handler                             0x00001179   Thumb Code     2  startup_swm181.o(.text)
    IRQ10_Handler                            0x0000117b   Thumb Code     2  startup_swm181.o(.text)
    IRQ11_Handler                            0x0000117d   Thumb Code     2  startup_swm181.o(.text)
    IRQ12_Handler                            0x0000117f   Thumb Code     2  startup_swm181.o(.text)
    IRQ13_Handler                            0x00001181   Thumb Code     2  startup_swm181.o(.text)
    IRQ14_Handler                            0x00001183   Thumb Code     2  startup_swm181.o(.text)
    IRQ15_Handler                            0x00001185   Thumb Code     2  startup_swm181.o(.text)
    IRQ16_Handler                            0x00001187   Thumb Code     2  startup_swm181.o(.text)
    IRQ17_Handler                            0x00001189   Thumb Code     2  startup_swm181.o(.text)
    IRQ18_Handler                            0x0000118b   Thumb Code     2  startup_swm181.o(.text)
    IRQ19_Handler                            0x0000118d   Thumb Code     2  startup_swm181.o(.text)
    IRQ20_Handler                            0x0000118f   Thumb Code     2  startup_swm181.o(.text)
    IRQ21_Handler                            0x00001191   Thumb Code     2  startup_swm181.o(.text)
    IRQ22_Handler                            0x00001193   Thumb Code     2  startup_swm181.o(.text)
    IRQ23_Handler                            0x00001195   Thumb Code     2  startup_swm181.o(.text)
    IRQ24_Handler                            0x00001197   Thumb Code     2  startup_swm181.o(.text)
    IRQ25_Handler                            0x00001199   Thumb Code     2  startup_swm181.o(.text)
    IRQ26_Handler                            0x0000119b   Thumb Code     2  startup_swm181.o(.text)
    IRQ27_Handler                            0x0000119d   Thumb Code     2  startup_swm181.o(.text)
    IRQ28_Handler                            0x000011a1   Thumb Code     2  startup_swm181.o(.text)
    IRQ29_Handler                            0x000011a5   Thumb Code     2  startup_swm181.o(.text)
    IRQ30_Handler                            0x000011a7   Thumb Code     2  startup_swm181.o(.text)
    IRQ31_Handler                            0x000011a9   Thumb Code     2  startup_swm181.o(.text)
    GPIO_Init                                0x000011b1   Thumb Code   332  swm181_gpio.o(.text)
    GPIO_SetBit                              0x000012fd   Thumb Code    12  swm181_gpio.o(.text)
    GPIO_ClrBit                              0x00001309   Thumb Code    12  swm181_gpio.o(.text)
    GPIO_InvBit                              0x00001315   Thumb Code    12  swm181_gpio.o(.text)
    GPIO_GetBit                              0x00001321   Thumb Code    12  swm181_gpio.o(.text)
    GPIO_SetBits                             0x0000132d   Thumb Code    24  swm181_gpio.o(.text)
    GPIO_ClrBits                             0x00001345   Thumb Code    24  swm181_gpio.o(.text)
    GPIO_InvBits                             0x0000135d   Thumb Code    24  swm181_gpio.o(.text)
    GPIO_GetBits                             0x00001375   Thumb Code    22  swm181_gpio.o(.text)
    GPIO_AtomicSetBit                        0x0000138b   Thumb Code    16  swm181_gpio.o(.text)
    GPIO_AtomicClrBit                        0x0000139b   Thumb Code    16  swm181_gpio.o(.text)
    GPIO_AtomicInvBit                        0x000013ab   Thumb Code    16  swm181_gpio.o(.text)
    GPIO_AtomicSetBits                       0x000013bb   Thumb Code    28  swm181_gpio.o(.text)
    GPIO_AtomicClrBits                       0x000013d7   Thumb Code    28  swm181_gpio.o(.text)
    GPIO_AtomicInvBits                       0x000013f3   Thumb Code    28  swm181_gpio.o(.text)
    IRQ_Connect                              0x00001421   Thumb Code   130  swm181_irqmux.o(.text)
    IRQ_Which                                0x000014a3   Thumb Code    70  swm181_irqmux.o(.text)
    PORT_Init                                0x00001565   Thumb Code   678  swm181_port.o(.text)
    PWM_Stop                                 0x00001815   Thumb Code    98  swm181_pwm.o(.text)
    PWM_Init                                 0x00001877   Thumb Code   256  swm181_pwm.o(.text)
    PWM_Start                                0x00001977   Thumb Code    98  swm181_pwm.o(.text)
    PWM_SetCycle                             0x000019d9   Thumb Code    16  swm181_pwm.o(.text)
    PWM_GetCycle                             0x000019e9   Thumb Code    24  swm181_pwm.o(.text)
    PWM_SetHDuty                             0x00001a01   Thumb Code    16  swm181_pwm.o(.text)
    PWM_GetHDuty                             0x00001a11   Thumb Code    24  swm181_pwm.o(.text)
    PWM_SetDeadzone                          0x00001a29   Thumb Code    16  swm181_pwm.o(.text)
    PWM_GetDeadzone                          0x00001a39   Thumb Code    24  swm181_pwm.o(.text)
    PWM_IntNCycleEn                          0x00001a51   Thumb Code   154  swm181_pwm.o(.text)
    PWM_IntNCycleDis                         0x00001aeb   Thumb Code   154  swm181_pwm.o(.text)
    PWM_IntNCycleClr                         0x00001b85   Thumb Code   106  swm181_pwm.o(.text)
    PWM_IntNCycleStat                        0x00001bef   Thumb Code   152  swm181_pwm.o(.text)
    PWM_IntHEndEn                            0x00001c87   Thumb Code   170  swm181_pwm.o(.text)
    PWM_IntHEndDis                           0x00001d31   Thumb Code   170  swm181_pwm.o(.text)
    PWM_IntHEndClr                           0x00001ddb   Thumb Code   122  swm181_pwm.o(.text)
    PWM_IntHEndStat                          0x00001e55   Thumb Code   160  swm181_pwm.o(.text)
    SDADC_Init                               0x00001efd   Thumb Code   174  swm181_sdadc.o(.text)
    SDADC_Config_Set                         0x00001fab   Thumb Code    64  swm181_sdadc.o(.text)
    SDADC_Start                              0x00001feb   Thumb Code     6  swm181_sdadc.o(.text)
    SDADC_Config_Cali                        0x00001ff1   Thumb Code    80  swm181_sdadc.o(.text)
    SDADC_Config_Sel                         0x00002041   Thumb Code    50  swm181_sdadc.o(.text)
    SDADC_Open                               0x00002073   Thumb Code    12  swm181_sdadc.o(.text)
    SDADC_Close                              0x0000207f   Thumb Code    12  swm181_sdadc.o(.text)
    SDADC_Stop                               0x0000208b   Thumb Code    10  swm181_sdadc.o(.text)
    SDADC_Read                               0x00002095   Thumb Code    18  swm181_sdadc.o(.text)
    SDADC_IsEOC                              0x000020a7   Thumb Code    10  swm181_sdadc.o(.text)
    SDADC_ChnOpen                            0x000020b1   Thumb Code     8  swm181_sdadc.o(.text)
    SDADC_ChnClose                           0x000020b9   Thumb Code     8  swm181_sdadc.o(.text)
    SDADC_IntEOCEn                           0x000020c1   Thumb Code    10  swm181_sdadc.o(.text)
    SDADC_IntEOCDis                          0x000020cb   Thumb Code    10  swm181_sdadc.o(.text)
    SDADC_IntEOCClr                          0x000020d5   Thumb Code     6  swm181_sdadc.o(.text)
    SDADC_IntEOCStat                         0x000020db   Thumb Code    10  swm181_sdadc.o(.text)
    SDADC_IntOVFEn                           0x000020e5   Thumb Code    10  swm181_sdadc.o(.text)
    SDADC_IntOVFDis                          0x000020ef   Thumb Code    10  swm181_sdadc.o(.text)
    SDADC_IntOVFClr                          0x000020f9   Thumb Code     6  swm181_sdadc.o(.text)
    SDADC_IntOVFStat                         0x000020ff   Thumb Code    12  swm181_sdadc.o(.text)
    TIMR_INTClr                              0x0000211d   Thumb Code    58  swm181_timr.o(.text)
    TIMR_Stop                                0x00002157   Thumb Code    10  swm181_timr.o(.text)
    TIMR_Init                                0x00002161   Thumb Code   204  swm181_timr.o(.text)
    TIMR_Start                               0x0000222d   Thumb Code    10  swm181_timr.o(.text)
    TIMR_Halt                                0x00002237   Thumb Code    82  swm181_timr.o(.text)
    TIMR_Resume                              0x00002289   Thumb Code    82  swm181_timr.o(.text)
    TIMR_SetPeriod                           0x000022db   Thumb Code     4  swm181_timr.o(.text)
    TIMR_GetPeriod                           0x000022df   Thumb Code     6  swm181_timr.o(.text)
    TIMR_GetCurValue                         0x000022e5   Thumb Code     6  swm181_timr.o(.text)
    TIMR_INTEn                               0x000022eb   Thumb Code    82  swm181_timr.o(.text)
    TIMR_INTDis                              0x0000233d   Thumb Code    82  swm181_timr.o(.text)
    TIMR_INTStat                             0x0000238f   Thumb Code    74  swm181_timr.o(.text)
    UART_Close                               0x000023e1   Thumb Code    12  swm181_uart.o(.text)
    UART_Init                                0x000023ed   Thumb Code   254  swm181_uart.o(.text)
    UART_Open                                0x000024eb   Thumb Code    12  swm181_uart.o(.text)
    UART_WriteByte                           0x000024f7   Thumb Code     4  swm181_uart.o(.text)
    UART_ReadByte                            0x000024fb   Thumb Code    28  swm181_uart.o(.text)
    UART_IsTXBusy                            0x00002517   Thumb Code    14  swm181_uart.o(.text)
    UART_IsRXFIFOEmpty                       0x00002525   Thumb Code    12  swm181_uart.o(.text)
    UART_IsTXFIFOFull                        0x00002531   Thumb Code    12  swm181_uart.o(.text)
    UART_SetBaudrate                         0x0000253d   Thumb Code    36  swm181_uart.o(.text)
    UART_GetBaudrate                         0x00002561   Thumb Code    24  swm181_uart.o(.text)
    UART_CTSConfig                           0x00002579   Thumb Code    22  swm181_uart.o(.text)
    UART_CTSLineState                        0x0000258f   Thumb Code    12  swm181_uart.o(.text)
    UART_RTSConfig                           0x0000259b   Thumb Code    28  swm181_uart.o(.text)
    UART_RTSLineState                        0x000025b7   Thumb Code    14  swm181_uart.o(.text)
    UART_LINConfig                           0x000025c5   Thumb Code    22  swm181_uart.o(.text)
    UART_LINGenerate                         0x000025db   Thumb Code    10  swm181_uart.o(.text)
    UART_LINIsDetected                       0x000025e5   Thumb Code    12  swm181_uart.o(.text)
    UART_LINIsGenerated                      0x000025f1   Thumb Code    12  swm181_uart.o(.text)
    UART_ABRStart                            0x000025fd   Thumb Code    94  swm181_uart.o(.text)
    UART_ABRIsDone                           0x0000265b   Thumb Code    38  swm181_uart.o(.text)
    UART_INTRXThresholdEn                    0x00002681   Thumb Code    10  swm181_uart.o(.text)
    UART_INTRXThresholdDis                   0x0000268b   Thumb Code    10  swm181_uart.o(.text)
    UART_INTRXThresholdStat                  0x00002695   Thumb Code    14  swm181_uart.o(.text)
    UART_INTTXThresholdEn                    0x000026a3   Thumb Code    10  swm181_uart.o(.text)
    UART_INTTXThresholdDis                   0x000026ad   Thumb Code    10  swm181_uart.o(.text)
    UART_INTTXThresholdStat                  0x000026b7   Thumb Code    14  swm181_uart.o(.text)
    UART_INTTimeoutEn                        0x000026c5   Thumb Code    12  swm181_uart.o(.text)
    UART_INTTimeoutDis                       0x000026d1   Thumb Code    12  swm181_uart.o(.text)
    UART_INTTimeoutStat                      0x000026dd   Thumb Code    14  swm181_uart.o(.text)
    UART_INTTXDoneEn                         0x000026eb   Thumb Code    10  swm181_uart.o(.text)
    UART_INTTXDoneDis                        0x000026f5   Thumb Code    10  swm181_uart.o(.text)
    UART_INTTXDoneStat                       0x000026ff   Thumb Code    14  swm181_uart.o(.text)
    __aeabi_uidiv                            0x0000271d   Thumb Code     0  uidiv.o(.text)
    __aeabi_uidivmod                         0x0000271d   Thumb Code    44  uidiv.o(.text)
    __aeabi_idiv                             0x00002749   Thumb Code     0  idiv.o(.text)
    __aeabi_idivmod                          0x00002749   Thumb Code    40  idiv.o(.text)
    __aeabi_memcpy                           0x00002771   Thumb Code    36  memcpya.o(.text)
    __aeabi_memcpy4                          0x00002771   Thumb Code     0  memcpya.o(.text)
    __aeabi_memcpy8                          0x00002771   Thumb Code     0  memcpya.o(.text)
    __aeabi_fadd                             0x00002795   Thumb Code   162  fadd.o(.text)
    __aeabi_fsub                             0x00002837   Thumb Code     8  fadd.o(.text)
    __aeabi_frsub                            0x0000283f   Thumb Code     8  fadd.o(.text)
    __aeabi_fmul                             0x00002847   Thumb Code   122  fmul.o(.text)
    __aeabi_dadd                             0x000028c1   Thumb Code   330  dadd.o(.text)
    __aeabi_dsub                             0x00002a0b   Thumb Code    12  dadd.o(.text)
    __aeabi_drsub                            0x00002a17   Thumb Code    12  dadd.o(.text)
    __aeabi_dmul                             0x00002a29   Thumb Code   202  dmul.o(.text)
    __aeabi_ddiv                             0x00002af9   Thumb Code   234  ddiv.o(.text)
    __aeabi_i2f                              0x00002be9   Thumb Code    22  fflti.o(.text)
    __aeabi_i2d                              0x00002c01   Thumb Code    34  dflti.o(.text)
    __aeabi_ui2d                             0x00002c29   Thumb Code    24  dfltui.o(.text)
    __aeabi_f2iz                             0x00002c45   Thumb Code    50  ffixi.o(.text)
    __aeabi_d2iz                             0x00002c79   Thumb Code    62  dfixi.o(.text)
    __aeabi_d2uiz                            0x00002cc1   Thumb Code    50  dfixui.o(.text)
    __aeabi_f2d                              0x00002cfd   Thumb Code    40  f2d.o(.text)
    __aeabi_cdrcmple                         0x00002d25   Thumb Code    38  cdrcmple.o(.text)
    __aeabi_d2f                              0x00002d4d   Thumb Code    56  d2f.o(.text)
    __aeabi_cfcmpeq                          0x00002d85   Thumb Code     0  cfcmple.o(.text)
    __aeabi_cfcmple                          0x00002d85   Thumb Code    20  cfcmple.o(.text)
    __aeabi_cfrcmple                         0x00002d99   Thumb Code    20  cfrcmple.o(.text)
    __aeabi_llsl                             0x00002dad   Thumb Code    32  llshl.o(.text)
    _ll_shift_l                              0x00002dad   Thumb Code     0  llshl.o(.text)
    __aeabi_llsr                             0x00002dcd   Thumb Code    34  llushr.o(.text)
    _ll_ushift_r                             0x00002dcd   Thumb Code     0  llushr.o(.text)
    __aeabi_lasr                             0x00002def   Thumb Code    38  llsshr.o(.text)
    _ll_sshift_r                             0x00002def   Thumb Code     0  llsshr.o(.text)
    __I$use$fp                               0x00002e15   Thumb Code     0  iusefp.o(.text)
    _float_round                             0x00002e15   Thumb Code    16  fepilogue.o(.text)
    _float_epilogue                          0x00002e25   Thumb Code   114  fepilogue.o(.text)
    _double_round                            0x00002e97   Thumb Code    26  depilogue.o(.text)
    _double_epilogue                         0x00002eb1   Thumb Code   164  depilogue.o(.text)
    __ARM_scalbn                             0x00002f55   Thumb Code    44  dscalb.o(.text)
    scalbn                                   0x00002f55   Thumb Code     0  dscalb.o(.text)
    __aeabi_cdcmpeq                          0x00002f81   Thumb Code     0  cdcmple.o(.text)
    __aeabi_cdcmple                          0x00002f81   Thumb Code    38  cdcmple.o(.text)
    __scatterload                            0x00002fa9   Thumb Code    28  init.o(.text)
    __scatterload_rt2                        0x00002fa9   Thumb Code     0  init.o(.text)
    __0printf$2                              0x00002fcd   Thumb Code    24  printf2.o(i.__0printf$2)
    __1printf$2                              0x00002fcd   Thumb Code     0  printf2.o(i.__0printf$2)
    __2printf                                0x00002fcd   Thumb Code     0  printf2.o(i.__0printf$2)
    __ARM_clz                                0x00002fed   Thumb Code    46  depilogue.o(i.__ARM_clz)
    __ARM_common_switch8                     0x0000301b   Thumb Code    28  system_swm181.o(i.__ARM_common_switch8)
    __kernel_poly                            0x00003037   Thumb Code   172  poly.o(i.__kernel_poly)
    __mathlib_dbl_divzero                    0x000030e5   Thumb Code    16  dunder.o(i.__mathlib_dbl_divzero)
    __mathlib_dbl_infnan                     0x000030f9   Thumb Code    10  dunder.o(i.__mathlib_dbl_infnan)
    __mathlib_dbl_invalid                    0x00003103   Thumb Code    16  dunder.o(i.__mathlib_dbl_invalid)
    __scatterload_copy                       0x00003113   Thumb Code    14  handlers.o(i.__scatterload_copy)
    __scatterload_null                       0x00003121   Thumb Code     2  handlers.o(i.__scatterload_null)
    __scatterload_zeroinit                   0x00003123   Thumb Code    14  handlers.o(i.__scatterload_zeroinit)
    __set_errno                              0x00003131   Thumb Code     6  errno.o(i.__set_errno)
    log                                      0x00003211   Thumb Code   790  log.o(i.log)
    __mathlib_zero                           0x000035a0   Data           8  qnan.o(.constdata)
    Region$$Table$$Base                      0x000035a8   Number         0  anon$$obj.o(Region$$Table)
    Region$$Table$$Limit                     0x000035c8   Number         0  anon$$obj.o(Region$$Table)
    Flag_Systick                             0x20000000   Data           1  delay.o(.data)
    Res3_1                                   0x20000001   Data           1  judge.o(.data)
    Res4_1                                   0x20000002   Data           1  judge.o(.data)
    Res5_1                                   0x20000003   Data           1  judge.o(.data)
    Res2_2                                   0x20000004   Data           1  judge.o(.data)
    Res3_2                                   0x20000005   Data           1  judge.o(.data)
    Res4_2                                   0x20000006   Data           1  judge.o(.data)
    Res5_2                                   0x20000007   Data           1  judge.o(.data)
    SENDH_BUF                                0x20000020   Data           3  send.o(.data)
    SENDE_BUF                                0x20000023   Data           2  send.o(.data)
    SEND_TTSH_BUF                            0x20000025   Data           4  send.o(.data)
    SEND_Sidet_address                       0x20000029   Data           2  send.o(.data)
    SEND_Rod_address                         0x2000002b   Data           2  send.o(.data)
    SEND_microwave_address                   0x2000002d   Data           2  send.o(.data)
    SEND_TSE_BUF                             0x2000002f   Data           2  send.o(.data)
    SENDE_0                                  0x20000031   Data           8  send.o(.data)
    SENDE_100                                0x20000039   Data           8  send.o(.data)
    SENDE_200                                0x20000041   Data           8  send.o(.data)
    SEND_set                                 0x20000049   Data           1  send.o(.data)
    SEND_stp                                 0x2000004a   Data           1  send.o(.data)
    SEND_BUF                                 0x2000004b   Data           8  send.o(.data)
    t                                        0x20000053   Data           1  send.o(.data)
    m                                        0x20000054   Data           1  send.o(.data)
    len                                      0x20000055   Data           1  send.o(.data)
    low_p                                    0x20000056   Data           1  send.o(.data)
    hjght_p                                  0x20000057   Data           1  send.o(.data)
    dacval                                   0x20000058   Data           2  send.o(.data)
    flag_200ms                               0x20000060   Data           4  timer.o(.data)
    flag_0w                                  0x20000064   Data           4  timer.o(.data)
    TEMP_2                                   0x20000068   Data           8  timer.o(.data)
    flag_up_s                                0x20000070   Data           4  timer.o(.data)
    taskflag                                 0x20000074   Data           8  timer.o(.data)
    upflag                                   0x2000007c   Data           4  timer.o(.data)
    SEND_Microwave_OFF                       0x20000080   Data           8  timer.o(.data)
    UART1_RX_STA                             0x20000088   Data           2  uart1.o(.data)
    flag1                                    0x2000008a   Data           1  uart1.o(.data)
    CapacitiveScreen                         0x2000008c   Data           5  uart2.o(.data)
    Rxd_End                                  0x20000091   Data           1  uart2.o(.data)
    UART_RXIndex                             0x20000094   Data           4  uart2.o(.data)
    UART2_RX_STA                             0x20000098   Data           2  uart2.o(.data)
    flag2                                    0x2000009a   Data           1  uart2.o(.data)
    time                                     0x2000009c   Data           4  up.o(.data)
    SETTEMP                                  0x200000a0   Data           4  up.o(.data)
    SETTIME                                  0x200000a4   Data           4  up.o(.data)
    remain_time                              0x200000a8   Data           4  up.o(.data)
    upinitflag                               0x200000ac   Data           4  up.o(.data)
    upintnubflag                             0x200000b0   Data           4  up.o(.data)
    Temp                                     0x200000b8   Data           8  adc.o(.data)
    View_temp                                0x200000c0   Data           8  measure.o(.data)
    View_adc                                 0x200000c8   Data           8  measure.o(.data)
    View_adc4                                0x200000d0   Data           8  measure.o(.data)
    View_temp4                               0x200000d8   Data           8  measure.o(.data)
    View_T                                   0x200000e0   Data           8  measure.o(.data)
    Point_Adc                                0x200000e8   Data           4  measure.o(.data)
    Range_Set                                0x200000ec   Data           4  measure.o(.data)
    TEMP                                     0x200000f0   Data           8  measure.o(.data)
    SystemCoreClock                          0x200000f8   Data           4  system_swm181.o(.data)
    CyclesPerUs                              0x200000fc   Data           4  system_swm181.o(.data)
    __stdout                                 0x20000100   Data           4  stdout.o(.data)
    pid                                      0x20000108   Data          48  pid.o(.bss)
    UART1_RX_BUF                             0x20000138   Data         128  uart1.o(.bss)
    buffer                                   0x200001b8   Data         128  uart1.o(.bss)
    UART_RXBuffer                            0x20000238   Data         128  uart2.o(.bss)
    UART2_RX_BUF                             0x200002b8   Data         128  uart2.o(.bss)
    SDADC_Result                             0x20000338   Data          16  adc.o(.bss)
    __initial_sp                             0x20000748   Data           0  startup_swm181.o(STACK)



==============================================================================

Memory Map of the image

  Image Entry point : 0x000000c1

  Load Region LR_IROM1 (Base: 0x00000000, Size: 0x000036d0, Max: 0x0001e000, ABSOLUTE)

    Execution Region ER_IROM1 (Exec base: 0x00000000, Load base: 0x00000000, Size: 0x000035c8, Max: 0x0001e000, ABSOLUTE)

    Exec Addr    Load Addr    Size         Type   Attr      Idx    E Section Name        Object

    0x00000000   0x00000000   0x000000c0   Data   RO          561    RESET               startup_swm181.o
    0x000000c0   0x000000c0   0x00000000   Code   RO         1009  * .ARM.Collect$$$$00000000  mc_p.l(entry.o)
    0x000000c0   0x000000c0   0x00000004   Code   RO         1330    .ARM.Collect$$$$00000001  mc_p.l(entry2.o)
    0x000000c4   0x000000c4   0x00000004   Code   RO         1333    .ARM.Collect$$$$00000004  mc_p.l(entry5.o)
    0x000000c8   0x000000c8   0x00000000   Code   RO         1335    .ARM.Collect$$$$00000008  mc_p.l(entry7b.o)
    0x000000c8   0x000000c8   0x00000000   Code   RO         1337    .ARM.Collect$$$$0000000A  mc_p.l(entry8b.o)
    0x000000c8   0x000000c8   0x00000008   Code   RO         1338    .ARM.Collect$$$$0000000B  mc_p.l(entry9a.o)
    0x000000d0   0x000000d0   0x00000004   Code   RO         1345    .ARM.Collect$$$$0000000E  mc_p.l(entry12b.o)
    0x000000d4   0x000000d4   0x00000000   Code   RO         1340    .ARM.Collect$$$$0000000F  mc_p.l(entry10a.o)
    0x000000d4   0x000000d4   0x00000000   Code   RO         1342    .ARM.Collect$$$$00000011  mc_p.l(entry11a.o)
    0x000000d4   0x000000d4   0x00000004   Code   RO         1331    .ARM.Collect$$$$00002712  mc_p.l(entry2.o)
    0x000000d8   0x000000d8   0x000000e4   Code   RO            3    .text               main.o
    0x000001bc   0x000001bc   0x00000044   Code   RO          157    .text               delay.o
    0x00000200   0x00000200   0x000000ac   Code   RO          219    .text               io.o
    0x000002ac   0x000002ac   0x0000005c   Code   RO          242    .text               judge.o
    0x00000308   0x00000308   0x000002c0   Code   RO          268    .text               pid.o
    0x000005c8   0x000005c8   0x00000168   Code   RO          296    .text               send.o
    0x00000730   0x00000730   0x000000c8   Code   RO          322    .text               timer.o
    0x000007f8   0x000007f8   0x000001b4   Code   RO          357    .text               uart1.o
    0x000009ac   0x000009ac   0x00000204   Code   RO          388    .text               uart2.o
    0x00000bb0   0x00000bb0   0x000000ac   Code   RO          416    .text               up.o
    0x00000c5c   0x00000c5c   0x000001fc   Code   RO          447    .text               adc.o
    0x00000e58   0x00000e58   0x000000a0   Code   RO          507    .text               driver.o
    0x00000ef8   0x00000ef8   0x00000260   Code   RO          527    .text               system_swm181.o
    0x00001158   0x00001158   0x00000058   Code   RO          562    .text               startup_swm181.o
    0x000011b0   0x000011b0   0x00000270   Code   RO          757    .text               swm181_gpio.o
    0x00001420   0x00001420   0x00000144   Code   RO          797    .text               swm181_irqmux.o
    0x00001564   0x00001564   0x000002b0   Code   RO          820    .text               swm181_port.o
    0x00001814   0x00001814   0x000006e8   Code   RO          840    .text               swm181_pwm.o
    0x00001efc   0x00001efc   0x00000220   Code   RO          860    .text               swm181_sdadc.o
    0x0000211c   0x0000211c   0x000002c4   Code   RO          941    .text               swm181_timr.o
    0x000023e0   0x000023e0   0x0000033c   Code   RO          961    .text               swm181_uart.o
    0x0000271c   0x0000271c   0x0000002c   Code   RO         1012    .text               mc_p.l(uidiv.o)
    0x00002748   0x00002748   0x00000028   Code   RO         1014    .text               mc_p.l(idiv.o)
    0x00002770   0x00002770   0x00000024   Code   RO         1016    .text               mc_p.l(memcpya.o)
    0x00002794   0x00002794   0x000000b2   Code   RO         1281    .text               mf_p.l(fadd.o)
    0x00002846   0x00002846   0x0000007a   Code   RO         1283    .text               mf_p.l(fmul.o)
    0x000028c0   0x000028c0   0x00000168   Code   RO         1285    .text               mf_p.l(dadd.o)
    0x00002a28   0x00002a28   0x000000d0   Code   RO         1287    .text               mf_p.l(dmul.o)
    0x00002af8   0x00002af8   0x000000f0   Code   RO         1289    .text               mf_p.l(ddiv.o)
    0x00002be8   0x00002be8   0x00000016   Code   RO         1291    .text               mf_p.l(fflti.o)
    0x00002bfe   0x00002bfe   0x00000002   PAD
    0x00002c00   0x00002c00   0x00000028   Code   RO         1293    .text               mf_p.l(dflti.o)
    0x00002c28   0x00002c28   0x0000001c   Code   RO         1295    .text               mf_p.l(dfltui.o)
    0x00002c44   0x00002c44   0x00000032   Code   RO         1297    .text               mf_p.l(ffixi.o)
    0x00002c76   0x00002c76   0x00000002   PAD
    0x00002c78   0x00002c78   0x00000048   Code   RO         1299    .text               mf_p.l(dfixi.o)
    0x00002cc0   0x00002cc0   0x0000003c   Code   RO         1301    .text               mf_p.l(dfixui.o)
    0x00002cfc   0x00002cfc   0x00000028   Code   RO         1303    .text               mf_p.l(f2d.o)
    0x00002d24   0x00002d24   0x00000028   Code   RO         1305    .text               mf_p.l(cdrcmple.o)
    0x00002d4c   0x00002d4c   0x00000038   Code   RO         1307    .text               mf_p.l(d2f.o)
    0x00002d84   0x00002d84   0x00000014   Code   RO         1309    .text               mf_p.l(cfcmple.o)
    0x00002d98   0x00002d98   0x00000014   Code   RO         1311    .text               mf_p.l(cfrcmple.o)
    0x00002dac   0x00002dac   0x00000020   Code   RO         1349    .text               mc_p.l(llshl.o)
    0x00002dcc   0x00002dcc   0x00000022   Code   RO         1351    .text               mc_p.l(llushr.o)
    0x00002dee   0x00002dee   0x00000026   Code   RO         1353    .text               mc_p.l(llsshr.o)
    0x00002e14   0x00002e14   0x00000000   Code   RO         1362    .text               mc_p.l(iusefp.o)
    0x00002e14   0x00002e14   0x00000082   Code   RO         1363    .text               mf_p.l(fepilogue.o)
    0x00002e96   0x00002e96   0x000000be   Code   RO         1365    .text               mf_p.l(depilogue.o)
    0x00002f54   0x00002f54   0x0000002c   Code   RO         1369    .text               mf_p.l(dscalb.o)
    0x00002f80   0x00002f80   0x00000028   Code   RO         1373    .text               mf_p.l(cdcmple.o)
    0x00002fa8   0x00002fa8   0x00000024   Code   RO         1375    .text               mc_p.l(init.o)
    0x00002fcc   0x00002fcc   0x00000020   Code   RO         1087    i.__0printf$2       mc_p.l(printf2.o)
    0x00002fec   0x00002fec   0x0000002e   Code   RO         1367    i.__ARM_clz         mf_p.l(depilogue.o)
    0x0000301a   0x0000301a   0x0000001c   Code   RO          545    i.__ARM_common_switch8  system_swm181.o
    0x00003036   0x00003036   0x000000ac   Code   RO         1327    i.__kernel_poly     m_ps.l(poly.o)
    0x000030e2   0x000030e2   0x00000002   PAD
    0x000030e4   0x000030e4   0x00000014   Code   RO         1313    i.__mathlib_dbl_divzero  m_ps.l(dunder.o)
    0x000030f8   0x000030f8   0x0000000a   Code   RO         1314    i.__mathlib_dbl_infnan  m_ps.l(dunder.o)
    0x00003102   0x00003102   0x00000010   Code   RO         1316    i.__mathlib_dbl_invalid  m_ps.l(dunder.o)
    0x00003112   0x00003112   0x0000000e   Code   RO         1379    i.__scatterload_copy  mc_p.l(handlers.o)
    0x00003120   0x00003120   0x00000002   Code   RO         1380    i.__scatterload_null  mc_p.l(handlers.o)
    0x00003122   0x00003122   0x0000000e   Code   RO         1381    i.__scatterload_zeroinit  mc_p.l(handlers.o)
    0x00003130   0x00003130   0x0000000c   Code   RO         1357    i.__set_errno       mc_p.l(errno.o)
    0x0000313c   0x0000313c   0x000000d2   Code   RO         1094    i._printf_core      mc_p.l(printf2.o)
    0x0000320e   0x0000320e   0x00000002   PAD
    0x00003210   0x00003210   0x00000354   Code   RO         1000    i.log               m_ps.l(log.o)
    0x00003564   0x00003564   0x00000004   PAD
    0x00003568   0x00003568   0x00000038   Data   RO         1001    .constdata          m_ps.l(log.o)
    0x000035a0   0x000035a0   0x00000008   Data   RO         1329    .constdata          m_ps.l(qnan.o)
    0x000035a8   0x000035a8   0x00000020   Data   RO         1377    Region$$Table       anon$$obj.o


    Execution Region RW_IRAM1 (Exec base: 0x20000000, Load base: 0x000035c8, Size: 0x00000748, Max: 0x00004000, ABSOLUTE)

    Exec Addr    Load Addr    Size         Type   Attr      Idx    E Section Name        Object

    0x20000000   0x000035c8   0x00000001   Data   RW          158    .data               delay.o
    0x20000001   0x000035c9   0x00000007   Data   RW          243    .data               judge.o
    0x20000008   0x000035d0   0x00000018   Data   RW          270    .data               pid.o
    0x20000020   0x000035e8   0x0000003a   Data   RW          297    .data               send.o
    0x2000005a   0x00003622   0x00000006   PAD
    0x20000060   0x00003628   0x00000028   Data   RW          323    .data               timer.o
    0x20000088   0x00003650   0x00000003   Data   RW          359    .data               uart1.o
    0x2000008b   0x00003653   0x00000001   PAD
    0x2000008c   0x00003654   0x0000000f   Data   RW          390    .data               uart2.o
    0x2000009b   0x00003663   0x00000001   PAD
    0x2000009c   0x00003664   0x00000018   Data   RW          417    .data               up.o
    0x200000b4   0x0000367c   0x00000004   PAD
    0x200000b8   0x00003680   0x00000008   Data   RW          449    .data               adc.o
    0x200000c0   0x00003688   0x00000038   Data   RW          477    .data               measure.o
    0x200000f8   0x000036c0   0x00000008   Data   RW          528    .data               system_swm181.o
    0x20000100   0x000036c8   0x00000004   Data   RW         1346    .data               mc_p.l(stdout.o)
    0x20000104   0x000036cc   0x00000004   Data   RW         1358    .data               mc_p.l(errno.o)
    0x20000108        -       0x00000030   Zero   RW          269    .bss                pid.o
    0x20000138        -       0x00000100   Zero   RW          358    .bss                uart1.o
    0x20000238        -       0x00000100   Zero   RW          389    .bss                uart2.o
    0x20000338        -       0x00000010   Zero   RW          448    .bss                adc.o
    0x20000348        -       0x00000400   Zero   RW          559    STACK               startup_swm181.o


==============================================================================

Image component sizes


      Code (inc. data)   RO Data    RW Data    ZI Data      Debug   Object Name

       508         68          0          8         16       1592   adc.o
        68          8          0          1          0        779   delay.o
       160         16          0          0          0        723   driver.o
       172         12          0          0          0        410   io.o
        92         24          0          7          0        939   judge.o
       228         28          0          0          0      87291   main.o
         0          0          0         56          0        740   measure.o
       704         86          0         24         48       1484   pid.o
       360         60          0         58          0       2899   send.o
        88         10        192          0       1024       1884   startup_swm181.o
       624         18          0          0          0       4263   swm181_gpio.o
       324         14          0          0          0       7256   swm181_irqmux.o
       688         10          0          0          0       1240   swm181_port.o
      1768         18          0          0          0       5110   swm181_pwm.o
       544         18          0          0          0       4495   swm181_sdadc.o
       708          8          0          0          0       2910   swm181_timr.o
       828         16          0          0          0       6826   swm181_uart.o
       636         52          0          8          0       1737   system_swm181.o
       200         48          0         40          0       1237   timer.o
       436         32          0          3        256       7688   uart1.o
       516         42          0         15        256       2663   uart2.o
       172         38          0         24          0        896   up.o

    ----------------------------------------------------------------------
      9824        626        224        256       1600     145062   Object Totals
         0          0         32          0          0          0   (incl. Generated)
         0          0          0         12          0          0   (incl. Padding)

    ----------------------------------------------------------------------

      Code (inc. data)   RO Data    RW Data    ZI Data      Debug   Library Member Name

        46          4          0          0          0        204   dunder.o
       852         62         56          0          0        136   log.o
       172          0          0          0          0         76   poly.o
         0          0          8          0          0          0   qnan.o
         0          0          0          0          0          0   entry.o
         0          0          0          0          0          0   entry10a.o
         0          0          0          0          0          0   entry11a.o
         4          0          0          0          0          0   entry12b.o
         8          4          0          0          0          0   entry2.o
         4          0          0          0          0          0   entry5.o
         0          0          0          0          0          0   entry7b.o
         0          0          0          0          0          0   entry8b.o
         8          4          0          0          0          0   entry9a.o
        12          6          0          4          0         60   errno.o
        30          0          0          0          0          0   handlers.o
        40          0          0          0          0         72   idiv.o
        36          8          0          0          0         68   init.o
         0          0          0          0          0          0   iusefp.o
        32          0          0          0          0         68   llshl.o
        38          0          0          0          0         68   llsshr.o
        34          0          0          0          0         68   llushr.o
        36          0          0          0          0         60   memcpya.o
       242          8          0          0          0        168   printf2.o
         0          0          0          4          0          0   stdout.o
        44          0          0          0          0         72   uidiv.o
        40          2          0          0          0         68   cdcmple.o
        40          2          0          0          0         68   cdrcmple.o
        20          0          0          0          0         68   cfcmple.o
        20          0          0          0          0         68   cfrcmple.o
        56          0          0          0          0         68   d2f.o
       360          6          0          0          0        140   dadd.o
       240          6          0          0          0         84   ddiv.o
       236          0          0          0          0        216   depilogue.o
        72         10          0          0          0         72   dfixi.o
        60         10          0          0          0         68   dfixui.o
        40          6          0          0          0         68   dflti.o
        28          4          0          0          0         68   dfltui.o
       208          6          0          0          0         88   dmul.o
        44          0          0          0          0         72   dscalb.o
        40          0          0          0          0         60   f2d.o
       178          0          0          0          0        108   fadd.o
       130          0          0          0          0        144   fepilogue.o
        50          0          0          0          0         60   ffixi.o
        22          0          0          0          0         68   fflti.o
       122          0          0          0          0         72   fmul.o

    ----------------------------------------------------------------------
      3656        152         64          8          0       2848   Library Totals
        12          4          0          0          0          0   (incl. Padding)

    ----------------------------------------------------------------------

      Code (inc. data)   RO Data    RW Data    ZI Data      Debug   Library Name

      1070         66         64          0          0        416   m_ps.l
       568         30          0          8          0        704   mc_p.l
      2006         52          0          0          0       1728   mf_p.l

    ----------------------------------------------------------------------
      3656        152         64          8          0       2848   Library Totals

    ----------------------------------------------------------------------

==============================================================================


      Code (inc. data)   RO Data    RW Data    ZI Data      Debug   

     13480        778        288        264       1600     145302   Grand Totals
     13480        778        288        264       1600     145302   ELF Image Totals
     13480        778        288        264          0          0   ROM Totals

==============================================================================

    Total RO  Size (Code + RO Data)                13768 (  13.45kB)
    Total RW  Size (RW Data + ZI Data)              1864 (   1.82kB)
    Total ROM Size (Code + RO Data + RW Data)      14032 (  13.70kB)

==============================================================================

